<html>
<body>
<pre>
<h1>µVision Build Log</h1>
<h2>Tool Versions:</h2>
IDE-Version: ¦ÌVision V5.30.0.0
Copyright (C) 2020 ARM Ltd and ARM Germany GmbH. All rights reserved.
License Information: Zhang Rein, Fly, LIC=9N0AE-5SNAE-BX6UY-IXUBA-PR17F-GRXI4
 
Tool Versions:
Toolchain:       MDK-ARM Professional  Version: 5.30.0.0
Toolchain Path:  D:\Keil\Core\ARM\ARMCC\Bin
C Compiler:      Armcc.exe V5.06 update 6 (build 750)
Assembler:       Armasm.exe V5.06 update 6 (build 750)
Linker/Locator:  ArmLink.exe V5.06 update 6 (build 750)
Library Manager: ArmAr.exe V5.06 update 6 (build 750)
Hex Converter:   FromElf.exe V5.06 update 6 (build 750)
CPU DLL:         SARMCM3.DLL V5.30.0.0
Dialog DLL:      DCM.DLL V1.17.3.0
Target DLL:      Segger\JL2CM3.dll V2.99.38.0
Dialog DLL:      TCM.DLL V1.42.0.0
 
<h2>Project:</h2>
C:\Users\nicai\OneDrive\Desktop\Git\2024winter_train\Attitude_Algorithm\attitude_algorithm\MDK-ARM\attitude_algorithm.uvprojx
Project File Date:  02/20/2024

<h2>Output:</h2>
*** Using Compiler 'V5.06 update 6 (build 750)', folder: 'D:\Keil\Core\ARM\ARMCC\Bin'
Rebuild target 'attitude_algorithm'
assembling startup_stm32f103xe.s...
compiling stm32f1xx_hal_msp.c...
compiling printf.c...
compiling dma.c...
compiling stm32f1xx_hal_gpio.c...
compiling stm32f1xx_hal_flash.c...
compiling BasicMathFunctions.c...
compiling BayesFunctions.c...
compiling system_stm32f1xx.c...
compiling stm32f1xx_it.c...
compiling FastMathFunctions.c...
compiling ControllerFunctions.c...
compiling ComplexMathFunctions.c...
compiling SVMFunctions.c...
compiling DistanceFunctions.c...
compiling main.c...
compiling stm32f1xx_hal_rcc_ex.c...
compiling gpio.c...
compiling MatrixFunctions.c...
compiling stm32f1xx_hal_cortex.c...
compiling CommonTables.c...
compiling stm32f1xx_hal_exti.c...
compiling StatisticsFunctions.c...
compiling stm32f1xx_hal_tim.c...
compiling stm32f1xx_hal_dma.c...
compiling SupportFunctions.c...
compiling bsp_dwt.c...
compiling stm32f1xx_hal_gpio_ex.c...
compiling stm32f1xx_hal_tim_ex.c...
compiling spi.c...
compiling stm32f1xx_hal.c...
compiling usart.c...
compiling stm32f1xx_hal_pwr.c...
compiling mpu6500.c...
compiling stm32f1xx_hal_rcc.c...
compiling stm32f1xx_hal_flash_ex.c...
compiling mahony.c...
compiling stm32f1xx_hal_spi.c...
compiling stm32f1xx_hal_uart.c...
compiling FilteringFunctions.c...
compiling TransformFunctions.c...
linking...
Program Size: Code=18648 RO-data=928 RW-data=60 ZI-data=1444  
FromELF: creating hex file...
"attitude_algorithm\attitude_algorithm.axf" - 0 Error(s), 0 Warning(s).

<h2>Software Packages used:</h2>

Package Vendor: ARM
                http://www.keil.com/pack/ARM.CMSIS.5.7.0.pack
                ARM.CMSIS.5.7.0
                CMSIS (Cortex Microcontroller Software Interface Standard)
   * Component: CORE Version: 5.4.0
   * Component: DSP Variant: Source Version: 1.8.0

Package Vendor: Keil
                http://www.keil.com/pack/Keil.STM32F1xx_DFP.2.3.0.pack
                Keil.STM32F1xx_DFP.2.3.0
                STMicroelectronics STM32F1 Series Device Support, Drivers and Examples

<h2>Collection of Component include folders:</h2>
  .\RTE\_attitude_algorithm
  D:\Keil\Pack\ARM\CMSIS\5.7.0\CMSIS\Core\Include
  D:\Keil\Pack\ARM\CMSIS\5.7.0\CMSIS\DSP\Include
  D:\Keil\Pack\ARM\CMSIS\5.7.0\CMSIS\DSP\PrivateInclude
  D:\Keil\Pack\Keil\STM32F1xx_DFP\2.3.0\Device\Include

<h2>Collection of Component Files used:</h2>

   * Component: ARM::CMSIS:CORE:5.4.0
      Include file:  CMSIS\Core\Include\tz_context.h

   * Component: ARM::CMSIS:DSP:Source:1.8.0
      Source file:   CMSIS\DSP\Source\BasicMathFunctions\BasicMathFunctions.c
      Source file:   CMSIS\DSP\Source\StatisticsFunctions\StatisticsFunctions.c
      Source file:   CMSIS\DSP\Source\FilteringFunctions\FilteringFunctions.c
      Source file:   CMSIS\DSP\Source\SVMFunctions\SVMFunctions.c
      Include file:  CMSIS\DSP\Include\arm_math.h
      Source file:   CMSIS\DSP\Source\ControllerFunctions\ControllerFunctions.c
      Source file:   CMSIS\DSP\Source\BayesFunctions\BayesFunctions.c
      Source file:   CMSIS\DSP\Source\MatrixFunctions\MatrixFunctions.c
      Source file:   CMSIS\DSP\Source\DistanceFunctions\DistanceFunctions.c
      Source file:   CMSIS\DSP\Source\ComplexMathFunctions\ComplexMathFunctions.c
      Source file:   CMSIS\DSP\Source\CommonTables\CommonTables.c
      Source file:   CMSIS\DSP\Source\SupportFunctions\SupportFunctions.c
      Source file:   CMSIS\DSP\Source\TransformFunctions\TransformFunctions.c
      Source file:   CMSIS\DSP\Source\FastMathFunctions\FastMathFunctions.c
Build Time Elapsed:  00:00:03
</pre>
</body>
</html>
