Component: ARM Compiler 5.06 update 6 (build 750) Tool: armlink [4d35ed]

==============================================================================

Section Cross References

    startup_stm32f103xe.o(STACK) refers (Special) to heapauxi.o(.text) for __use_two_region_memory
    startup_stm32f103xe.o(HEAP) refers (Special) to heapauxi.o(.text) for __use_two_region_memory
    startup_stm32f103xe.o(RESET) refers (Special) to heapauxi.o(.text) for __use_two_region_memory
    startup_stm32f103xe.o(RESET) refers to startup_stm32f103xe.o(STACK) for __initial_sp
    startup_stm32f103xe.o(RESET) refers to startup_stm32f103xe.o(.text) for Reset_Handler
    startup_stm32f103xe.o(RESET) refers to stm32f1xx_it.o(i.NMI_Handler) for NMI_Handler
    startup_stm32f103xe.o(RESET) refers to stm32f1xx_it.o(i.HardFault_Handler) for HardFault_Handler
    startup_stm32f103xe.o(RESET) refers to stm32f1xx_it.o(i.MemManage_Handler) for MemManage_Handler
    startup_stm32f103xe.o(RESET) refers to stm32f1xx_it.o(i.BusFault_Handler) for BusFault_Handler
    startup_stm32f103xe.o(RESET) refers to stm32f1xx_it.o(i.UsageFault_Handler) for UsageFault_Handler
    startup_stm32f103xe.o(RESET) refers to stm32f1xx_it.o(i.SVC_Handler) for SVC_Handler
    startup_stm32f103xe.o(RESET) refers to stm32f1xx_it.o(i.DebugMon_Handler) for DebugMon_Handler
    startup_stm32f103xe.o(RESET) refers to stm32f1xx_it.o(i.PendSV_Handler) for PendSV_Handler
    startup_stm32f103xe.o(RESET) refers to stm32f1xx_it.o(i.SysTick_Handler) for SysTick_Handler
    startup_stm32f103xe.o(RESET) refers to stm32f1xx_it.o(i.DMA1_Channel4_IRQHandler) for DMA1_Channel4_IRQHandler
    startup_stm32f103xe.o(RESET) refers to stm32f1xx_it.o(i.DMA1_Channel5_IRQHandler) for DMA1_Channel5_IRQHandler
    startup_stm32f103xe.o(RESET) refers to stm32f1xx_it.o(i.USART1_IRQHandler) for USART1_IRQHandler
    startup_stm32f103xe.o(.text) refers (Special) to heapauxi.o(.text) for __use_two_region_memory
    startup_stm32f103xe.o(.text) refers to system_stm32f1xx.o(i.SystemInit) for SystemInit
    startup_stm32f103xe.o(.text) refers to __main.o(!!!main) for __main
    startup_stm32f103xe.o(.text) refers to startup_stm32f103xe.o(HEAP) for Heap_Mem
    startup_stm32f103xe.o(.text) refers to startup_stm32f103xe.o(STACK) for Stack_Mem
    printf.o(i.fgetc) refers to stm32f1xx_hal_uart.o(i.HAL_UART_Receive) for HAL_UART_Receive
    printf.o(i.fgetc) refers to usart.o(.bss) for huart1
    printf.o(i.fputc) refers to stm32f1xx_hal_uart.o(i.HAL_UART_Transmit) for HAL_UART_Transmit
    printf.o(i.fputc) refers to usart.o(.bss) for huart1
    main.o(i.SystemClock_Config) refers to rt_memclr_w.o(.text) for __aeabi_memclr4
    main.o(i.SystemClock_Config) refers to stm32f1xx_hal_rcc.o(i.HAL_RCC_OscConfig) for HAL_RCC_OscConfig
    main.o(i.SystemClock_Config) refers to stm32f1xx_hal_rcc.o(i.HAL_RCC_ClockConfig) for HAL_RCC_ClockConfig
    main.o(i.UART_IDLE_Callback) refers to _printf_percent.o(.ARM.Collect$$_printf_percent$$00000000) for _printf_percent
    main.o(i.UART_IDLE_Callback) refers to _printf_c.o(.ARM.Collect$$_printf_percent$$00000013) for _printf_c
    main.o(i.UART_IDLE_Callback) refers to _printf_str.o(.text) for _printf_str
    main.o(i.UART_IDLE_Callback) refers to stm32f1xx_hal_uart.o(i.HAL_UART_DMAStop) for HAL_UART_DMAStop
    main.o(i.UART_IDLE_Callback) refers to stm32f1xx_hal_uart.o(i.HAL_UART_Receive_DMA) for HAL_UART_Receive_DMA
    main.o(i.UART_IDLE_Callback) refers to noretval__2sprintf.o(.text) for __2sprintf
    main.o(i.UART_IDLE_Callback) refers to main.o(.bss) for .bss
    main.o(i.UART_IDLE_Callback) refers to usart.o(.bss) for huart1
    main.o(i.main) refers to _printf_percent.o(.ARM.Collect$$_printf_percent$$00000000) for _printf_percent
    main.o(i.main) refers to _printf_f.o(.ARM.Collect$$_printf_percent$$00000003) for _printf_f
    main.o(i.main) refers to printf1.o(x$fpl$printf1) for _printf_fp_dec
    main.o(i.main) refers to stm32f1xx_hal.o(i.HAL_Init) for HAL_Init
    main.o(i.main) refers to main.o(i.SystemClock_Config) for SystemClock_Config
    main.o(i.main) refers to gpio.o(i.MX_GPIO_Init) for MX_GPIO_Init
    main.o(i.main) refers to dma.o(i.MX_DMA_Init) for MX_DMA_Init
    main.o(i.main) refers to spi.o(i.MX_SPI1_Init) for MX_SPI1_Init
    main.o(i.main) refers to usart.o(i.MX_USART1_UART_Init) for MX_USART1_UART_Init
    main.o(i.main) refers to stm32f1xx_hal_uart.o(i.HAL_UART_Receive_DMA) for HAL_UART_Receive_DMA
    main.o(i.main) refers to mpu6500.o(i.mpu6500_init) for mpu6500_init
    main.o(i.main) refers to mpu6500.o(i.Get_MPU6500_Data) for Get_MPU6500_Data
    main.o(i.main) refers to f2d.o(x$fpl$f2d) for __aeabi_f2d
    main.o(i.main) refers to noretval__2printf.o(.text) for __2printf
    main.o(i.main) refers to stm32f1xx_hal.o(i.HAL_Delay) for HAL_Delay
    main.o(i.main) refers to usart.o(.bss) for huart1
    main.o(i.main) refers to main.o(.bss) for .bss
    main.o(i.main) refers to mpu6500.o(.bss) for mpu_data
[...]
    .text                                    0x08000e4c   Section        0  hguard.o(.text)
    .text                                    0x08000e50   Section        0  init_alloc.o(.text)
    .text                                    0x08000eda   Section        0  h1_alloc.o(.text)
    .text                                    0x08000f38   Section        0  fseek.o(.text)
    .text                                    0x08001030   Section        0  stdio.o(.text)
    .text                                    0x08001120   Section        0  defsig_exit.o(.text)
    .text                                    0x0800112c   Section        0  defsig_rtred_inner.o(.text)
    .text                                    0x08001160   Section        0  strlen.o(.text)
    .text                                    0x080011a0   Section        0  sys_exit.o(.text)
    .text                                    0x080011ac   Section        0  h1_init.o(.text)
    .text                                    0x080011ba   Section        0  h1_extend.o(.text)
    .text                                    0x080011ee   Section        0  ftell.o(.text)
    .text                                    0x08001230   Section        0  defsig_general.o(.text)
    .text                                    0x08001262   Section        0  defsig_rtmem_outer.o(.text)
    .text                                    0x08001270   Section        0  sys_wrch.o(.text)
    .text                                    0x08001280   Section        8  rt_errno_addr_intlibspace.o(.text)
    .text                                    0x08001288   Section        0  defsig_rtmem_inner.o(.text)
    CL$$btod_d2e                             0x080012d8   Section       62  btod.o(CL$$btod_d2e)
    CL$$btod_d2e_denorm_low                  0x08001316   Section       70  btod.o(CL$$btod_d2e_denorm_low)
    CL$$btod_d2e_norm_op1                    0x0800135c   Section       96  btod.o(CL$$btod_d2e_norm_op1)
    CL$$btod_div_common                      0x080013bc   Section      824  btod.o(CL$$btod_div_common)
    CL$$btod_e2e                             0x080016f4   Section      220  btod.o(CL$$btod_e2e)
    CL$$btod_ediv                            0x080017d0   Section       42  btod.o(CL$$btod_ediv)
    CL$$btod_emul                            0x080017fa   Section       42  btod.o(CL$$btod_emul)
    CL$$btod_mult_common                     0x08001824   Section      580  btod.o(CL$$btod_mult_common)
    i.BusFault_Handler                       0x08001a68   Section        0  stm32f1xx_it.o(i.BusFault_Handler)
    i.DMA1_Channel4_IRQHandler               0x08001a6c   Section        0  stm32f1xx_it.o(i.DMA1_Channel4_IRQHandler)
    i.DMA1_Channel5_IRQHandler               0x08001a78   Section        0  stm32f1xx_it.o(i.DMA1_Channel5_IRQHandler)
    i.DMA_SetConfig                          0x08001a84   Section        0  stm32f1xx_hal_dma.o(i.DMA_SetConfig)
    DMA_SetConfig                            0x08001a85   Thumb Code    42  stm32f1xx_hal_dma.o(i.DMA_SetConfig)
    i.DebugMon_Handler                       0x08001aae   Section        0  stm32f1xx_it.o(i.DebugMon_Handler)
    i.Error_Handler                          0x08001ab0   Section        0  main.o(i.Error_Handler)
    i.Get_16Bit_Data                         0x08001ab4   Section        0  mpu6500.o(i.Get_16Bit_Data)
    i.Get_MPU6500_Data                       0x08001ae0   Section        0  mpu6500.o(i.Get_MPU6500_Data)
    i.HAL_DMA_Abort                          0x08001c7c   Section        0  stm32f1xx_hal_dma.o(i.HAL_DMA_Abort)
    i.HAL_DMA_Abort_IT                       0x08001cc4   Section        0  stm32f1xx_hal_dma.o(i.HAL_DMA_Abort_IT)
    i.HAL_DMA_IRQHandler                     0x08001df4   Section        0  stm32f1xx_hal_dma.o(i.HAL_DMA_IRQHandler)
    i.HAL_DMA_Init                           0x0800203c   Section        0  stm32f1xx_hal_dma.o(i.HAL_DMA_Init)
    i.HAL_DMA_Start_IT                       0x080020b8   Section        0  stm32f1xx_hal_dma.o(i.HAL_DMA_Start_IT)
    i.HAL_Delay                              0x08002128   Section        0  stm32f1xx_hal.o(i.HAL_Delay)
    i.HAL_GPIO_Init                          0x0800214c   Section        0  stm32f1xx_hal_gpio.o(i.HAL_GPIO_Init)
    i.HAL_GPIO_WritePin                      0x08002344   Section        0  stm32f1xx_hal_gpio.o(i.HAL_GPIO_WritePin)
    i.HAL_GetTick                            0x08002350   Section        0  stm32f1xx_hal.o(i.HAL_GetTick)
    i.HAL_IncTick                            0x0800235c   Section        0  stm32f1xx_hal.o(i.HAL_IncTick)
    i.HAL_Init                               0x0800236c   Section        0  stm32f1xx_hal.o(i.HAL_Init)
    i.HAL_InitTick                           0x08002390   Section        0  stm32f1xx_hal.o(i.HAL_InitTick)
    i.HAL_MspInit                            0x080023d0   Section        0  stm32f1xx_hal_msp.o(i.HAL_MspInit)
    i.HAL_NVIC_EnableIRQ                     0x0800240c   Section        0  stm32f1xx_hal_cortex.o(i.HAL_NVIC_EnableIRQ)
    i.HAL_NVIC_SetPriority                   0x08002428   Section        0  stm32f1xx_hal_cortex.o(i.HAL_NVIC_SetPriority)
    i.HAL_NVIC_SetPriorityGrouping           0x08002468   Section        0  stm32f1xx_hal_cortex.o(i.HAL_NVIC_SetPriorityGrouping)
    i.HAL_RCC_ClockConfig                    0x0800248c   Section        0  stm32f1xx_hal_rcc.o(i.HAL_RCC_ClockConfig)
    i.HAL_RCC_GetPCLK1Freq                   0x080025b8   Section        0  stm32f1xx_hal_rcc.o(i.HAL_RCC_GetPCLK1Freq)
    i.HAL_RCC_GetPCLK2Freq                   0x080025d8   Section        0  stm32f1xx_hal_rcc.o(i.HAL_RCC_GetPCLK2Freq)
    i.HAL_RCC_GetSysClockFreq                0x080025f8   Section        0  stm32f1xx_hal_rcc.o(i.HAL_RCC_GetSysClockFreq)
    i.HAL_RCC_OscConfig                      0x08002644   Section        0  stm32f1xx_hal_rcc.o(i.HAL_RCC_OscConfig)
    i.HAL_SPI_Init                           0x08002964   Section        0  stm32f1xx_hal_spi.o(i.HAL_SPI_Init)
    i.HAL_SPI_MspInit                        0x08002a18   Section        0  spi.o(i.HAL_SPI_MspInit)
    i.HAL_SPI_TransmitReceive                0x08002a88   Section        0  stm32f1xx_hal_spi.o(i.HAL_SPI_TransmitReceive)
    i.HAL_SYSTICK_Config                     0x08002c76   Section        0  stm32f1xx_hal_cortex.o(i.HAL_SYSTICK_Config)
    i.HAL_UARTEx_RxEventCallback             0x08002c9e   Section        0  stm32f1xx_hal_uart.o(i.HAL_UARTEx_RxEventCallback)
    i.HAL_UART_ErrorCallback                 0x08002ca0   Section        0  stm32f1xx_hal_uart.o(i.HAL_UART_ErrorCallback)
    i.HAL_UART_IRQHandler                    0x08002ca4   Section        0  stm32f1xx_hal_uart.o(i.HAL_UART_IRQHandler)
    i.HAL_UART_Init                          0x08002f10   Section        0  stm32f1xx_hal_uart.o(i.HAL_UART_Init)
    i.HAL_UART_MspInit                       0x08002f74   Section        0  usart.o(i.HAL_UART_MspInit)
    i.HAL_UART_Receive_DMA                   0x08003058   Section        0  stm32f1xx_hal_uart.o(i.HAL_UART_Receive_DMA)
    i.HAL_UART_RxCpltCallback                0x08003074   Section        0  stm32f1xx_hal_uart.o(i.HAL_UART_RxCpltCallback)
    i.HAL_UART_RxHalfCpltCallback            0x08003076   Section        0  stm32f1xx_hal_uart.o(i.HAL_UART_RxHalfCpltCallback)
    i.HAL_UART_Transmit                      0x08003078   Section        0  stm32f1xx_hal_uart.o(i.HAL_UART_Transmit)
    i.HAL_UART_TxCpltCallback                0x08003112   Section        0  stm32f1xx_hal_uart.o(i.HAL_UART_TxCpltCallback)
    i.HardFault_Handler                      0x08003114   Section        0  stm32f1xx_it.o(i.HardFault_Handler)
    i.MX_DMA_Init                            0x08003118   Section        0  dma.o(i.MX_DMA_Init)
    i.MX_GPIO_Init                           0x08003154   Section        0  gpio.o(i.MX_GPIO_Init)
    i.MX_SPI1_Init                           0x080031c4   Section        0  spi.o(i.MX_SPI1_Init)
    i.MX_USART1_UART_Init                    0x0800320c   Section        0  usart.o(i.MX_USART1_UART_Init)
    i.MemManage_Handler                      0x08003244   Section        0  stm32f1xx_it.o(i.MemManage_Handler)
    i.NMI_Handler                            0x08003246   Section        0  stm32f1xx_it.o(i.NMI_Handler)
    i.PendSV_Handler                         0x08003248   Section        0  stm32f1xx_it.o(i.PendSV_Handler)
    i.SPI_EndRxTxTransaction                 0x0800324a   Section        0  stm32f1xx_hal_spi.o(i.SPI_EndRxTxTransaction)
    SPI_EndRxTxTransaction                   0x0800324b   Thumb Code    32  stm32f1xx_hal_spi.o(i.SPI_EndRxTxTransaction)
    i.SPI_WaitFlagStateUntilTimeout          0x0800326c   Section        0  stm32f1xx_hal_spi.o(i.SPI_WaitFlagStateUntilTimeout)
    SPI_WaitFlagStateUntilTimeout            0x0800326d   Thumb Code   180  stm32f1xx_hal_spi.o(i.SPI_WaitFlagStateUntilTimeout)
    i.SVC_Handler                            0x08003324   Section        0  stm32f1xx_it.o(i.SVC_Handler)
    i.SysTick_Handler                        0x08003326   Section        0  stm32f1xx_it.o(i.SysTick_Handler)
    i.SystemClock_Config                     0x0800332a   Section        0  main.o(i.SystemClock_Config)
    i.SystemInit                             0x08003388   Section        0  system_stm32f1xx.o(i.SystemInit)
    i.UART_DMAAbortOnError                   0x0800338a   Section        0  stm32f1xx_hal_uart.o(i.UART_DMAAbortOnError)
    UART_DMAAbortOnError                     0x0800338b   Thumb Code    16  stm32f1xx_hal_uart.o(i.UART_DMAAbortOnError)
    i.UART_DMAError                          0x0800339a   Section        0  stm32f1xx_hal_uart.o(i.UART_DMAError)
    UART_DMAError                            0x0800339b   Thumb Code    74  stm32f1xx_hal_uart.o(i.UART_DMAError)
    i.UART_DMAReceiveCplt                    0x080033e4   Section        0  stm32f1xx_hal_uart.o(i.UART_DMAReceiveCplt)
    UART_DMAReceiveCplt                      0x080033e5   Thumb Code   134  stm32f1xx_hal_uart.o(i.UART_DMAReceiveCplt)
    i.UART_DMARxHalfCplt                     0x0800346a   Section        0  stm32f1xx_hal_uart.o(i.UART_DMARxHalfCplt)
    UART_DMARxHalfCplt                       0x0800346b   Thumb Code    30  stm32f1xx_hal_uart.o(i.UART_DMARxHalfCplt)
    i.UART_EndRxTransfer                     0x08003488   Section        0  stm32f1xx_hal_uart.o(i.UART_EndRxTransfer)
    UART_EndRxTransfer                       0x08003489   Thumb Code    78  stm32f1xx_hal_uart.o(i.UART_EndRxTransfer)
    i.UART_EndTxTransfer                     0x080034d6   Section        0  stm32f1xx_hal_uart.o(i.UART_EndTxTransfer)
    UART_EndTxTransfer                       0x080034d7   Thumb Code    28  stm32f1xx_hal_uart.o(i.UART_EndTxTransfer)
    i.UART_Receive_IT                        0x080034f2   Section        0  stm32f1xx_hal_uart.o(i.UART_Receive_IT)
    UART_Receive_IT                          0x080034f3   Thumb Code   194  stm32f1xx_hal_uart.o(i.UART_Receive_IT)
    i.UART_SetConfig                         0x080035b4   Section        0  stm32f1xx_hal_uart.o(i.UART_SetConfig)
    UART_SetConfig                           0x080035b5   Thumb Code   178  stm32f1xx_hal_uart.o(i.UART_SetConfig)
    i.UART_Start_Receive_DMA                 0x0800366c   Section        0  stm32f1xx_hal_uart.o(i.UART_Start_Receive_DMA)
    i.UART_WaitOnFlagUntilTimeout            0x080036fc   Section        0  stm32f1xx_hal_uart.o(i.UART_WaitOnFlagUntilTimeout)
    UART_WaitOnFlagUntilTimeout              0x080036fd   Thumb Code   120  stm32f1xx_hal_uart.o(i.UART_WaitOnFlagUntilTimeout)
    i.USART1_IRQHandler                      0x08003774   Section        0  stm32f1xx_it.o(i.USART1_IRQHandler)
    i.UsageFault_Handler                     0x08003780   Section        0  stm32f1xx_it.o(i.UsageFault_Handler)
    i.__ARM_fpclassify                       0x08003782   Section        0  fpclassify.o(i.__ARM_fpclassify)
    i.__NVIC_SetPriority                     0x080037aa   Section        0  stm32f1xx_hal_cortex.o(i.__NVIC_SetPriority)
    __NVIC_SetPriority                       0x080037ab   Thumb Code    32  stm32f1xx_hal_cortex.o(i.__NVIC_SetPriority)
    i.fputc                                  0x080037cc   Section        0  printf.o(i.fputc)
    i.main                                   0x080037e4   Section        0  main.o(i.main)
    i.mpu6500_init                           0x08003868   Section        0  mpu6500.o(i.mpu6500_init)
    i.mpu_read_byte                          0x080038b8   Section        0  mpu6500.o(i.mpu_read_byte)
    i.mpu_write_byte                         0x08003908   Section        0  mpu6500.o(i.mpu_write_byte)
    locale$$code                             0x0800395c   Section       44  lc_numeric_c.o(locale$$code)
    x$fpl$d2f                                0x08003988   Section       98  d2f.o(x$fpl$d2f)
    x$fpl$dadd                               0x080039ec   Section      336  daddsub_clz.o(x$fpl$dadd)
    _dadd1                                   0x080039fd   Thumb Code     0  daddsub_clz.o(x$fpl$dadd)
    x$fpl$dcheck1                            0x08003b3c   Section       16  dcheck1.o(x$fpl$dcheck1)
    x$fpl$dmul                               0x08003b4c   Section      340  dmul.o(x$fpl$dmul)
    x$fpl$dnaninf                            0x08003ca0   Section      156  dnaninf.o(x$fpl$dnaninf)
    x$fpl$dretinf                            0x08003d3c   Section       12  dretinf.o(x$fpl$dretinf)
    x$fpl$dsub                               0x08003d48   Section      468  daddsub_clz.o(x$fpl$dsub)
    _dsub1                                   0x08003d59   Thumb Code     0  daddsub_clz.o(x$fpl$dsub)
    x$fpl$f2d                                0x08003f1c   Section       86  f2d.o(x$fpl$f2d)
    x$fpl$fadd                               0x08003f74   Section      196  faddsub_clz.o(x$fpl$fadd)
    _fadd1                                   0x08003f83   Thumb Code     0  faddsub_clz.o(x$fpl$fadd)
    x$fpl$fcheck1                            0x08004038   Section       12  fcheck1.o(x$fpl$fcheck1)
    x$fpl$fdiv                               0x08004044   Section      388  fdiv.o(x$fpl$fdiv)
    _fdiv1                                   0x08004045   Thumb Code     0  fdiv.o(x$fpl$fdiv)
    x$fpl$fflt                               0x080041c8   Section       48  fflt_clz.o(x$fpl$fflt)
    x$fpl$fmul                               0x080041f8   Section      258  fmul.o(x$fpl$fmul)
    x$fpl$fnaninf                            0x080042fa   Section      140  fnaninf.o(x$fpl$fnaninf)
    x$fpl$fretinf                            0x08004386   Section       10  fretinf.o(x$fpl$fretinf)
    x$fpl$fsub                               0x08004390   Section      234  faddsub_clz.o(x$fpl$fsub)
    _fsub1                                   0x0800439f   Thumb Code     0  faddsub_clz.o(x$fpl$fsub)
    x$fpl$printf1                            0x0800447a   Section        4  printf1.o(x$fpl$printf1)
    x$fpl$retnan                             0x0800447e   Section      100  retnan.o(x$fpl$retnan)
    x$fpl$scalbn                             0x080044e2   Section       92  scalbn.o(x$fpl$scalbn)
    x$fpl$scalbnf                            0x0800453e   Section       76  scalbnf.o(x$fpl$scalbnf)
    x$fpl$trapveneer                         0x0800458a   Section       48  trapv.o(x$fpl$trapveneer)
    .constdata                               0x080045ba   Section       18  stm32f1xx_hal_rcc.o(.constdata)
    x$fpl$usenofp                            0x080045ba   Section        0  usenofp.o(x$fpl$usenofp)
    aPredivFactorTable                       0x080045ba   Data           2  stm32f1xx_hal_rcc.o(.constdata)
    aPLLMULFactorTable                       0x080045bc   Data          16  stm32f1xx_hal_rcc.o(.constdata)
    .constdata                               0x080045cc   Section       16  system_stm32f1xx.o(.constdata)
    .constdata                               0x080045dc   Section        8  system_stm32f1xx.o(.constdata)
    .constdata                               0x080045e4   Section       20  mpu6500.o(.constdata)
    .constdata                               0x080045f8   Section      148  bigflt0.o(.constdata)
    tenpwrs_x                                0x080045f8   Data          60  bigflt0.o(.constdata)
    tenpwrs_i                                0x08004634   Data          64  bigflt0.o(.constdata)
    .constdata                               0x0800468c   Section        4  sys_io.o(.constdata)
    .constdata                               0x08004690   Section        4  sys_io.o(.constdata)
    .constdata                               0x08004694   Section        4  sys_io.o(.constdata)
    locale$$data                             0x080046b8   Section       28  lc_numeric_c.o(locale$$data)
    __lcnum_c_name                           0x080046bc   Data           2  lc_numeric_c.o(locale$$data)
    __lcnum_c_start                          0x080046c4   Data           0  lc_numeric_c.o(locale$$data)
    __lcnum_c_point                          0x080046d0   Data           0  lc_numeric_c.o(locale$$data)
    __lcnum_c_thousands                      0x080046d2   Data           0  lc_numeric_c.o(locale$$data)
    __lcnum_c_grouping                       0x080046d3   Data           0  lc_numeric_c.o(locale$$data)
    __lcnum_c_end                            0x080046d4   Data           0  lc_numeric_c.o(locale$$data)
    .data                                    0x20000000   Section       12  stm32f1xx_hal.o(.data)
    .data                                    0x2000000c   Section        4  system_stm32f1xx.o(.data)
    .data                                    0x20000010   Section        8  mpu6500.o(.data)
    buf                                      0x20000013   Data           2  mpu6500.o(.data)
    data                                     0x20000016   Data           2  mpu6500.o(.data)
    .data                                    0x20000018   Section        4  stdio_streams.o(.data)
    .data                                    0x2000001c   Section        4  stdio_streams.o(.data)
    .data                                    0x20000020   Section        4  stdio_streams.o(.data)
    .bss                                     0x20000024   Section      121  main.o(.bss)
    .bss                                     0x200000a0   Section       88  spi.o(.bss)
    .bss                                     0x200000f8   Section      208  usart.o(.bss)
    .bss                                     0x200001c8   Section       28  mpu6500.o(.bss)
    .bss                                     0x200001e4   Section       84  stdio_streams.o(.bss)
    .bss                                     0x20000238   Section       84  stdio_streams.o(.bss)
    .bss                                     0x2000028c   Section       84  stdio_streams.o(.bss)
    .bss                                     0x200002e0   Section       96  libspace.o(.bss)
    HEAP                                     0x20000340   Section      512  startup_stm32f103xe.o(HEAP)
    Heap_Mem                                 0x20000340   Data         512  startup_stm32f103xe.o(HEAP)
    STACK                                    0x20000540   Section     1024  startup_stm32f103xe.o(STACK)
    Stack_Mem                                0x20000540   Data        1024  startup_stm32f103xe.o(STACK)
    __initial_sp                             0x20000940   Data           0  startup_stm32f103xe.o(STACK)

    Global Symbols

    Symbol Name                              Value     Ov Type        Size  Object(Section)

    BuildAttributes$$THM_ISAv4$P$D$K$B$S$PE$A:L22UL41UL21$X:L11$S22US41US21$IEEE1$IW$USESV6$~STKCKD$USESV7$~SHL$OTIME$ROPI$IEEEJ$EBA8$UX$STANDARDLIB$REQ8$PRES8$EABIv2 0x00000000   Number         0  anon$$obj.o ABSOLUTE
    __ARM_use_no_argv                        0x00000000   Number         0  main.o ABSOLUTE
    __ARM_exceptions_init                     - Undefined Weak Reference
    __alloca_initialize                       - Undefined Weak Reference
    __arm_preinit_                            - Undefined Weak Reference
    __cpp_initialize__aeabi_                  - Undefined Weak Reference
    __cxa_finalize                            - Undefined Weak Reference
    __sigvec_lookup                           - Undefined Weak Reference
    __user_heap_extent                        - Undefined Weak Reference
    _atexit_init                              - Undefined Weak Reference
    _call_atexit_fns                          - Undefined Weak Reference
    _clock_init                               - Undefined Weak Reference
    _fp_trap_init                             - Undefined Weak Reference
    _fp_trap_shutdown                         - Undefined Weak Reference
    _get_lc_collate                           - Undefined Weak Reference
    _get_lc_ctype                             - Undefined Weak Reference
    _get_lc_monetary                          - Undefined Weak Reference
    _get_lc_time                              - Undefined Weak Reference
    _getenv_init                              - Undefined Weak Reference
    _handle_redirection                       - Undefined Weak Reference
    _mutex_acquire                            - Undefined Weak Reference
    _mutex_free                               - Undefined Weak Reference
    _mutex_release                            - Undefined Weak Reference
    _printf_mbtowc                            - Undefined Weak Reference
    _printf_post_padding                      - Undefined Weak Reference
    _printf_pre_padding                       - Undefined Weak Reference
    _rand_init                                - Undefined Weak Reference
    _signal_finish                            - Undefined Weak Reference
    _signal_init                              - Undefined Weak Reference
    __Vectors_Size                           0x00000130   Number         0  startup_stm32f103xe.o ABSOLUTE
    __Vectors                                0x08000000   Data           4  startup_stm32f103xe.o(RESET)
    __Vectors_End                            0x08000130   Data           0  startup_stm32f103xe.o(RESET)
    __main                                   0x08000131   Thumb Code     8  __main.o(!!!main)
    __scatterload                            0x08000139   Thumb Code     0  __scatter.o(!!!scatter)
    __scatterload_rt2                        0x08000139   Thumb Code    44  __scatter.o(!!!scatter)
    __scatterload_rt2_thumb_only             0x08000139   Thumb Code     0  __scatter.o(!!!scatter)
    __scatterload_null                       0x08000147   Thumb Code     0  __scatter.o(!!!scatter)
    __scatterload_copy                       0x0800016d   Thumb Code    26  __scatter_copy.o(!!handler_copy)
    __scatterload_zeroinit                   0x08000189   Thumb Code    28  __scatter_zi.o(!!handler_zi)
    _printf_f                                0x080001a5   Thumb Code     0  _printf_f.o(.ARM.Collect$$_printf_percent$$00000003)
    _printf_percent                          0x080001a5   Thumb Code     0  _printf_percent.o(.ARM.Collect$$_printf_percent$$00000000)
    _printf_percent_end                      0x080001ab   Thumb Code     0  _printf_percent_end.o(.ARM.Collect$$_printf_percent$$00000017)
    __rt_lib_init                            0x080001af   Thumb Code     0  libinit.o(.ARM.Collect$$libinit$$00000000)
    __rt_lib_init_fp_1                       0x080001b1   Thumb Code     0  libinit2.o(.ARM.Collect$$libinit$$00000002)
    __rt_lib_init_heap_2                     0x080001b1   Thumb Code     0  libinit2.o(.ARM.Collect$$libinit$$00000005)
    __rt_lib_init_preinit_1                  0x080001b1   Thumb Code     0  libinit2.o(.ARM.Collect$$libinit$$00000004)
    __rt_lib_init_heap_1                     0x080001b9   Thumb Code     0  libinit2.o(.ARM.Collect$$libinit$$0000000A)
    __rt_lib_init_lc_common                  0x080001b9   Thumb Code     0  libinit2.o(.ARM.Collect$$libinit$$0000000F)
    __rt_lib_init_rand_1                     0x080001b9   Thumb Code     0  libinit2.o(.ARM.Collect$$libinit$$0000000E)
    __rt_lib_init_user_alloc_1               0x080001b9   Thumb Code     0  libinit2.o(.ARM.Collect$$libinit$$0000000C)
    __rt_lib_init_lc_collate_1               0x080001bf   Thumb Code     0  libinit2.o(.ARM.Collect$$libinit$$00000011)
    __rt_lib_init_lc_ctype_1                 0x080001bf   Thumb Code     0  libinit2.o(.ARM.Collect$$libinit$$00000013)
    __rt_lib_init_lc_monetary_1              0x080001bf   Thumb Code     0  libinit2.o(.ARM.Collect$$libinit$$00000015)
    __rt_lib_init_lc_numeric_2               0x080001bf   Thumb Code     0  libinit2.o(.ARM.Collect$$libinit$$00000016)
    __rt_lib_init_atexit_1                   0x080001c9   Thumb Code     0  libinit2.o(.ARM.Collect$$libinit$$0000001B)
    __rt_lib_init_clock_1                    0x080001c9   Thumb Code     0  libinit2.o(.ARM.Collect$$libinit$$00000021)
    __rt_lib_init_fp_trap_1                  0x080001c9   Thumb Code     0  libinit2.o(.ARM.Collect$$libinit$$0000001F)
    __rt_lib_init_getenv_1                   0x080001c9   Thumb Code     0  libinit2.o(.ARM.Collect$$libinit$$00000023)
    __rt_lib_init_lc_numeric_1               0x080001c9   Thumb Code     0  libinit2.o(.ARM.Collect$$libinit$$00000017)
    __rt_lib_init_lc_time_1                  0x080001c9   Thumb Code     0  libinit2.o(.ARM.Collect$$libinit$$00000019)
    __rt_lib_init_signal_1                   0x080001c9   Thumb Code     0  libinit2.o(.ARM.Collect$$libinit$$0000001D)
    __rt_lib_init_stdio_2                    0x080001c9   Thumb Code     0  libinit2.o(.ARM.Collect$$libinit$$00000024)
    __rt_lib_init_alloca_1                   0x080001cd   Thumb Code     0  libinit2.o(.ARM.Collect$$libinit$$0000002E)
    __rt_lib_init_argv_1                     0x080001cd   Thumb Code     0  libinit2.o(.ARM.Collect$$libinit$$0000002C)
    __rt_lib_init_cpp_1                      0x080001cd   Thumb Code     0  libinit2.o(.ARM.Collect$$libinit$$00000032)
    __rt_lib_init_exceptions_1               0x080001cd   Thumb Code     0  libinit2.o(.ARM.Collect$$libinit$$00000030)
    __rt_lib_init_return                     0x080001cd   Thumb Code     0  libinit2.o(.ARM.Collect$$libinit$$00000033)
    __rt_lib_init_stdio_1                    0x080001cd   Thumb Code     0  libinit2.o(.ARM.Collect$$libinit$$00000025)
    __rt_lib_shutdown                        0x080001cf   Thumb Code     0  libshutdown.o(.ARM.Collect$$libshutdown$$00000000)
    __rt_lib_shutdown_cpp_1                  0x080001d1   Thumb Code     0  libshutdown2.o(.ARM.Collect$$libshutdown$$00000002)
    __rt_lib_shutdown_stdio_2                0x080001d1   Thumb Code     0  libshutdown2.o(.ARM.Collect$$libshutdown$$00000003)
    __rt_lib_shutdown_fp_trap_1              0x080001d5   Thumb Code     0  libshutdown2.o(.ARM.Collect$$libshutdown$$00000007)
    __rt_lib_shutdown_heap_1                 0x080001d5   Thumb Code     0  libshutdown2.o(.ARM.Collect$$libshutdown$$0000000F)
    __rt_lib_shutdown_return                 0x080001d5   Thumb Code     0  libshutdown2.o(.ARM.Collect$$libshutdown$$00000010)
    __rt_lib_shutdown_signal_1               0x080001d5   Thumb Code     0  libshutdown2.o(.ARM.Collect$$libshutdown$$0000000A)
    __rt_lib_shutdown_stdio_1                0x080001d5   Thumb Code     0  libshutdown2.o(.ARM.Collect$$libshutdown$$00000004)
    __rt_lib_shutdown_user_alloc_1           0x080001d5   Thumb Code     0  libshutdown2.o(.ARM.Collect$$libshutdown$$0000000C)
    __rt_entry                               0x080001d7   Thumb Code     0  __rtentry.o(.ARM.Collect$$rtentry$$00000000)
    __rt_entry_presh_1                       0x080001d7   Thumb Code     0  __rtentry2.o(.ARM.Collect$$rtentry$$00000002)
    __rt_entry_sh                            0x080001d7   Thumb Code     0  __rtentry4.o(.ARM.Collect$$rtentry$$00000004)
    __rt_entry_li                            0x080001dd   Thumb Code     0  __rtentry2.o(.ARM.Collect$$rtentry$$0000000A)
    __rt_entry_postsh_1                      0x080001dd   Thumb Code     0  __rtentry2.o(.ARM.Collect$$rtentry$$00000009)
    __rt_entry_main                          0x080001e1   Thumb Code     0  __rtentry2.o(.ARM.Collect$$rtentry$$0000000D)
    __rt_entry_postli_1                      0x080001e1   Thumb Code     0  __rtentry2.o(.ARM.Collect$$rtentry$$0000000C)
    __rt_exit                                0x080001e9   Thumb Code     0  rtexit.o(.ARM.Collect$$rtexit$$00000000)
    __rt_exit_ls                             0x080001eb   Thumb Code     0  rtexit2.o(.ARM.Collect$$rtexit$$00000003)
    __rt_exit_prels_1                        0x080001eb   Thumb Code     0  rtexit2.o(.ARM.Collect$$rtexit$$00000002)
    __rt_exit_exit                           0x080001ef   Thumb Code     0  rtexit2.o(.ARM.Collect$$rtexit$$00000004)
    Reset_Handler                            0x080001f5   Thumb Code     8  startup_stm32f103xe.o(.text)
    _maybe_terminate_alloc                   0x080001f5   Thumb Code     0  maybetermalloc1.o(.emb_text)
    ADC1_2_IRQHandler                        0x0800020f   Thumb Code     0  startup_stm32f103xe.o(.text)
    ADC3_IRQHandler                          0x0800020f   Thumb Code     0  startup_stm32f103xe.o(.text)
    CAN1_RX1_IRQHandler                      0x0800020f   Thumb Code     0  startup_stm32f103xe.o(.text)
    CAN1_SCE_IRQHandler                      0x0800020f   Thumb Code     0  startup_stm32f103xe.o(.text)
    DMA1_Channel1_IRQHandler                 0x0800020f   Thumb Code     0  startup_stm32f103xe.o(.text)
    DMA1_Channel2_IRQHandler                 0x0800020f   Thumb Code     0  startup_stm32f103xe.o(.text)
    DMA1_Channel3_IRQHandler                 0x0800020f   Thumb Code     0  startup_stm32f103xe.o(.text)
    DMA1_Channel6_IRQHandler                 0x0800020f   Thumb Code     0  startup_stm32f103xe.o(.text)
    DMA1_Channel7_IRQHandler                 0x0800020f   Thumb Code     0  startup_stm32f103xe.o(.text)
    DMA2_Channel1_IRQHandler                 0x0800020f   Thumb Code     0  startup_stm32f103xe.o(.text)
    DMA2_Channel2_IRQHandler                 0x0800020f   Thumb Code     0  startup_stm32f103xe.o(.text)
    DMA2_Channel3_IRQHandler                 0x0800020f   Thumb Code     0  startup_stm32f103xe.o(.text)
    DMA2_Channel4_5_IRQHandler               0x0800020f   Thumb Code     0  startup_stm32f103xe.o(.text)
    EXTI0_IRQHandler                         0x0800020f   Thumb Code     0  startup_stm32f103xe.o(.text)
    EXTI15_10_IRQHandler                     0x0800020f   Thumb Code     0  startup_stm32f103xe.o(.text)
    EXTI1_IRQHandler                         0x0800020f   Thumb Code     0  startup_stm32f103xe.o(.text)
    EXTI2_IRQHandler                         0x0800020f   Thumb Code     0  startup_stm32f103xe.o(.text)
    EXTI3_IRQHandler                         0x0800020f   Thumb Code     0  startup_stm32f103xe.o(.text)
    EXTI4_IRQHandler                         0x0800020f   Thumb Code     0  startup_stm32f103xe.o(.text)
    EXTI9_5_IRQHandler                       0x0800020f   Thumb Code     0  startup_stm32f103xe.o(.text)
    FLASH_IRQHandler                         0x0800020f   Thumb Code     0  startup_stm32f103xe.o(.text)
    FSMC_IRQHandler                          0x0800020f   Thumb Code     0  startup_stm32f103xe.o(.text)
    I2C1_ER_IRQHandler                       0x0800020f   Thumb Code     0  startup_stm32f103xe.o(.text)
    I2C1_EV_IRQHandler                       0x0800020f   Thumb Code     0  startup_stm32f103xe.o(.text)
    I2C2_ER_IRQHandler                       0x0800020f   Thumb Code     0  startup_stm32f103xe.o(.text)
    I2C2_EV_IRQHandler                       0x0800020f   Thumb Code     0  startup_stm32f103xe.o(.text)
    PVD_IRQHandler                           0x0800020f   Thumb Code     0  startup_stm32f103xe.o(.text)
    RCC_IRQHandler                           0x0800020f   Thumb Code     0  startup_stm32f103xe.o(.text)
    RTC_Alarm_IRQHandler                     0x0800020f   Thumb Code     0  startup_stm32f103xe.o(.text)
    RTC_IRQHandler                           0x0800020f   Thumb Code     0  startup_stm32f103xe.o(.text)
    SDIO_IRQHandler                          0x0800020f   Thumb Code     0  startup_stm32f103xe.o(.text)
    SPI1_IRQHandler                          0x0800020f   Thumb Code     0  startup_stm32f103xe.o(.text)
    SPI2_IRQHandler                          0x0800020f   Thumb Code     0  startup_stm32f103xe.o(.text)
    SPI3_IRQHandler                          0x0800020f   Thumb Code     0  startup_stm32f103xe.o(.text)
    TAMPER_IRQHandler                        0x0800020f   Thumb Code     0  startup_stm32f103xe.o(.text)
    TIM1_BRK_IRQHandler                      0x0800020f   Thumb Code     0  startup_stm32f103xe.o(.text)
    TIM1_CC_IRQHandler                       0x0800020f   Thumb Code     0  startup_stm32f103xe.o(.text)
    TIM1_TRG_COM_IRQHandler                  0x0800020f   Thumb Code     0  startup_stm32f103xe.o(.text)
    TIM1_UP_IRQHandler                       0x0800020f   Thumb Code     0  startup_stm32f103xe.o(.text)
    TIM2_IRQHandler                          0x0800020f   Thumb Code     0  startup_stm32f103xe.o(.text)
    TIM3_IRQHandler                          0x0800020f   Thumb Code     0  startup_stm32f103xe.o(.text)
    TIM4_IRQHandler                          0x0800020f   Thumb Code     0  startup_stm32f103xe.o(.text)
    TIM5_IRQHandler                          0x0800020f   Thumb Code     0  startup_stm32f103xe.o(.text)
    TIM6_IRQHandler                          0x0800020f   Thumb Code     0  startup_stm32f103xe.o(.text)
    TIM7_IRQHandler                          0x0800020f   Thumb Code     0  startup_stm32f103xe.o(.text)
    TIM8_BRK_IRQHandler                      0x0800020f   Thumb Code     0  startup_stm32f103xe.o(.text)
    TIM8_CC_IRQHandler                       0x0800020f   Thumb Code     0  startup_stm32f103xe.o(.text)
    TIM8_TRG_COM_IRQHandler                  0x0800020f   Thumb Code     0  startup_stm32f103xe.o(.text)
    TIM8_UP_IRQHandler                       0x0800020f   Thumb Code     0  startup_stm32f103xe.o(.text)
    UART4_IRQHandler                         0x0800020f   Thumb Code     0  startup_stm32f103xe.o(.text)
    UART5_IRQHandler                         0x0800020f   Thumb Code     0  startup_stm32f103xe.o(.text)
    USART2_IRQHandler                        0x0800020f   Thumb Code     0  startup_stm32f103xe.o(.text)
    USART3_IRQHandler                        0x0800020f   Thumb Code     0  startup_stm32f103xe.o(.text)
    USBWakeUp_IRQHandler                     0x0800020f   Thumb Code     0  startup_stm32f103xe.o(.text)
    USB_HP_CAN1_TX_IRQHandler                0x0800020f   Thumb Code     0  startup_stm32f103xe.o(.text)
    USB_LP_CAN1_RX0_IRQHandler               0x0800020f   Thumb Code     0  startup_stm32f103xe.o(.text)
    WWDG_IRQHandler                          0x0800020f   Thumb Code     0  startup_stm32f103xe.o(.text)
    __user_initial_stackheap                 0x08000211   Thumb Code     0  startup_stm32f103xe.o(.text)
    __2printf                                0x08000235   Thumb Code    20  noretval__2printf.o(.text)
    __printf                                 0x0800024d   Thumb Code   104  __printf.o(.text)
    __aeabi_memcpy4                          0x080002b5   Thumb Code     0  rt_memcpy_w.o(.text)
    __aeabi_memcpy8                          0x080002b5   Thumb Code     0  rt_memcpy_w.o(.text)
    __rt_memcpy_w                            0x080002b5   Thumb Code   100  rt_memcpy_w.o(.text)
    _memcpy_lastbytes_aligned                0x080002fd   Thumb Code     0  rt_memcpy_w.o(.text)
    __aeabi_memclr4                          0x08000319   Thumb Code     0  rt_memclr_w.o(.text)
    __aeabi_memclr8                          0x08000319   Thumb Code     0  rt_memclr_w.o(.text)
    __rt_memclr_w                            0x08000319   Thumb Code    78  rt_memclr_w.o(.text)
    _memset_w                                0x0800031d   Thumb Code     0  rt_memclr_w.o(.text)
    __use_two_region_memory                  0x08000367   Thumb Code     2  heapauxi.o(.text)
    __rt_heap_escrow                         0x08000369   Thumb Code     2  heapauxi.o(.text)
    __rt_heap_expand                         0x0800036b   Thumb Code     2  heapauxi.o(.text)
    __lib_sel_fp_printf                      0x0800036d   Thumb Code     2  _printf_fp_dec.o(.text)
    _printf_fp_dec_real                      0x0800051f   Thumb Code   620  _printf_fp_dec.o(.text)
    _printf_char_common                      0x08000797   Thumb Code    32  _printf_char_common.o(.text)
    _printf_char_file                        0x080007bd   Thumb Code    32  _printf_char_file.o(.text)
    __rt_locale                              0x080007e1   Thumb Code     8  rt_locale_intlibspace.o(.text)
    _ll_udiv10                               0x080007e9   Thumb Code   138  lludiv10.o(.text)
    _printf_fp_infnan                        0x08000875   Thumb Code   112  _printf_fp_infnan.o(.text)
    _btod_etento                             0x080008f5   Thumb Code   224  bigflt0.o(.text)
    ferror                                   0x080009d9   Thumb Code     8  ferror.o(.text)
    _initio                                  0x080009e1   Thumb Code   210  initio.o(.text)
    _terminateio                             0x08000ab3   Thumb Code    56  initio.o(.text)
    _sys_open                                0x08000b19   Thumb Code    20  sys_io.o(.text)
    _sys_close                               0x08000b2d   Thumb Code    12  sys_io.o(.text)
    _sys_write                               0x08000b39   Thumb Code    16  sys_io.o(.text)
    _sys_read                                0x08000b49   Thumb Code    14  sys_io.o(.text)
    _sys_istty                               0x08000b57   Thumb Code    12  sys_io.o(.text)
    _sys_seek                                0x08000b63   Thumb Code    14  sys_io.o(.text)
    _sys_ensure                              0x08000b71   Thumb Code     2  sys_io.o(.text)
    _sys_flen                                0x08000b73   Thumb Code    12  sys_io.o(.text)
    __user_libspace                          0x08000b81   Thumb Code     8  libspace.o(.text)
    __user_perproc_libspace                  0x08000b81   Thumb Code     0  libspace.o(.text)
    __user_perthread_libspace                0x08000b81   Thumb Code     0  libspace.o(.text)
    __user_setup_stackheap                   0x08000b89   Thumb Code    74  sys_stackheap_outer.o(.text)
    free                                     0x08000bd3   Thumb Code    78  h1_free.o(.text)
    setvbuf                                  0x08000c21   Thumb Code    70  setvbuf.o(.text)
    freopen                                  0x08000c69   Thumb Code   158  fopen.o(.text)
    fopen                                    0x08000d07   Thumb Code    74  fopen.o(.text)
    _fclose_internal                         0x08000d55   Thumb Code    76  fclose.o(.text)
    fclose                                   0x08000d55   Thumb Code     0  fclose.o(.text)
    exit                                     0x08000da1   Thumb Code    18  exit.o(.text)
    __rt_SIGRTRED                            0x08000db3   Thumb Code    14  defsig_rtred_outer.o(.text)
    strcmp                                   0x08000dc1   Thumb Code   128  strcmpv7m.o(.text)
    __I$use$semihosting                      0x08000e41   Thumb Code     0  use_no_semi.o(.text)
    __use_no_semihosting_swi                 0x08000e41   Thumb Code     2  use_no_semi.o(.text)
    __semihosting_library_function           0x08000e43   Thumb Code     0  indicate_semi.o(.text)
    __rt_heap_descriptor                     0x08000e45   Thumb Code     8  rt_heap_descriptor_intlibspace.o(.text)
    __use_no_heap                            0x08000e4d   Thumb Code     2  hguard.o(.text)
    __heap$guard                             0x08000e4f   Thumb Code     2  hguard.o(.text)
    _terminate_user_alloc                    0x08000e51   Thumb Code     2  init_alloc.o(.text)
    _init_user_alloc                         0x08000e53   Thumb Code     2  init_alloc.o(.text)
    __Heap_Full                              0x08000e55   Thumb Code    34  init_alloc.o(.text)
    __Heap_Broken                            0x08000e77   Thumb Code     6  init_alloc.o(.text)
    _init_alloc                              0x08000e7d   Thumb Code    94  init_alloc.o(.text)
    malloc                                   0x08000edb   Thumb Code    94  h1_alloc.o(.text)
    _fseek                                   0x08000f39   Thumb Code   242  fseek.o(.text)
    fseek                                    0x08000f39   Thumb Code     0  fseek.o(.text)
    _seterr                                  0x08001031   Thumb Code    20  stdio.o(.text)
    _writebuf                                0x08001045   Thumb Code    84  stdio.o(.text)
    _fflush                                  0x08001099   Thumb Code    70  stdio.o(.text)
    _deferredlazyseek                        0x080010df   Thumb Code    60  stdio.o(.text)
    __sig_exit                               0x08001121   Thumb Code    10  defsig_exit.o(.text)
    __rt_SIGRTRED_inner                      0x0800112d   Thumb Code    14  defsig_rtred_inner.o(.text)
    strlen                                   0x08001161   Thumb Code    62  strlen.o(.text)
    _sys_exit                                0x080011a1   Thumb Code     8  sys_exit.o(.text)
    __Heap_Initialize                        0x080011ad   Thumb Code    10  h1_init.o(.text)
    __Heap_DescSize                          0x080011b7   Thumb Code     4  h1_init.o(.text)
    __Heap_ProvideMemory                     0x080011bb   Thumb Code    52  h1_extend.o(.text)
    _ftell_internal                          0x080011ef   Thumb Code    66  ftell.o(.text)
    ftell                                    0x080011ef   Thumb Code     0  ftell.o(.text)
    __default_signal_display                 0x08001231   Thumb Code    50  defsig_general.o(.text)
    __rt_SIGRTMEM                            0x08001263   Thumb Code    14  defsig_rtmem_outer.o(.text)
    _ttywrch                                 0x08001271   Thumb Code    14  sys_wrch.o(.text)
    __aeabi_errno_addr                       0x08001281   Thumb Code     8  rt_errno_addr_intlibspace.o(.text)
    __errno$intlibspace                      0x08001281   Thumb Code     0  rt_errno_addr_intlibspace.o(.text)
    __rt_errno_addr$intlibspace              0x08001281   Thumb Code     0  rt_errno_addr_intlibspace.o(.text)
    __rt_SIGRTMEM_inner                      0x08001289   Thumb Code    22  defsig_rtmem_inner.o(.text)
    _btod_d2e                                0x080012d9   Thumb Code    62  btod.o(CL$$btod_d2e)
    _d2e_denorm_low                          0x08001317   Thumb Code    70  btod.o(CL$$btod_d2e_denorm_low)
    _d2e_norm_op1                            0x0800135d   Thumb Code    96  btod.o(CL$$btod_d2e_norm_op1)
    __btod_div_common                        0x080013bd   Thumb Code   696  btod.o(CL$$btod_div_common)
    _e2e                                     0x080016f5   Thumb Code   220  btod.o(CL$$btod_e2e)
    _btod_ediv                               0x080017d1   Thumb Code    42  btod.o(CL$$btod_ediv)
    _btod_emul                               0x080017fb   Thumb Code    42  btod.o(CL$$btod_emul)
    __btod_mult_common                       0x08001825   Thumb Code   580  btod.o(CL$$btod_mult_common)
    BusFault_Handler                         0x08001a69   Thumb Code     2  stm32f1xx_it.o(i.BusFault_Handler)
    DMA1_Channel4_IRQHandler                 0x08001a6d   Thumb Code     6  stm32f1xx_it.o(i.DMA1_Channel4_IRQHandler)
    DMA1_Channel5_IRQHandler                 0x08001a79   Thumb Code     6  stm32f1xx_it.o(i.DMA1_Channel5_IRQHandler)
    DebugMon_Handler                         0x08001aaf   Thumb Code     2  stm32f1xx_it.o(i.DebugMon_Handler)
    Error_Handler                            0x08001ab1   Thumb Code     4  main.o(i.Error_Handler)
    Get_16Bit_Data                           0x08001ab5   Thumb Code    38  mpu6500.o(i.Get_16Bit_Data)
    Get_MPU6500_Data                         0x08001ae1   Thumb Code   318  mpu6500.o(i.Get_MPU6500_Data)
    HAL_DMA_Abort                            0x08001c7d   Thumb Code    70  stm32f1xx_hal_dma.o(i.HAL_DMA_Abort)
    HAL_DMA_Abort_IT                         0x08001cc5   Thumb Code   296  stm32f1xx_hal_dma.o(i.HAL_DMA_Abort_IT)
    HAL_DMA_IRQHandler                       0x08001df5   Thumb Code   552  stm32f1xx_hal_dma.o(i.HAL_DMA_IRQHandler)
    HAL_DMA_Init                             0x0800203d   Thumb Code   112  stm32f1xx_hal_dma.o(i.HAL_DMA_Init)
    HAL_DMA_Start_IT                         0x080020b9   Thumb Code   112  stm32f1xx_hal_dma.o(i.HAL_DMA_Start_IT)
    HAL_Delay                                0x08002129   Thumb Code    32  stm32f1xx_hal.o(i.HAL_Delay)
    HAL_GPIO_Init                            0x0800214d   Thumb Code   462  stm32f1xx_hal_gpio.o(i.HAL_GPIO_Init)
    HAL_GPIO_WritePin                        0x08002345   Thumb Code    10  stm32f1xx_hal_gpio.o(i.HAL_GPIO_WritePin)
    HAL_GetTick                              0x08002351   Thumb Code     6  stm32f1xx_hal.o(i.HAL_GetTick)
    HAL_IncTick                              0x0800235d   Thumb Code    12  stm32f1xx_hal.o(i.HAL_IncTick)
    HAL_Init                                 0x0800236d   Thumb Code    32  stm32f1xx_hal.o(i.HAL_Init)
    HAL_InitTick                             0x08002391   Thumb Code    54  stm32f1xx_hal.o(i.HAL_InitTick)
    HAL_MspInit                              0x080023d1   Thumb Code    52  stm32f1xx_hal_msp.o(i.HAL_MspInit)
    HAL_NVIC_EnableIRQ                       0x0800240d   Thumb Code    26  stm32f1xx_hal_cortex.o(i.HAL_NVIC_EnableIRQ)
    HAL_NVIC_SetPriority                     0x08002429   Thumb Code    60  stm32f1xx_hal_cortex.o(i.HAL_NVIC_SetPriority)
    HAL_NVIC_SetPriorityGrouping             0x08002469   Thumb Code    26  stm32f1xx_hal_cortex.o(i.HAL_NVIC_SetPriorityGrouping)
    HAL_RCC_ClockConfig                      0x0800248d   Thumb Code   280  stm32f1xx_hal_rcc.o(i.HAL_RCC_ClockConfig)
    HAL_RCC_GetPCLK1Freq                     0x080025b9   Thumb Code    20  stm32f1xx_hal_rcc.o(i.HAL_RCC_GetPCLK1Freq)
    HAL_RCC_GetPCLK2Freq                     0x080025d9   Thumb Code    20  stm32f1xx_hal_rcc.o(i.HAL_RCC_GetPCLK2Freq)
    HAL_RCC_GetSysClockFreq                  0x080025f9   Thumb Code    58  stm32f1xx_hal_rcc.o(i.HAL_RCC_GetSysClockFreq)
    HAL_RCC_OscConfig                        0x08002645   Thumb Code   778  stm32f1xx_hal_rcc.o(i.HAL_RCC_OscConfig)
    HAL_SPI_Init                             0x08002965   Thumb Code   178  stm32f1xx_hal_spi.o(i.HAL_SPI_Init)
    HAL_SPI_MspInit                          0x08002a19   Thumb Code    98  spi.o(i.HAL_SPI_MspInit)
    HAL_SPI_TransmitReceive                  0x08002a89   Thumb Code   494  stm32f1xx_hal_spi.o(i.HAL_SPI_TransmitReceive)
    HAL_SYSTICK_Config                       0x08002c77   Thumb Code    40  stm32f1xx_hal_cortex.o(i.HAL_SYSTICK_Config)
    HAL_UARTEx_RxEventCallback               0x08002c9f   Thumb Code     2  stm32f1xx_hal_uart.o(i.HAL_UARTEx_RxEventCallback)
    HAL_UART_ErrorCallback                   0x08002ca1   Thumb Code     2  stm32f1xx_hal_uart.o(i.HAL_UART_ErrorCallback)
    HAL_UART_IRQHandler                      0x08002ca5   Thumb Code   616  stm32f1xx_hal_uart.o(i.HAL_UART_IRQHandler)
    HAL_UART_Init                            0x08002f11   Thumb Code   100  stm32f1xx_hal_uart.o(i.HAL_UART_Init)
    HAL_UART_MspInit                         0x08002f75   Thumb Code   206  usart.o(i.HAL_UART_MspInit)
    HAL_UART_Receive_DMA                     0x08003059   Thumb Code    28  stm32f1xx_hal_uart.o(i.HAL_UART_Receive_DMA)
    HAL_UART_RxCpltCallback                  0x08003075   Thumb Code     2  stm32f1xx_hal_uart.o(i.HAL_UART_RxCpltCallback)
    HAL_UART_RxHalfCpltCallback              0x08003077   Thumb Code     2  stm32f1xx_hal_uart.o(i.HAL_UART_RxHalfCpltCallback)
    HAL_UART_Transmit                        0x08003079   Thumb Code   154  stm32f1xx_hal_uart.o(i.HAL_UART_Transmit)
    HAL_UART_TxCpltCallback                  0x08003113   Thumb Code     2  stm32f1xx_hal_uart.o(i.HAL_UART_TxCpltCallback)
    HardFault_Handler                        0x08003115   Thumb Code     2  stm32f1xx_it.o(i.HardFault_Handler)
    MX_DMA_Init                              0x08003119   Thumb Code    56  dma.o(i.MX_DMA_Init)
    MX_GPIO_Init                             0x08003155   Thumb Code   102  gpio.o(i.MX_GPIO_Init)
    MX_SPI1_Init                             0x080031c5   Thumb Code    62  spi.o(i.MX_SPI1_Init)
    MX_USART1_UART_Init                      0x0800320d   Thumb Code    48  usart.o(i.MX_USART1_UART_Init)
    MemManage_Handler                        0x08003245   Thumb Code     2  stm32f1xx_it.o(i.MemManage_Handler)
    NMI_Handler                              0x08003247   Thumb Code     2  stm32f1xx_it.o(i.NMI_Handler)
    PendSV_Handler                           0x08003249   Thumb Code     2  stm32f1xx_it.o(i.PendSV_Handler)
    SVC_Handler                              0x08003325   Thumb Code     2  stm32f1xx_it.o(i.SVC_Handler)
    SysTick_Handler                          0x08003327   Thumb Code     4  stm32f1xx_it.o(i.SysTick_Handler)
    SystemClock_Config                       0x0800332b   Thumb Code    94  main.o(i.SystemClock_Config)
    SystemInit                               0x08003389   Thumb Code     2  system_stm32f1xx.o(i.SystemInit)
    UART_Start_Receive_DMA                   0x0800366d   Thumb Code   130  stm32f1xx_hal_uart.o(i.UART_Start_Receive_DMA)
    USART1_IRQHandler                        0x08003775   Thumb Code     6  stm32f1xx_it.o(i.USART1_IRQHandler)
    UsageFault_Handler                       0x08003781   Thumb Code     2  stm32f1xx_it.o(i.UsageFault_Handler)
    __ARM_fpclassify                         0x08003783   Thumb Code    40  fpclassify.o(i.__ARM_fpclassify)
    fputc                                    0x080037cd   Thumb Code    20  printf.o(i.fputc)
    main                                     0x080037e5   Thumb Code   108  main.o(i.main)
    mpu6500_init                             0x08003869   Thumb Code    70  mpu6500.o(i.mpu6500_init)
    mpu_read_byte                            0x080038b9   Thumb Code    68  mpu6500.o(i.mpu_read_byte)
    mpu_write_byte                           0x08003909   Thumb Code    72  mpu6500.o(i.mpu_write_byte)
    _get_lc_numeric                          0x0800395d   Thumb Code    44  lc_numeric_c.o(locale$$code)
    __aeabi_d2f                              0x08003989   Thumb Code     0  d2f.o(x$fpl$d2f)
    _d2f                                     0x08003989   Thumb Code    98  d2f.o(x$fpl$d2f)
    __aeabi_dadd                             0x080039ed   Thumb Code     0  daddsub_clz.o(x$fpl$dadd)
    _dadd                                    0x080039ed   Thumb Code   332  daddsub_clz.o(x$fpl$dadd)
    __fpl_dcheck_NaN1                        0x08003b3d   Thumb Code    10  dcheck1.o(x$fpl$dcheck1)
    __aeabi_dmul                             0x08003b4d   Thumb Code     0  dmul.o(x$fpl$dmul)
    _dmul                                    0x08003b4d   Thumb Code   332  dmul.o(x$fpl$dmul)
    __fpl_dnaninf                            0x08003ca1   Thumb Code   156  dnaninf.o(x$fpl$dnaninf)
    __fpl_dretinf                            0x08003d3d   Thumb Code    12  dretinf.o(x$fpl$dretinf)
    __aeabi_dsub                             0x08003d49   Thumb Code     0  daddsub_clz.o(x$fpl$dsub)
    _dsub                                    0x08003d49   Thumb Code   464  daddsub_clz.o(x$fpl$dsub)
    __aeabi_f2d                              0x08003f1d   Thumb Code     0  f2d.o(x$fpl$f2d)
    _f2d                                     0x08003f1d   Thumb Code    86  f2d.o(x$fpl$f2d)
    __aeabi_fadd                             0x08003f75   Thumb Code     0  faddsub_clz.o(x$fpl$fadd)
    _fadd                                    0x08003f75   Thumb Code   196  faddsub_clz.o(x$fpl$fadd)
    __fpl_fcheck_NaN1                        0x08004039   Thumb Code     6  fcheck1.o(x$fpl$fcheck1)
    __aeabi_fdiv                             0x08004045   Thumb Code     0  fdiv.o(x$fpl$fdiv)
    _fdiv                                    0x08004045   Thumb Code   384  fdiv.o(x$fpl$fdiv)
    __aeabi_i2f                              0x080041c9   Thumb Code     0  fflt_clz.o(x$fpl$fflt)
    _fflt                                    0x080041c9   Thumb Code    48  fflt_clz.o(x$fpl$fflt)
    __aeabi_fmul                             0x080041f9   Thumb Code     0  fmul.o(x$fpl$fmul)
    _fmul                                    0x080041f9   Thumb Code   258  fmul.o(x$fpl$fmul)
    __fpl_fnaninf                            0x080042fb   Thumb Code   140  fnaninf.o(x$fpl$fnaninf)
    __fpl_fretinf                            0x08004387   Thumb Code    10  fretinf.o(x$fpl$fretinf)
    __aeabi_fsub                             0x08004391   Thumb Code     0  faddsub_clz.o(x$fpl$fsub)
    _fsub                                    0x08004391   Thumb Code   234  faddsub_clz.o(x$fpl$fsub)
    _printf_fp_dec                           0x0800447b   Thumb Code     4  printf1.o(x$fpl$printf1)
    __fpl_return_NaN                         0x0800447f   Thumb Code   100  retnan.o(x$fpl$retnan)
    __ARM_scalbn                             0x080044e3   Thumb Code    92  scalbn.o(x$fpl$scalbn)
    __ARM_scalbnf                            0x0800453f   Thumb Code    76  scalbnf.o(x$fpl$scalbnf)
    __fpl_cmpreturn                          0x0800458b   Thumb Code    48  trapv.o(x$fpl$trapveneer)
    __I$use$fp                               0x080045ba   Number         0  usenofp.o(x$fpl$usenofp)
    AHBPrescTable                            0x080045cc   Data          16  system_stm32f1xx.o(.constdata)
    APBPrescTable                            0x080045dc   Data           8  system_stm32f1xx.o(.constdata)
    __stdin_name                             0x0800468c   Data           4  sys_io.o(.constdata)
    __stdout_name                            0x08004690   Data           4  sys_io.o(.constdata)
    __stderr_name                            0x08004694   Data           4  sys_io.o(.constdata)
    Region$$Table$$Base                      0x08004698   Number         0  anon$$obj.o(Region$$Table)
    Region$$Table$$Limit                     0x080046b8   Number         0  anon$$obj.o(Region$$Table)
    uwTickFreq                               0x20000000   Data           1  stm32f1xx_hal.o(.data)
    uwTickPrio                               0x20000004   Data           4  stm32f1xx_hal.o(.data)
    uwTick                                   0x20000008   Data           4  stm32f1xx_hal.o(.data)
    SystemCoreClock                          0x2000000c   Data           4  system_stm32f1xx.o(.data)
    tx                                       0x20000010   Data           1  mpu6500.o(.data)
    rx                                       0x20000011   Data           1  mpu6500.o(.data)
    id                                       0x20000012   Data           1  mpu6500.o(.data)
    __aeabi_stdin                            0x20000018   Data           4  stdio_streams.o(.data)
    __aeabi_stdout                           0x2000001c   Data           4  stdio_streams.o(.data)
    __aeabi_stderr                           0x20000020   Data           4  stdio_streams.o(.data)
    receive_data                             0x20000024   Data          60  main.o(.bss)
    str                                      0x20000060   Data          61  main.o(.bss)
    hspi1                                    0x200000a0   Data          88  spi.o(.bss)
    huart1                                   0x200000f8   Data          72  usart.o(.bss)
    hdma_usart1_rx                           0x20000140   Data          68  usart.o(.bss)
    hdma_usart1_tx                           0x20000184   Data          68  usart.o(.bss)
    mpu_data                                 0x200001c8   Data          28  mpu6500.o(.bss)
    __stdin                                  0x200001e4   Data          84  stdio_streams.o(.bss)
    __stdout                                 0x20000238   Data          84  stdio_streams.o(.bss)
    __stderr                                 0x2000028c   Data          84  stdio_streams.o(.bss)
    __libspace_start                         0x200002e0   Data          96  libspace.o(.bss)
    __temporary_stack_top$libspace           0x20000340   Data           0  libspace.o(.bss)



==============================================================================

Memory Map of the image

  Image Entry point : 0x08000131

  Load Region LR_IROM1 (Base: 0x08000000, Size: 0x000046f8, Max: 0x00040000, ABSOLUTE)

    Execution Region ER_IROM1 (Exec base: 0x08000000, Load base: 0x08000000, Size: 0x000046d4, Max: 0x00040000, ABSOLUTE)

    Exec Addr    Load Addr    Size         Type   Attr      Idx    E Section Name        Object

    0x08000000   0x08000000   0x00000130   Data   RO            3    RESET               startup_stm32f103xe.o
    0x08000130   0x08000130   0x00000008   Code   RO         2329  * !!!main             c_w.l(__main.o)
    0x08000138   0x08000138   0x00000034   Code   RO         2748    !!!scatter          c_w.l(__scatter.o)
    0x0800016c   0x0800016c   0x0000001a   Code   RO         2750    !!handler_copy      c_w.l(__scatter_copy.o)
    0x08000186   0x08000186   0x00000002   PAD
    0x08000188   0x08000188   0x0000001c   Code   RO         2752    !!handler_zi        c_w.l(__scatter_zi.o)
    0x080001a4   0x080001a4   0x00000000   Code   RO         2322    .ARM.Collect$$_printf_percent$$00000000  c_w.l(_printf_percent.o)
    0x080001a4   0x080001a4   0x00000006   Code   RO         2321    .ARM.Collect$$_printf_percent$$00000003  c_w.l(_printf_f.o)
    0x080001aa   0x080001aa   0x00000004   Code   RO         2378    .ARM.Collect$$_printf_percent$$00000017  c_w.l(_printf_percent_end.o)
    0x080001ae   0x080001ae   0x00000002   Code   RO         2558    .ARM.Collect$$libinit$$00000000  c_w.l(libinit.o)
    0x080001b0   0x080001b0   0x00000000   Code   RO         2560    .ARM.Collect$$libinit$$00000002  c_w.l(libinit2.o)
    0x080001b0   0x080001b0   0x00000000   Code   RO         2562    .ARM.Collect$$libinit$$00000004  c_w.l(libinit2.o)
    0x080001b0   0x080001b0   0x00000008   Code   RO         2563    .ARM.Collect$$libinit$$00000005  c_w.l(libinit2.o)
    0x080001b8   0x080001b8   0x00000000   Code   RO         2565    .ARM.Collect$$libinit$$0000000A  c_w.l(libinit2.o)
    0x080001b8   0x080001b8   0x00000000   Code   RO         2567    .ARM.Collect$$libinit$$0000000C  c_w.l(libinit2.o)
    0x080001b8   0x080001b8   0x00000000   Code   RO         2569    .ARM.Collect$$libinit$$0000000E  c_w.l(libinit2.o)
    0x080001b8   0x080001b8   0x00000006   Code   RO         2570    .ARM.Collect$$libinit$$0000000F  c_w.l(libinit2.o)
    0x080001be   0x080001be   0x00000000   Code   RO         2572    .ARM.Collect$$libinit$$00000011  c_w.l(libinit2.o)
    0x080001be   0x080001be   0x00000000   Code   RO         2574    .ARM.Collect$$libinit$$00000013  c_w.l(libinit2.o)
    0x080001be   0x080001be   0x00000000   Code   RO         2576    .ARM.Collect$$libinit$$00000015  c_w.l(libinit2.o)
    0x080001be   0x080001be   0x0000000a   Code   RO         2577    .ARM.Collect$$libinit$$00000016  c_w.l(libinit2.o)
    0x080001c8   0x080001c8   0x00000000   Code   RO         2578    .ARM.Collect$$libinit$$00000017  c_w.l(libinit2.o)
    0x080001c8   0x080001c8   0x00000000   Code   RO         2580    .ARM.Collect$$libinit$$00000019  c_w.l(libinit2.o)
    0x080001c8   0x080001c8   0x00000000   Code   RO         2582    .ARM.Collect$$libinit$$0000001B  c_w.l(libinit2.o)
    0x080001c8   0x080001c8   0x00000000   Code   RO         2584    .ARM.Collect$$libinit$$0000001D  c_w.l(libinit2.o)
    0x080001c8   0x080001c8   0x00000000   Code   RO         2586    .ARM.Collect$$libinit$$0000001F  c_w.l(libinit2.o)
    0x080001c8   0x080001c8   0x00000000   Code   RO         2588    .ARM.Collect$$libinit$$00000021  c_w.l(libinit2.o)
    0x080001c8   0x080001c8   0x00000000   Code   RO         2590    .ARM.Collect$$libinit$$00000023  c_w.l(libinit2.o)
    0x080001c8   0x080001c8   0x00000004   Code   RO         2591    .ARM.Collect$$libinit$$00000024  c_w.l(libinit2.o)
    0x080001cc   0x080001cc   0x00000000   Code   RO         2592    .ARM.Collect$$libinit$$00000025  c_w.l(libinit2.o)
    0x080001cc   0x080001cc   0x00000000   Code   RO         2596    .ARM.Collect$$libinit$$0000002C  c_w.l(libinit2.o)
    0x080001cc   0x080001cc   0x00000000   Code   RO         2598    .ARM.Collect$$libinit$$0000002E  c_w.l(libinit2.o)
    0x080001cc   0x080001cc   0x00000000   Code   RO         2600    .ARM.Collect$$libinit$$00000030  c_w.l(libinit2.o)
    0x080001cc   0x080001cc   0x00000000   Code   RO         2602    .ARM.Collect$$libinit$$00000032  c_w.l(libinit2.o)
    0x080001cc   0x080001cc   0x00000002   Code   RO         2603    .ARM.Collect$$libinit$$00000033  c_w.l(libinit2.o)
    0x080001ce   0x080001ce   0x00000002   Code   RO         2727    .ARM.Collect$$libshutdown$$00000000  c_w.l(libshutdown.o)
    0x080001d0   0x080001d0   0x00000000   Code   RO         2605    .ARM.Collect$$libshutdown$$00000002  c_w.l(libshutdown2.o)
    0x080001d0   0x080001d0   0x00000004   Code   RO         2606    .ARM.Collect$$libshutdown$$00000003  c_w.l(libshutdown2.o)
    0x080001d4   0x080001d4   0x00000000   Code   RO         2607    .ARM.Collect$$libshutdown$$00000004  c_w.l(libshutdown2.o)
    0x080001d4   0x080001d4   0x00000000   Code   RO         2610    .ARM.Collect$$libshutdown$$00000007  c_w.l(libshutdown2.o)
    0x080001d4   0x080001d4   0x00000000   Code   RO         2613    .ARM.Collect$$libshutdown$$0000000A  c_w.l(libshutdown2.o)
    0x080001d4   0x080001d4   0x00000000   Code   RO         2615    .ARM.Collect$$libshutdown$$0000000C  c_w.l(libshutdown2.o)
    0x080001d4   0x080001d4   0x00000000   Code   RO         2618    .ARM.Collect$$libshutdown$$0000000F  c_w.l(libshutdown2.o)
    0x080001d4   0x080001d4   0x00000002   Code   RO         2619    .ARM.Collect$$libshutdown$$00000010  c_w.l(libshutdown2.o)
    0x080001d6   0x080001d6   0x00000000   Code   RO         2367    .ARM.Collect$$rtentry$$00000000  c_w.l(__rtentry.o)
    0x080001d6   0x080001d6   0x00000000   Code   RO         2399    .ARM.Collect$$rtentry$$00000002  c_w.l(__rtentry2.o)
    0x080001d6   0x080001d6   0x00000006   Code   RO         2411    .ARM.Collect$$rtentry$$00000004  c_w.l(__rtentry4.o)
    0x080001dc   0x080001dc   0x00000000   Code   RO         2401    .ARM.Collect$$rtentry$$00000009  c_w.l(__rtentry2.o)
    0x080001dc   0x080001dc   0x00000004   Code   RO         2402    .ARM.Collect$$rtentry$$0000000A  c_w.l(__rtentry2.o)
    0x080001e0   0x080001e0   0x00000000   Code   RO         2404    .ARM.Collect$$rtentry$$0000000C  c_w.l(__rtentry2.o)
    0x080001e0   0x080001e0   0x00000008   Code   RO         2405    .ARM.Collect$$rtentry$$0000000D  c_w.l(__rtentry2.o)
    0x080001e8   0x080001e8   0x00000002   Code   RO         2625    .ARM.Collect$$rtexit$$00000000  c_w.l(rtexit.o)
    0x080001ea   0x080001ea   0x00000000   Code   RO         2673    .ARM.Collect$$rtexit$$00000002  c_w.l(rtexit2.o)
    0x080001ea   0x080001ea   0x00000004   Code   RO         2674    .ARM.Collect$$rtexit$$00000003  c_w.l(rtexit2.o)
    0x080001ee   0x080001ee   0x00000006   Code   RO         2675    .ARM.Collect$$rtexit$$00000004  c_w.l(rtexit2.o)
    0x080001f4   0x080001f4   0x00000000   Code   RO         2679    .emb_text           c_w.l(maybetermalloc1.o)
    0x080001f4   0x080001f4   0x00000040   Code   RO            4    .text               startup_stm32f103xe.o
    0x08000234   0x08000234   0x00000018   Code   RO         2292    .text               c_w.l(noretval__2printf.o)
    0x0800024c   0x0800024c   0x00000068   Code   RO         2296    .text               c_w.l(__printf.o)
    0x080002b4   0x080002b4   0x00000064   Code   RO         2323    .text               c_w.l(rt_memcpy_w.o)
    0x08000318   0x08000318   0x0000004e   Code   RO         2325    .text               c_w.l(rt_memclr_w.o)
    0x08000366   0x08000366   0x00000006   Code   RO         2327    .text               c_w.l(heapauxi.o)
    0x0800036c   0x0800036c   0x0000041e   Code   RO         2368    .text               c_w.l(_printf_fp_dec.o)
    0x0800078a   0x0800078a   0x00000002   PAD
    0x0800078c   0x0800078c   0x00000030   Code   RO         2370    .text               c_w.l(_printf_char_common.o)
    0x080007bc   0x080007bc   0x00000024   Code   RO         2376    .text               c_w.l(_printf_char_file.o)
    0x080007e0   0x080007e0   0x00000008   Code   RO         2416    .text               c_w.l(rt_locale_intlibspace.o)
    0x080007e8   0x080007e8   0x0000008a   Code   RO         2418    .text               c_w.l(lludiv10.o)
    0x08000872   0x08000872   0x00000002   PAD
    0x08000874   0x08000874   0x00000080   Code   RO         2420    .text               c_w.l(_printf_fp_infnan.o)
    0x080008f4   0x080008f4   0x000000e4   Code   RO         2424    .text               c_w.l(bigflt0.o)
    0x080009d8   0x080009d8   0x00000008   Code   RO         2449    .text               c_w.l(ferror.o)
    0x080009e0   0x080009e0   0x00000138   Code   RO         2451    .text               c_w.l(initio.o)
    0x08000b18   0x08000b18   0x00000066   Code   RO         2466    .text               c_w.l(sys_io.o)
    0x08000b7e   0x08000b7e   0x00000002   PAD
    0x08000b80   0x08000b80   0x00000008   Code   RO         2471    .text               c_w.l(libspace.o)
    0x08000b88   0x08000b88   0x0000004a   Code   RO         2476    .text               c_w.l(sys_stackheap_outer.o)
    0x08000bd2   0x08000bd2   0x0000004e   Code   RO         2480    .text               c_w.l(h1_free.o)
    0x08000c20   0x08000c20   0x00000046   Code   RO         2534    .text               c_w.l(setvbuf.o)
    0x08000c66   0x08000c66   0x00000002   PAD
    0x08000c68   0x08000c68   0x000000ec   Code   RO         2537    .text               c_w.l(fopen.o)
    0x08000d54   0x08000d54   0x0000004c   Code   RO         2539    .text               c_w.l(fclose.o)
    0x08000da0   0x08000da0   0x00000012   Code   RO         2545    .text               c_w.l(exit.o)
    0x08000db2   0x08000db2   0x0000000e   Code   RO         2547    .text               c_w.l(defsig_rtred_outer.o)
    0x08000dc0   0x08000dc0   0x00000080   Code   RO         2551    .text               c_w.l(strcmpv7m.o)
    0x08000e40   0x08000e40   0x00000002   Code   RO         2622    .text               c_w.l(use_no_semi.o)
    0x08000e42   0x08000e42   0x00000000   Code   RO         2624    .text               c_w.l(indicate_semi.o)
    0x08000e42   0x08000e42   0x00000002   PAD
    0x08000e44   0x08000e44   0x00000008   Code   RO         2632    .text               c_w.l(rt_heap_descriptor_intlibspace.o)
    0x08000e4c   0x08000e4c   0x00000004   Code   RO         2634    .text               c_w.l(hguard.o)
    0x08000e50   0x08000e50   0x0000008a   Code   RO         2636    .text               c_w.l(init_alloc.o)
    0x08000eda   0x08000eda   0x0000005e   Code   RO         2642    .text               c_w.l(h1_alloc.o)
    0x08000f38   0x08000f38   0x000000f8   Code   RO         2656    .text               c_w.l(fseek.o)
    0x08001030   0x08001030   0x000000f0   Code   RO         2658    .text               c_w.l(stdio.o)
    0x08001120   0x08001120   0x0000000a   Code   RO         2660    .text               c_w.l(defsig_exit.o)
    0x0800112a   0x0800112a   0x00000002   PAD
    0x0800112c   0x0800112c   0x00000034   Code   RO         2662    .text               c_w.l(defsig_rtred_inner.o)
    0x08001160   0x08001160   0x0000003e   Code   RO         2664    .text               c_w.l(strlen.o)
    0x0800119e   0x0800119e   0x00000002   PAD
    0x080011a0   0x080011a0   0x0000000c   Code   RO         2670    .text               c_w.l(sys_exit.o)
    0x080011ac   0x080011ac   0x0000000e   Code   RO         2681    .text               c_w.l(h1_init.o)
    0x080011ba   0x080011ba   0x00000034   Code   RO         2683    .text               c_w.l(h1_extend.o)
    0x080011ee   0x080011ee   0x00000042   Code   RO         2689    .text               c_w.l(ftell.o)
    0x08001230   0x08001230   0x00000032   Code   RO         2693    .text               c_w.l(defsig_general.o)
    0x08001262   0x08001262   0x0000000e   Code   RO         2695    .text               c_w.l(defsig_rtmem_outer.o)
    0x08001270   0x08001270   0x0000000e   Code   RO         2708    .text               c_w.l(sys_wrch.o)
    0x0800127e   0x0800127e   0x00000002   PAD
    0x08001280   0x08001280   0x00000008   Code   RO         2715    .text               c_w.l(rt_errno_addr_intlibspace.o)
    0x08001288   0x08001288   0x00000050   Code   RO         2721    .text               c_w.l(defsig_rtmem_inner.o)
    0x080012d8   0x080012d8   0x0000003e   Code   RO         2427    CL$$btod_d2e        c_w.l(btod.o)
    0x08001316   0x08001316   0x00000046   Code   RO         2429    CL$$btod_d2e_denorm_low  c_w.l(btod.o)
    0x0800135c   0x0800135c   0x00000060   Code   RO         2428    CL$$btod_d2e_norm_op1  c_w.l(btod.o)
    0x080013bc   0x080013bc   0x00000338   Code   RO         2437    CL$$btod_div_common  c_w.l(btod.o)
    0x080016f4   0x080016f4   0x000000dc   Code   RO         2434    CL$$btod_e2e        c_w.l(btod.o)
    0x080017d0   0x080017d0   0x0000002a   Code   RO         2431    CL$$btod_ediv       c_w.l(btod.o)
    0x080017fa   0x080017fa   0x0000002a   Code   RO         2430    CL$$btod_emul       c_w.l(btod.o)
    0x08001824   0x08001824   0x00000244   Code   RO         2436    CL$$btod_mult_common  c_w.l(btod.o)
    0x08001a68   0x08001a68   0x00000002   Code   RO          338    i.BusFault_Handler  stm32f1xx_it.o
    0x08001a6a   0x08001a6a   0x00000002   PAD
    0x08001a6c   0x08001a6c   0x0000000c   Code   RO          339    i.DMA1_Channel4_IRQHandler  stm32f1xx_it.o
    0x08001a78   0x08001a78   0x0000000c   Code   RO          340    i.DMA1_Channel5_IRQHandler  stm32f1xx_it.o
    0x08001a84   0x08001a84   0x0000002a   Code   RO         1194    i.DMA_SetConfig     stm32f1xx_hal_dma.o
    0x08001aae   0x08001aae   0x00000002   Code   RO          341    i.DebugMon_Handler  stm32f1xx_it.o
    0x08001ab0   0x08001ab0   0x00000004   Code   RO          136    i.Error_Handler     main.o
    0x08001ab4   0x08001ab4   0x0000002c   Code   RO         2228    i.Get_16Bit_Data    mpu6500.o
    0x08001ae0   0x08001ae0   0x0000019c   Code   RO         2229    i.Get_MPU6500_Data  mpu6500.o
    0x08001c7c   0x08001c7c   0x00000046   Code   RO         1195    i.HAL_DMA_Abort     stm32f1xx_hal_dma.o
    0x08001cc2   0x08001cc2   0x00000002   PAD
    0x08001cc4   0x08001cc4   0x00000130   Code   RO         1196    i.HAL_DMA_Abort_IT  stm32f1xx_hal_dma.o
    0x08001df4   0x08001df4   0x00000248   Code   RO         1200    i.HAL_DMA_IRQHandler  stm32f1xx_hal_dma.o
    0x0800203c   0x0800203c   0x0000007c   Code   RO         1201    i.HAL_DMA_Init      stm32f1xx_hal_dma.o
    0x080020b8   0x080020b8   0x00000070   Code   RO         1205    i.HAL_DMA_Start_IT  stm32f1xx_hal_dma.o
    0x08002128   0x08002128   0x00000024   Code   RO          821    i.HAL_Delay         stm32f1xx_hal.o
    0x0800214c   0x0800214c   0x000001f8   Code   RO         1131    i.HAL_GPIO_Init     stm32f1xx_hal_gpio.o
    0x08002344   0x08002344   0x0000000a   Code   RO         1135    i.HAL_GPIO_WritePin  stm32f1xx_hal_gpio.o
    0x0800234e   0x0800234e   0x00000002   PAD
    0x08002350   0x08002350   0x0000000c   Code   RO          825    i.HAL_GetTick       stm32f1xx_hal.o
    0x0800235c   0x0800235c   0x00000010   Code   RO          831    i.HAL_IncTick       stm32f1xx_hal.o
    0x0800236c   0x0800236c   0x00000024   Code   RO          832    i.HAL_Init          stm32f1xx_hal.o
    0x08002390   0x08002390   0x00000040   Code   RO          833    i.HAL_InitTick      stm32f1xx_hal.o
    0x080023d0   0x080023d0   0x0000003c   Code   RO          432    i.HAL_MspInit       stm32f1xx_hal_msp.o
    0x0800240c   0x0800240c   0x0000001a   Code   RO         1291    i.HAL_NVIC_EnableIRQ  stm32f1xx_hal_cortex.o
    0x08002426   0x08002426   0x00000002   PAD
    0x08002428   0x08002428   0x00000040   Code   RO         1297    i.HAL_NVIC_SetPriority  stm32f1xx_hal_cortex.o
    0x08002468   0x08002468   0x00000024   Code   RO         1298    i.HAL_NVIC_SetPriorityGrouping  stm32f1xx_hal_cortex.o
    0x0800248c   0x0800248c   0x0000012c   Code   RO          989    i.HAL_RCC_ClockConfig  stm32f1xx_hal_rcc.o
    0x080025b8   0x080025b8   0x00000020   Code   RO          996    i.HAL_RCC_GetPCLK1Freq  stm32f1xx_hal_rcc.o
    0x080025d8   0x080025d8   0x00000020   Code   RO          997    i.HAL_RCC_GetPCLK2Freq  stm32f1xx_hal_rcc.o
    0x080025f8   0x080025f8   0x0000004c   Code   RO          998    i.HAL_RCC_GetSysClockFreq  stm32f1xx_hal_rcc.o
    0x08002644   0x08002644   0x00000320   Code   RO         1001    i.HAL_RCC_OscConfig  stm32f1xx_hal_rcc.o
    0x08002964   0x08002964   0x000000b2   Code   RO          503    i.HAL_SPI_Init      stm32f1xx_hal_spi.o
    0x08002a16   0x08002a16   0x00000002   PAD
    0x08002a18   0x08002a18   0x00000070   Code   RO          255    i.HAL_SPI_MspInit   spi.o
    0x08002a88   0x08002a88   0x000001ee   Code   RO          512    i.HAL_SPI_TransmitReceive  stm32f1xx_hal_spi.o
    0x08002c76   0x08002c76   0x00000028   Code   RO         1302    i.HAL_SYSTICK_Config  stm32f1xx_hal_cortex.o
    0x08002c9e   0x08002c9e   0x00000002   Code   RO         1839    i.HAL_UARTEx_RxEventCallback  stm32f1xx_hal_uart.o
    0x08002ca0   0x08002ca0   0x00000002   Code   RO         1853    i.HAL_UART_ErrorCallback  stm32f1xx_hal_uart.o
    0x08002ca2   0x08002ca2   0x00000002   PAD
    0x08002ca4   0x08002ca4   0x0000026c   Code   RO         1856    i.HAL_UART_IRQHandler  stm32f1xx_hal_uart.o
    0x08002f10   0x08002f10   0x00000064   Code   RO         1857    i.HAL_UART_Init     stm32f1xx_hal_uart.o
    0x08002f74   0x08002f74   0x000000e4   Code   RO          297    i.HAL_UART_MspInit  usart.o
    0x08003058   0x08003058   0x0000001c   Code   RO         1861    i.HAL_UART_Receive_DMA  stm32f1xx_hal_uart.o
    0x08003074   0x08003074   0x00000002   Code   RO         1863    i.HAL_UART_RxCpltCallback  stm32f1xx_hal_uart.o
    0x08003076   0x08003076   0x00000002   Code   RO         1864    i.HAL_UART_RxHalfCpltCallback  stm32f1xx_hal_uart.o
    0x08003078   0x08003078   0x0000009a   Code   RO         1865    i.HAL_UART_Transmit  stm32f1xx_hal_uart.o
    0x08003112   0x08003112   0x00000002   Code   RO         1868    i.HAL_UART_TxCpltCallback  stm32f1xx_hal_uart.o
    0x08003114   0x08003114   0x00000002   Code   RO          342    i.HardFault_Handler  stm32f1xx_it.o
    0x08003116   0x08003116   0x00000002   PAD
    0x08003118   0x08003118   0x0000003c   Code   RO          230    i.MX_DMA_Init       dma.o
    0x08003154   0x08003154   0x00000070   Code   RO          206    i.MX_GPIO_Init      gpio.o
    0x080031c4   0x080031c4   0x00000048   Code   RO          256    i.MX_SPI1_Init      spi.o
    0x0800320c   0x0800320c   0x00000038   Code   RO          298    i.MX_USART1_UART_Init  usart.o
    0x08003244   0x08003244   0x00000002   Code   RO          343    i.MemManage_Handler  stm32f1xx_it.o
    0x08003246   0x08003246   0x00000002   Code   RO          344    i.NMI_Handler       stm32f1xx_it.o
    0x08003248   0x08003248   0x00000002   Code   RO          345    i.PendSV_Handler    stm32f1xx_it.o
    0x0800324a   0x0800324a   0x00000020   Code   RO          541    i.SPI_EndRxTxTransaction  stm32f1xx_hal_spi.o
    0x0800326a   0x0800326a   0x00000002   PAD
    0x0800326c   0x0800326c   0x000000b8   Code   RO          546    i.SPI_WaitFlagStateUntilTimeout  stm32f1xx_hal_spi.o
    0x08003324   0x08003324   0x00000002   Code   RO          346    i.SVC_Handler       stm32f1xx_it.o
    0x08003326   0x08003326   0x00000004   Code   RO          347    i.SysTick_Handler   stm32f1xx_it.o
    0x0800332a   0x0800332a   0x0000005e   Code   RO          137    i.SystemClock_Config  main.o
    0x08003388   0x08003388   0x00000002   Code   RO         2191    i.SystemInit        system_stm32f1xx.o
    0x0800338a   0x0800338a   0x00000010   Code   RO         1870    i.UART_DMAAbortOnError  stm32f1xx_hal_uart.o
    0x0800339a   0x0800339a   0x0000004a   Code   RO         1871    i.UART_DMAError     stm32f1xx_hal_uart.o
    0x080033e4   0x080033e4   0x00000086   Code   RO         1872    i.UART_DMAReceiveCplt  stm32f1xx_hal_uart.o
    0x0800346a   0x0800346a   0x0000001e   Code   RO         1874    i.UART_DMARxHalfCplt  stm32f1xx_hal_uart.o
    0x08003488   0x08003488   0x0000004e   Code   RO         1880    i.UART_EndRxTransfer  stm32f1xx_hal_uart.o
    0x080034d6   0x080034d6   0x0000001c   Code   RO         1881    i.UART_EndTxTransfer  stm32f1xx_hal_uart.o
    0x080034f2   0x080034f2   0x000000c2   Code   RO         1882    i.UART_Receive_IT   stm32f1xx_hal_uart.o
    0x080035b4   0x080035b4   0x000000b8   Code   RO         1883    i.UART_SetConfig    stm32f1xx_hal_uart.o
    0x0800366c   0x0800366c   0x00000090   Code   RO         1884    i.UART_Start_Receive_DMA  stm32f1xx_hal_uart.o
    0x080036fc   0x080036fc   0x00000078   Code   RO         1886    i.UART_WaitOnFlagUntilTimeout  stm32f1xx_hal_uart.o
    0x08003774   0x08003774   0x0000000c   Code   RO          348    i.USART1_IRQHandler  stm32f1xx_it.o
    0x08003780   0x08003780   0x00000002   Code   RO          349    i.UsageFault_Handler  stm32f1xx_it.o
    0x08003782   0x08003782   0x00000028   Code   RO         2464    i.__ARM_fpclassify  m_ws.l(fpclassify.o)
    0x080037aa   0x080037aa   0x00000020   Code   RO         1304    i.__NVIC_SetPriority  stm32f1xx_hal_cortex.o
    0x080037ca   0x080037ca   0x00000002   PAD
    0x080037cc   0x080037cc   0x00000018   Code   RO           14    i.fputc             printf.o
    0x080037e4   0x080037e4   0x00000084   Code   RO          139    i.main              main.o
    0x08003868   0x08003868   0x00000050   Code   RO         2230    i.mpu6500_init      mpu6500.o
    0x080038b8   0x080038b8   0x00000050   Code   RO         2231    i.mpu_read_byte     mpu6500.o
    0x08003908   0x08003908   0x00000054   Code   RO         2232    i.mpu_write_byte    mpu6500.o
    0x0800395c   0x0800395c   0x0000002c   Code   RO         2458    locale$$code        c_w.l(lc_numeric_c.o)
    0x08003988   0x08003988   0x00000062   Code   RO         2331    x$fpl$d2f           fz_ws.l(d2f.o)
    0x080039ea   0x080039ea   0x00000002   PAD
    0x080039ec   0x080039ec   0x00000150   Code   RO         2333    x$fpl$dadd          fz_ws.l(daddsub_clz.o)
    0x08003b3c   0x08003b3c   0x00000010   Code   RO         2385    x$fpl$dcheck1       fz_ws.l(dcheck1.o)
    0x08003b4c   0x08003b4c   0x00000154   Code   RO         2339    x$fpl$dmul          fz_ws.l(dmul.o)
    0x08003ca0   0x08003ca0   0x0000009c   Code   RO         2387    x$fpl$dnaninf       fz_ws.l(dnaninf.o)
    0x08003d3c   0x08003d3c   0x0000000c   Code   RO         2389    x$fpl$dretinf       fz_ws.l(dretinf.o)
    0x08003d48   0x08003d48   0x000001d4   Code   RO         2335    x$fpl$dsub          fz_ws.l(daddsub_clz.o)
    0x08003f1c   0x08003f1c   0x00000056   Code   RO         2341    x$fpl$f2d           fz_ws.l(f2d.o)
    0x08003f72   0x08003f72   0x00000002   PAD
    0x08003f74   0x08003f74   0x000000c4   Code   RO         2343    x$fpl$fadd          fz_ws.l(faddsub_clz.o)
    0x08004038   0x08004038   0x0000000c   Code   RO         2391    x$fpl$fcheck1       fz_ws.l(fcheck1.o)
    0x08004044   0x08004044   0x00000184   Code   RO         2350    x$fpl$fdiv          fz_ws.l(fdiv.o)
    0x080041c8   0x080041c8   0x00000030   Code   RO         2354    x$fpl$fflt          fz_ws.l(fflt_clz.o)
    0x080041f8   0x080041f8   0x00000102   Code   RO         2359    x$fpl$fmul          fz_ws.l(fmul.o)
    0x080042fa   0x080042fa   0x0000008c   Code   RO         2393    x$fpl$fnaninf       fz_ws.l(fnaninf.o)
    0x08004386   0x08004386   0x0000000a   Code   RO         2395    x$fpl$fretinf       fz_ws.l(fretinf.o)
    0x08004390   0x08004390   0x000000ea   Code   RO         2345    x$fpl$fsub          fz_ws.l(faddsub_clz.o)
    0x0800447a   0x0800447a   0x00000004   Code   RO         2361    x$fpl$printf1       fz_ws.l(printf1.o)
    0x0800447e   0x0800447e   0x00000064   Code   RO         2462    x$fpl$retnan        fz_ws.l(retnan.o)
    0x080044e2   0x080044e2   0x0000005c   Code   RO         2363    x$fpl$scalbn        fz_ws.l(scalbn.o)
    0x0800453e   0x0800453e   0x0000004c   Code   RO         2365    x$fpl$scalbnf       fz_ws.l(scalbnf.o)
    0x0800458a   0x0800458a   0x00000030   Code   RO         2620    x$fpl$trapveneer    fz_ws.l(trapv.o)
    0x080045ba   0x080045ba   0x00000000   Code   RO         2397    x$fpl$usenofp       fz_ws.l(usenofp.o)
    0x080045ba   0x080045ba   0x00000012   Data   RO         1002    .constdata          stm32f1xx_hal_rcc.o
    0x080045cc   0x080045cc   0x00000010   Data   RO         2192    .constdata          system_stm32f1xx.o
    0x080045dc   0x080045dc   0x00000008   Data   RO         2193    .constdata          system_stm32f1xx.o
    0x080045e4   0x080045e4   0x00000014   Data   RO         2234    .constdata          mpu6500.o
    0x080045f8   0x080045f8   0x00000094   Data   RO         2425    .constdata          c_w.l(bigflt0.o)
    0x0800468c   0x0800468c   0x00000004   Data   RO         2467    .constdata          c_w.l(sys_io.o)
    0x08004690   0x08004690   0x00000004   Data   RO         2468    .constdata          c_w.l(sys_io.o)
    0x08004694   0x08004694   0x00000004   Data   RO         2469    .constdata          c_w.l(sys_io.o)
    0x08004698   0x08004698   0x00000020   Data   RO         2746    Region$$Table       anon$$obj.o
    0x080046b8   0x080046b8   0x0000001c   Data   RO         2457    locale$$data        c_w.l(lc_numeric_c.o)


    Execution Region RW_IRAM1 (Exec base: 0x20000000, Load base: 0x080046d4, Size: 0x00000940, Max: 0x0000c000, ABSOLUTE)

    Exec Addr    Load Addr    Size         Type   Attr      Idx    E Section Name        Object

    0x20000000   0x080046d4   0x0000000c   Data   RW          839    .data               stm32f1xx_hal.o
    0x2000000c   0x080046e0   0x00000004   Data   RW         2194    .data               system_stm32f1xx.o
    0x20000010   0x080046e4   0x00000008   Data   RW         2235    .data               mpu6500.o
    0x20000018   0x080046ec   0x00000004   Data   RW         2382    .data               c_w.l(stdio_streams.o)
    0x2000001c   0x080046f0   0x00000004   Data   RW         2383    .data               c_w.l(stdio_streams.o)
    0x20000020   0x080046f4   0x00000004   Data   RW         2384    .data               c_w.l(stdio_streams.o)
    0x20000024        -       0x00000079   Zero   RW          140    .bss                main.o
    0x2000009d   0x080046f8   0x00000003   PAD
    0x200000a0        -       0x00000058   Zero   RW          257    .bss                spi.o
    0x200000f8        -       0x000000d0   Zero   RW          299    .bss                usart.o
    0x200001c8        -       0x0000001c   Zero   RW         2233    .bss                mpu6500.o
    0x200001e4        -       0x00000054   Zero   RW         2379    .bss                c_w.l(stdio_streams.o)
    0x20000238        -       0x00000054   Zero   RW         2380    .bss                c_w.l(stdio_streams.o)
    0x2000028c        -       0x00000054   Zero   RW         2381    .bss                c_w.l(stdio_streams.o)
    0x200002e0        -       0x00000060   Zero   RW         2472    .bss                c_w.l(libspace.o)
    0x20000340        -       0x00000200   Zero   RW            2    HEAP                startup_stm32f103xe.o
    0x20000540        -       0x00000400   Zero   RW            1    STACK               startup_stm32f103xe.o


==============================================================================

Image component sizes


      Code (inc. data)   RO Data    RW Data    ZI Data      Debug   Object Name

        60          4          0          0          0        842   dma.o
       112         10          0          0          0        987   gpio.o
       230         24          0          0        121       2503   main.o
       700        134         20          8         28       4504   mpu6500.o
        24          4          0          0          0     462220   printf.o
       184         24          0          0         88       1809   spi.o
        64         26        304          0       1536        848   startup_stm32f103xe.o
       164         28          0         12          0       6817   stm32f1xx_hal.o
       198         14          0          0          0      29179   stm32f1xx_hal_cortex.o
      1236         52          0          0          0       5390   stm32f1xx_hal_dma.o
       514         42          0          0          0       3020   stm32f1xx_hal_gpio.o
        60          8          0          0          0        946   stm32f1xx_hal_msp.o
      1240         84         18          0          0       5352   stm32f1xx_hal_rcc.o
       888          4          0          0          0       4941   stm32f1xx_hal_spi.o
      1914         24          0          0          0      15306   stm32f1xx_hal_uart.o
        56         18          0          0          0       5672   stm32f1xx_it.o
         2          0         24          4          0       1235   system_stm32f1xx.o
       284         30          0          0        208       2040   usart.o

    ----------------------------------------------------------------------
      7948        530        398         24       1984     553611   Object Totals
         0          0         32          0          0          0   (incl. Generated)
        18          0          0          0          3          0   (incl. Padding)

    ----------------------------------------------------------------------

      Code (inc. data)   RO Data    RW Data    ZI Data      Debug   Library Member Name

         8          0          0          0          0         68   __main.o
       104          0          0          0          0         84   __printf.o
         0          0          0          0          0          0   __rtentry.o
        12          0          0          0          0          0   __rtentry2.o
         6          0          0          0          0          0   __rtentry4.o
        52          8          0          0          0          0   __scatter.o
        26          0          0          0          0          0   __scatter_copy.o
        28          0          0          0          0          0   __scatter_zi.o
        48          6          0          0          0         96   _printf_char_common.o
        36          4          0          0          0         80   _printf_char_file.o
         6          0          0          0          0          0   _printf_f.o
      1054          0          0          0          0        216   _printf_fp_dec.o
       128         16          0          0          0         84   _printf_fp_infnan.o
         0          0          0          0          0          0   _printf_percent.o
         4          0          0          0          0          0   _printf_percent_end.o
       228          4        148          0          0         96   bigflt0.o
      1936        128          0          0          0        672   btod.o
        10          0          0          0          0         68   defsig_exit.o
        50          0          0          0          0         88   defsig_general.o
        80         58          0          0          0         76   defsig_rtmem_inner.o
        14          0          0          0          0         80   defsig_rtmem_outer.o
        52         38          0          0          0         76   defsig_rtred_inner.o
        14          0          0          0          0         80   defsig_rtred_outer.o
        18          0          0          0          0         80   exit.o
        76          0          0          0          0         88   fclose.o
         8          0          0          0          0         68   ferror.o
       236          4          0          0          0        128   fopen.o
       248          6          0          0          0         84   fseek.o
        66          0          0          0          0         76   ftell.o
        94          0          0          0          0         80   h1_alloc.o
        52          0          0          0          0         68   h1_extend.o
        78          0          0          0          0         80   h1_free.o
        14          0          0          0          0         84   h1_init.o
         6          0          0          0          0        152   heapauxi.o
         4          0          0          0          0        136   hguard.o
         0          0          0          0          0          0   indicate_semi.o
       138          0          0          0          0        168   init_alloc.o
       312         46          0          0          0        112   initio.o
        44         10         28          0          0         76   lc_numeric_c.o
         2          0          0          0          0          0   libinit.o
        30          0          0          0          0          0   libinit2.o
         2          0          0          0          0          0   libshutdown.o
         6          0          0          0          0          0   libshutdown2.o
         8          4          0          0         96         68   libspace.o
       138          0          0          0          0         80   lludiv10.o
         0          0          0          0          0          0   maybetermalloc1.o
        24          4          0          0          0         84   noretval__2printf.o
         8          4          0          0          0         68   rt_errno_addr_intlibspace.o
         8          4          0          0          0         68   rt_heap_descriptor_intlibspace.o
         8          4          0          0          0         68   rt_locale_intlibspace.o
        78          0          0          0          0         80   rt_memclr_w.o
       100          0          0          0          0         80   rt_memcpy_w.o
         2          0          0          0          0          0   rtexit.o
        10          0          0          0          0          0   rtexit2.o
        70          0          0          0          0         80   setvbuf.o
       240          6          0          0          0        156   stdio.o
         0          0          0         12        252          0   stdio_streams.o
       128          0          0          0          0         68   strcmpv7m.o
        62          0          0          0          0         76   strlen.o
        12          4          0          0          0         68   sys_exit.o
       102          0         12          0          0        240   sys_io.o
        74          0          0          0          0         80   sys_stackheap_outer.o
        14          0          0          0          0         76   sys_wrch.o
         2          0          0          0          0         68   use_no_semi.o
        98          4          0          0          0         92   d2f.o
       804         16          0          0          0        272   daddsub_clz.o
        16          4          0          0          0         68   dcheck1.o
       340         12          0          0          0        104   dmul.o
       156          4          0          0          0         92   dnaninf.o
        12          0          0          0          0         68   dretinf.o
        86          4          0          0          0         84   f2d.o
       430          8          0          0          0        168   faddsub_clz.o
        12          4          0          0          0         68   fcheck1.o
       388         76          0          0          0         96   fdiv.o
        48          0          0          0          0         68   fflt_clz.o
       258          4          0          0          0         84   fmul.o
       140          4          0          0          0         84   fnaninf.o
        10          0          0          0          0         68   fretinf.o
         4          0          0          0          0         68   printf1.o
       100          0          0          0          0         68   retnan.o
        92          0          0          0          0         68   scalbn.o
        76          0          0          0          0         68   scalbnf.o
        48          0          0          0          0         68   trapv.o
         0          0          0          0          0          0   usenofp.o
        40          0          0          0          0         68   fpclassify.o

    ----------------------------------------------------------------------
      9598        498        188         12        348       6676   Library Totals
        22          0          0          0          0          0   (incl. Padding)

    ----------------------------------------------------------------------

      Code (inc. data)   RO Data    RW Data    ZI Data      Debug   Library Name

      6418        358        188         12        348       4852   c_w.l
      3118        140          0          0          0       1756   fz_ws.l
        40          0          0          0          0         68   m_ws.l

    ----------------------------------------------------------------------
      9598        498        188         12        348       6676   Library Totals

    ----------------------------------------------------------------------

==============================================================================


      Code (inc. data)   RO Data    RW Data    ZI Data      Debug   

     17546       1028        586         36       2332     552795   Grand Totals
     17546       1028        586         36       2332     552795   ELF Image Totals
     17546       1028        586         36          0          0   ROM Totals

==============================================================================

    Total RO  Size (Code + RO Data)                18132 (  17.71kB)
    Total RW  Size (RW Data + ZI Data)              2368 (   2.31kB)
    Total ROM Size (Code + RO Data + RW Data)      18168 (  17.74kB)

==============================================================================

