Component: ARM Compiler 5.06 update 6 (build 750) Tool: armlink [4d35ed]

==============================================================================

Section Cross References

    startup_stm32f103xe.o(RESET) refers to startup_stm32f103xe.o(STACK) for __initial_sp
    startup_stm32f103xe.o(RESET) refers to startup_stm32f103xe.o(.text) for Reset_Handler
    startup_stm32f103xe.o(RESET) refers to stm32f1xx_it.o(i.NMI_Handler) for NMI_Handler
    startup_stm32f103xe.o(RESET) refers to stm32f1xx_it.o(i.HardFault_Handler) for HardFault_Handler
    startup_stm32f103xe.o(RESET) refers to stm32f1xx_it.o(i.MemManage_Handler) for MemManage_Handler
    startup_stm32f103xe.o(RESET) refers to stm32f1xx_it.o(i.BusFault_Handler) for BusFault_Handler
    startup_stm32f103xe.o(RESET) refers to stm32f1xx_it.o(i.UsageFault_Handler) for UsageFault_Handler
    startup_stm32f103xe.o(RESET) refers to stm32f1xx_it.o(i.SVC_Handler) for SVC_Handler
    startup_stm32f103xe.o(RESET) refers to stm32f1xx_it.o(i.DebugMon_Handler) for DebugMon_Handler
    startup_stm32f103xe.o(RESET) refers to stm32f1xx_it.o(i.PendSV_Handler) for PendSV_Handler
    startup_stm32f103xe.o(RESET) refers to stm32f1xx_it.o(i.SysTick_Handler) for SysTick_Handler
    startup_stm32f103xe.o(RESET) refers to stm32f1xx_it.o(i.DMA1_Channel4_IRQHandler) for DMA1_Channel4_IRQHandler
    startup_stm32f103xe.o(RESET) refers to stm32f1xx_it.o(i.DMA1_Channel5_IRQHandler) for DMA1_Channel5_IRQHandler
    startup_stm32f103xe.o(RESET) refers to stm32f1xx_it.o(i.USART1_IRQHandler) for USART1_IRQHandler
    startup_stm32f103xe.o(.text) refers to system_stm32f1xx.o(i.SystemInit) for SystemInit
    startup_stm32f103xe.o(.text) refers to entry.o(.ARM.Collect$$$$00000000) for __main
    printf.o(i.fgetc) refers to stm32f1xx_hal_uart.o(i.HAL_UART_Receive) for HAL_UART_Receive
    printf.o(i.fgetc) refers to usart.o(.bss) for huart1
    printf.o(i.fputc) refers to stm32f1xx_hal_uart.o(i.HAL_UART_Transmit) for HAL_UART_Transmit
    printf.o(i.fputc) refers to usart.o(.bss) for huart1
    main.o(i.SystemClock_Config) refers to memseta.o(.text) for __aeabi_memclr4
    main.o(i.SystemClock_Config) refers to stm32f1xx_hal_rcc.o(i.HAL_RCC_OscConfig) for HAL_RCC_OscConfig
    main.o(i.SystemClock_Config) refers to stm32f1xx_hal_rcc.o(i.HAL_RCC_ClockConfig) for HAL_RCC_ClockConfig
    main.o(i.UART_IDLE_Callback) refers to stm32f1xx_hal_uart.o(i.HAL_UART_DMAStop) for HAL_UART_DMAStop
    main.o(i.UART_IDLE_Callback) refers to stm32f1xx_hal_uart.o(i.HAL_UART_Receive_DMA) for HAL_UART_Receive_DMA
    main.o(i.UART_IDLE_Callback) refers to printfa.o(i.__0sprintf) for __2sprintf
    main.o(i.UART_IDLE_Callback) refers to main.o(.bss) for .bss
    main.o(i.UART_IDLE_Callback) refers to usart.o(.bss) for huart1
    main.o(i.main) refers to stm32f1xx_hal.o(i.HAL_Init) for HAL_Init
    main.o(i.main) refers to main.o(i.SystemClock_Config) for SystemClock_Config
    main.o(i.main) refers to gpio.o(i.MX_GPIO_Init) for MX_GPIO_Init
    main.o(i.main) refers to dma.o(i.MX_DMA_Init) for MX_DMA_Init
    main.o(i.main) refers to spi.o(i.MX_SPI1_Init) for MX_SPI1_Init
    main.o(i.main) refers to usart.o(i.MX_USART1_UART_Init) for MX_USART1_UART_Init
    main.o(i.main) refers to bsp_dwt.o(i.DWT_Init) for DWT_Init
    main.o(i.main) refers to stm32f1xx_hal_uart.o(i.HAL_UART_Receive_DMA) for HAL_UART_Receive_DMA
    main.o(i.main) refers to mpu6500.o(i.mpu6500_init) for mpu6500_init
    main.o(i.main) refers to mpu6500.o(i.Get_MPU6500_Data) for Get_MPU6500_Data
    main.o(i.main) refers to mahony.o(i.quaternion_init) for quaternion_init
    main.o(i.main) refers to bsp_dwt.o(i.DWT_GetDeltaT) for DWT_GetDeltaT
    main.o(i.main) refers to mahony.o(i.Mahony_update) for Mahony_update
    main.o(i.main) refers to f2d.o(.text) for __aeabi_f2d
    main.o(i.main) refers to printfa.o(i.__0printf) for __2printf
    main.o(i.main) refers to stm32f1xx_hal.o(i.HAL_Delay) for HAL_Delay
    main.o(i.main) refers to usart.o(.bss) for huart1
    main.o(i.main) refers to main.o(.bss) for .bss
    main.o(i.main) refers to main.o(.data) for .data
    main.o(i.main) refers to mahony.o(.bss) for angle
    gpio.o(i.MX_GPIO_Init) refers to stm32f1xx_hal_gpio.o(i.HAL_GPIO_WritePin) for HAL_GPIO_WritePin
    gpio.o(i.MX_GPIO_Init) refers to stm32f1xx_hal_gpio.o(i.HAL_GPIO_Init) for HAL_GPIO_Init
    dma.o(i.MX_DMA_Init) refers to stm32f1xx_hal_cortex.o(i.HAL_NVIC_SetPriority) for HAL_NVIC_SetPriority
    dma.o(i.MX_DMA_Init) refers to stm32f1xx_hal_cortex.o(i.HAL_NVIC_EnableIRQ) for HAL_NVIC_EnableIRQ
    spi.o(i.HAL_SPI_MspDeInit) refers to stm32f1xx_hal_gpio.o(i.HAL_GPIO_DeInit) for HAL_GPIO_DeInit
    spi.o(i.HAL_SPI_MspInit) refers to stm32f1xx_hal_gpio.o(i.HAL_GPIO_Init) for HAL_GPIO_Init
    spi.o(i.MX_SPI1_Init) refers to stm32f1xx_hal_spi.o(i.HAL_SPI_Init) for HAL_SPI_Init
    spi.o(i.MX_SPI1_Init) refers to main.o(i.Error_Handler) for Error_Handler
    spi.o(i.MX_SPI1_Init) refers to spi.o(.bss) for .bss
[...]
    ../clib/microlib/init/entry.s            0x00000000   Number         0  entry9a.o ABSOLUTE
    ../clib/microlib/init/entry.s            0x00000000   Number         0  entry.o ABSOLUTE
    ../clib/microlib/init/entry.s            0x00000000   Number         0  entry7a.o ABSOLUTE
    ../clib/microlib/init/entry.s            0x00000000   Number         0  entry2.o ABSOLUTE
    ../clib/microlib/init/entry.s            0x00000000   Number         0  entry10b.o ABSOLUTE
    ../clib/microlib/init/entry.s            0x00000000   Number         0  entry10a.o ABSOLUTE
    ../clib/microlib/init/entry.s            0x00000000   Number         0  entry5.o ABSOLUTE
    ../clib/microlib/longlong.c              0x00000000   Number         0  llshl.o ABSOLUTE
    ../clib/microlib/longlong.c              0x00000000   Number         0  llsshr.o ABSOLUTE
    ../clib/microlib/longlong.c              0x00000000   Number         0  llushr.o ABSOLUTE
    ../clib/microlib/printf/printf.c         0x00000000   Number         0  printf6.o ABSOLUTE
    ../clib/microlib/printf/printf.c         0x00000000   Number         0  printf5.o ABSOLUTE
    ../clib/microlib/printf/printf.c         0x00000000   Number         0  printf4.o ABSOLUTE
    ../clib/microlib/printf/printf.c         0x00000000   Number         0  printf3.o ABSOLUTE
    ../clib/microlib/printf/printf.c         0x00000000   Number         0  printf2.o ABSOLUTE
    ../clib/microlib/printf/printf.c         0x00000000   Number         0  printf1.o ABSOLUTE
    ../clib/microlib/printf/printf.c         0x00000000   Number         0  printf0.o ABSOLUTE
    ../clib/microlib/printf/printf.c         0x00000000   Number         0  printfb.o ABSOLUTE
    ../clib/microlib/printf/printf.c         0x00000000   Number         0  printfa.o ABSOLUTE
    ../clib/microlib/printf/printf.c         0x00000000   Number         0  printf7.o ABSOLUTE
    ../clib/microlib/printf/printf.c         0x00000000   Number         0  printf8.o ABSOLUTE
    ../clib/microlib/printf/stubs.s          0x00000000   Number         0  stubs.o ABSOLUTE
    ../clib/microlib/stdio/streams.c         0x00000000   Number         0  stdout.o ABSOLUTE
    ../clib/microlib/string/memcpy.c         0x00000000   Number         0  memcpyb.o ABSOLUTE
    ../clib/microlib/string/memcpy.c         0x00000000   Number         0  memcpya.o ABSOLUTE
    ../clib/microlib/string/memset.c         0x00000000   Number         0  memseta.o ABSOLUTE
    ../clib/microlib/stubs.s                 0x00000000   Number         0  iusefp.o ABSOLUTE
    ../fplib/microlib/d2f.c                  0x00000000   Number         0  d2f.o ABSOLUTE
    ../fplib/microlib/f2d.c                  0x00000000   Number         0  f2d.o ABSOLUTE
    ../fplib/microlib/fpadd.c                0x00000000   Number         0  fadd.o ABSOLUTE
    ../fplib/microlib/fpadd.c                0x00000000   Number         0  dadd.o ABSOLUTE
    ../fplib/microlib/fpdiv.c                0x00000000   Number         0  fdiv.o ABSOLUTE
    ../fplib/microlib/fpdiv.c                0x00000000   Number         0  ddiv.o ABSOLUTE
    ../fplib/microlib/fpepilogue.c           0x00000000   Number         0  fepilogue.o ABSOLUTE
    ../fplib/microlib/fpepilogue.c           0x00000000   Number         0  depilogue.o ABSOLUTE
    ../fplib/microlib/fpfix.c                0x00000000   Number         0  ffixl.o ABSOLUTE
    ../fplib/microlib/fpfix.c                0x00000000   Number         0  ffixui.o ABSOLUTE
    ../fplib/microlib/fpfix.c                0x00000000   Number         0  ffixi.o ABSOLUTE
    ../fplib/microlib/fpfix.c                0x00000000   Number         0  dfixul.o ABSOLUTE
    ../fplib/microlib/fpfix.c                0x00000000   Number         0  dfixi.o ABSOLUTE
    ../fplib/microlib/fpfix.c                0x00000000   Number         0  ffixir.o ABSOLUTE
    ../fplib/microlib/fpflt.c                0x00000000   Number         0  ffltui.o ABSOLUTE
    ../fplib/microlib/fpflt.c                0x00000000   Number         0  dfltui.o ABSOLUTE
    ../fplib/microlib/fpflt.c                0x00000000   Number         0  fflti.o ABSOLUTE
    ../fplib/microlib/fpflt.c                0x00000000   Number         0  dflti.o ABSOLUTE
    ../fplib/microlib/fpmul.c                0x00000000   Number         0  dmul.o ABSOLUTE
    ../fplib/microlib/fpmul.c                0x00000000   Number         0  fmul.o ABSOLUTE
    ../fplib/microlib/fprnd.c                0x00000000   Number         0  frnd.o ABSOLUTE
    ../fplib/microlib/fpscalb.c              0x00000000   Number         0  dscalb.o ABSOLUTE
    ../fplib/microlib/fpscalb.c              0x00000000   Number         0  fscalb.o ABSOLUTE
    ../fplib/microlib/fpsqrt.c               0x00000000   Number         0  fsqrt.o ABSOLUTE
    ../fplib/microlib/fpsqrt.c               0x00000000   Number         0  dsqrt.o ABSOLUTE
    ../fplib/microlib/fpstat.c               0x00000000   Number         0  fpstat.o ABSOLUTE
    ../mathlib/asin.c                        0x00000000   Number         0  asin.o ABSOLUTE
    ../mathlib/asin.c                        0x00000000   Number         0  asin_x.o ABSOLUTE
    ../mathlib/atan.c                        0x00000000   Number         0  atan_x.o ABSOLUTE
    ../mathlib/atan.c                        0x00000000   Number         0  atan.o ABSOLUTE
    ../mathlib/atan2.c                       0x00000000   Number         0  atan2_x.o ABSOLUTE
    ../mathlib/atan2.c                       0x00000000   Number         0  atan2.o ABSOLUTE
    ../mathlib/cos.c                         0x00000000   Number         0  cos.o ABSOLUTE
    ../mathlib/cos.c                         0x00000000   Number         0  cos_x.o ABSOLUTE
    ../mathlib/cos_i.c                       0x00000000   Number         0  cos_i.o ABSOLUTE
    ../mathlib/dunder.c                      0x00000000   Number         0  dunder.o ABSOLUTE
    ../mathlib/expf.c                        0x00000000   Number         0  expf_x.o ABSOLUTE
    ../mathlib/expf.c                        0x00000000   Number         0  expf.o ABSOLUTE
    ../mathlib/fpclassify.c                  0x00000000   Number         0  fpclassify.o ABSOLUTE
    ../mathlib/fpclassifyf.c                 0x00000000   Number         0  fpclassifyf.o ABSOLUTE
    ../mathlib/funder.c                      0x00000000   Number         0  funder.o ABSOLUTE
    ../mathlib/log.c                         0x00000000   Number         0  log.o ABSOLUTE
    ../mathlib/log.c                         0x00000000   Number         0  log_x.o ABSOLUTE
    ../mathlib/logf.c                        0x00000000   Number         0  logf.o ABSOLUTE
    ../mathlib/logf.c                        0x00000000   Number         0  logf_x.o ABSOLUTE
    ../mathlib/poly.c                        0x00000000   Number         0  poly.o ABSOLUTE
    ../mathlib/powf.c                        0x00000000   Number         0  powf.o ABSOLUTE
    ../mathlib/powf.c                        0x00000000   Number         0  powf_x.o ABSOLUTE
    ../mathlib/qnan.c                        0x00000000   Number         0  qnan.o ABSOLUTE
    ../mathlib/rred.c                        0x00000000   Number         0  rred.o ABSOLUTE
    ../mathlib/sin.c                         0x00000000   Number         0  sin.o ABSOLUTE
    ../mathlib/sin.c                         0x00000000   Number         0  sin_x.o ABSOLUTE
    ../mathlib/sin_i.c                       0x00000000   Number         0  sin_i_x.o ABSOLUTE
    ../mathlib/sin_i.c                       0x00000000   Number         0  sin_i.o ABSOLUTE
    ../mathlib/sqrt.c                        0x00000000   Number         0  sqrt_x.o ABSOLUTE
    ../mathlib/sqrt.c                        0x00000000   Number         0  sqrt.o ABSOLUTE
    ../mathlib/sqrtf.c                       0x00000000   Number         0  sqrtf_x.o ABSOLUTE
    ../mathlib/sqrtf.c                       0x00000000   Number         0  sqrtf.o ABSOLUTE
    ../mathlib/tanhf.c                       0x00000000   Number         0  tanhf.o ABSOLUTE
    ../mathlib/tanhf.c                       0x00000000   Number         0  tanhf_x.o ABSOLUTE
    ..\Bsp\bsp_dwt.c                         0x00000000   Number         0  bsp_dwt.o ABSOLUTE
    ..\Core\Src\dma.c                        0x00000000   Number         0  dma.o ABSOLUTE
    ..\Core\Src\gpio.c                       0x00000000   Number         0  gpio.o ABSOLUTE
    ..\Core\Src\main.c                       0x00000000   Number         0  main.o ABSOLUTE
    ..\Core\Src\printf.c                     0x00000000   Number         0  printf.o ABSOLUTE
    ..\Core\Src\spi.c                        0x00000000   Number         0  spi.o ABSOLUTE
    ..\Core\Src\stm32f1xx_hal_msp.c          0x00000000   Number         0  stm32f1xx_hal_msp.o ABSOLUTE
    ..\Core\Src\stm32f1xx_it.c               0x00000000   Number         0  stm32f1xx_it.o ABSOLUTE
    ..\Core\Src\system_stm32f1xx.c           0x00000000   Number         0  system_stm32f1xx.o ABSOLUTE
    ..\Core\Src\usart.c                      0x00000000   Number         0  usart.o ABSOLUTE
    ..\Drivers\MPU6500\mahony.c              0x00000000   Number         0  mahony.o ABSOLUTE
    ..\Drivers\MPU6500\mpu6500.c             0x00000000   Number         0  mpu6500.o ABSOLUTE
    ..\Drivers\STM32F1xx_HAL_Driver\Src\stm32f1xx_hal.c 0x00000000   Number         0  stm32f1xx_hal.o ABSOLUTE
    ..\Drivers\STM32F1xx_HAL_Driver\Src\stm32f1xx_hal_cortex.c 0x00000000   Number         0  stm32f1xx_hal_cortex.o ABSOLUTE
    ..\Drivers\STM32F1xx_HAL_Driver\Src\stm32f1xx_hal_dma.c 0x00000000   Number         0  stm32f1xx_hal_dma.o ABSOLUTE
    ..\Drivers\STM32F1xx_HAL_Driver\Src\stm32f1xx_hal_exti.c 0x00000000   Number         0  stm32f1xx_hal_exti.o ABSOLUTE
    ..\Drivers\STM32F1xx_HAL_Driver\Src\stm32f1xx_hal_flash.c 0x00000000   Number         0  stm32f1xx_hal_flash.o ABSOLUTE
    ..\Drivers\STM32F1xx_HAL_Driver\Src\stm32f1xx_hal_flash_ex.c 0x00000000   Number         0  stm32f1xx_hal_flash_ex.o ABSOLUTE
    ..\Drivers\STM32F1xx_HAL_Driver\Src\stm32f1xx_hal_gpio.c 0x00000000   Number         0  stm32f1xx_hal_gpio.o ABSOLUTE
    ..\Drivers\STM32F1xx_HAL_Driver\Src\stm32f1xx_hal_gpio_ex.c 0x00000000   Number         0  stm32f1xx_hal_gpio_ex.o ABSOLUTE
    ..\Drivers\STM32F1xx_HAL_Driver\Src\stm32f1xx_hal_pwr.c 0x00000000   Number         0  stm32f1xx_hal_pwr.o ABSOLUTE
    ..\Drivers\STM32F1xx_HAL_Driver\Src\stm32f1xx_hal_rcc.c 0x00000000   Number         0  stm32f1xx_hal_rcc.o ABSOLUTE
    ..\Drivers\STM32F1xx_HAL_Driver\Src\stm32f1xx_hal_rcc_ex.c 0x00000000   Number         0  stm32f1xx_hal_rcc_ex.o ABSOLUTE
    ..\Drivers\STM32F1xx_HAL_Driver\Src\stm32f1xx_hal_spi.c 0x00000000   Number         0  stm32f1xx_hal_spi.o ABSOLUTE
    ..\Drivers\STM32F1xx_HAL_Driver\Src\stm32f1xx_hal_tim.c 0x00000000   Number         0  stm32f1xx_hal_tim.o ABSOLUTE
    ..\Drivers\STM32F1xx_HAL_Driver\Src\stm32f1xx_hal_tim_ex.c 0x00000000   Number         0  stm32f1xx_hal_tim_ex.o ABSOLUTE
    ..\Drivers\STM32F1xx_HAL_Driver\Src\stm32f1xx_hal_uart.c 0x00000000   Number         0  stm32f1xx_hal_uart.o ABSOLUTE
    ..\\Bsp\\bsp_dwt.c                       0x00000000   Number         0  bsp_dwt.o ABSOLUTE
    ..\\Core\\Src\\printf.c                  0x00000000   Number         0  printf.o ABSOLUTE
    ..\\Drivers\\MPU6500\\mahony.c           0x00000000   Number         0  mahony.o ABSOLUTE
    ..\\Drivers\\MPU6500\\mpu6500.c          0x00000000   Number         0  mpu6500.o ABSOLUTE
    D:\Keil\Pack\ARM\CMSIS\5.7.0\CMSIS\DSP\Source\BasicMathFunctions\BasicMathFunctions.c 0x00000000   Number         0  basicmathfunctions.o ABSOLUTE
    D:\Keil\Pack\ARM\CMSIS\5.7.0\CMSIS\DSP\Source\BayesFunctions\BayesFunctions.c 0x00000000   Number         0  bayesfunctions.o ABSOLUTE
    D:\Keil\Pack\ARM\CMSIS\5.7.0\CMSIS\DSP\Source\CommonTables\CommonTables.c 0x00000000   Number         0  commontables.o ABSOLUTE
    D:\Keil\Pack\ARM\CMSIS\5.7.0\CMSIS\DSP\Source\ComplexMathFunctions\ComplexMathFunctions.c 0x00000000   Number         0  complexmathfunctions.o ABSOLUTE
    D:\Keil\Pack\ARM\CMSIS\5.7.0\CMSIS\DSP\Source\ControllerFunctions\ControllerFunctions.c 0x00000000   Number         0  controllerfunctions.o ABSOLUTE
    D:\Keil\Pack\ARM\CMSIS\5.7.0\CMSIS\DSP\Source\DistanceFunctions\DistanceFunctions.c 0x00000000   Number         0  distancefunctions.o ABSOLUTE
    D:\Keil\Pack\ARM\CMSIS\5.7.0\CMSIS\DSP\Source\FastMathFunctions\FastMathFunctions.c 0x00000000   Number         0  fastmathfunctions.o ABSOLUTE
    D:\Keil\Pack\ARM\CMSIS\5.7.0\CMSIS\DSP\Source\FilteringFunctions\FilteringFunctions.c 0x00000000   Number         0  filteringfunctions.o ABSOLUTE
    D:\Keil\Pack\ARM\CMSIS\5.7.0\CMSIS\DSP\Source\MatrixFunctions\MatrixFunctions.c 0x00000000   Number         0  matrixfunctions.o ABSOLUTE
    D:\Keil\Pack\ARM\CMSIS\5.7.0\CMSIS\DSP\Source\SVMFunctions\SVMFunctions.c 0x00000000   Number         0  svmfunctions.o ABSOLUTE
    D:\Keil\Pack\ARM\CMSIS\5.7.0\CMSIS\DSP\Source\StatisticsFunctions\StatisticsFunctions.c 0x00000000   Number         0  statisticsfunctions.o ABSOLUTE
    D:\Keil\Pack\ARM\CMSIS\5.7.0\CMSIS\DSP\Source\SupportFunctions\SupportFunctions.c 0x00000000   Number         0  supportfunctions.o ABSOLUTE
    D:\Keil\Pack\ARM\CMSIS\5.7.0\CMSIS\DSP\Source\TransformFunctions\TransformFunctions.c 0x00000000   Number         0  transformfunctions.o ABSOLUTE
    D:\\Keil\\Pack\\ARM\\CMSIS\\5.7.0\\CMSIS\\DSP\\Source\\BasicMathFunctions\\BasicMathFunctions.c 0x00000000   Number         0  basicmathfunctions.o ABSOLUTE
    D:\\Keil\\Pack\\ARM\\CMSIS\\5.7.0\\CMSIS\\DSP\\Source\\BayesFunctions\\BayesFunctions.c 0x00000000   Number         0  bayesfunctions.o ABSOLUTE
    D:\\Keil\\Pack\\ARM\\CMSIS\\5.7.0\\CMSIS\\DSP\\Source\\CommonTables\\CommonTables.c 0x00000000   Number         0  commontables.o ABSOLUTE
    D:\\Keil\\Pack\\ARM\\CMSIS\\5.7.0\\CMSIS\\DSP\\Source\\ComplexMathFunctions\\ComplexMathFunctions.c 0x00000000   Number         0  complexmathfunctions.o ABSOLUTE
    D:\\Keil\\Pack\\ARM\\CMSIS\\5.7.0\\CMSIS\\DSP\\Source\\ControllerFunctions\\ControllerFunctions.c 0x00000000   Number         0  controllerfunctions.o ABSOLUTE
    D:\\Keil\\Pack\\ARM\\CMSIS\\5.7.0\\CMSIS\\DSP\\Source\\DistanceFunctions\\DistanceFunctions.c 0x00000000   Number         0  distancefunctions.o ABSOLUTE
    D:\\Keil\\Pack\\ARM\\CMSIS\\5.7.0\\CMSIS\\DSP\\Source\\FastMathFunctions\\FastMathFunctions.c 0x00000000   Number         0  fastmathfunctions.o ABSOLUTE
    D:\\Keil\\Pack\\ARM\\CMSIS\\5.7.0\\CMSIS\\DSP\\Source\\FilteringFunctions\\FilteringFunctions.c 0x00000000   Number         0  filteringfunctions.o ABSOLUTE
    D:\\Keil\\Pack\\ARM\\CMSIS\\5.7.0\\CMSIS\\DSP\\Source\\MatrixFunctions\\MatrixFunctions.c 0x00000000   Number         0  matrixfunctions.o ABSOLUTE
    D:\\Keil\\Pack\\ARM\\CMSIS\\5.7.0\\CMSIS\\DSP\\Source\\SVMFunctions\\SVMFunctions.c 0x00000000   Number         0  svmfunctions.o ABSOLUTE
    D:\\Keil\\Pack\\ARM\\CMSIS\\5.7.0\\CMSIS\\DSP\\Source\\StatisticsFunctions\\StatisticsFunctions.c 0x00000000   Number         0  statisticsfunctions.o ABSOLUTE
    D:\\Keil\\Pack\\ARM\\CMSIS\\5.7.0\\CMSIS\\DSP\\Source\\SupportFunctions\\SupportFunctions.c 0x00000000   Number         0  supportfunctions.o ABSOLUTE
    D:\\Keil\\Pack\\ARM\\CMSIS\\5.7.0\\CMSIS\\DSP\\Source\\TransformFunctions\\TransformFunctions.c 0x00000000   Number         0  transformfunctions.o ABSOLUTE
    cdcmple.s                                0x00000000   Number         0  cdcmple.o ABSOLUTE
    cdrcmple.s                               0x00000000   Number         0  cdrcmple.o ABSOLUTE
    cfcmple.s                                0x00000000   Number         0  cfcmple.o ABSOLUTE
    cfrcmple.s                               0x00000000   Number         0  cfrcmple.o ABSOLUTE
    dc.s                                     0x00000000   Number         0  dc.o ABSOLUTE
    handlers.s                               0x00000000   Number         0  handlers.o ABSOLUTE
    init.s                                   0x00000000   Number         0  init.o ABSOLUTE
    startup_stm32f103xe.s                    0x00000000   Number         0  startup_stm32f103xe.o ABSOLUTE
    RESET                                    0x08000000   Section      304  startup_stm32f103xe.o(RESET)
    .ARM.Collect$$$$00000000                 0x08000130   Section        0  entry.o(.ARM.Collect$$$$00000000)
    .ARM.Collect$$$$00000001                 0x08000130   Section        4  entry2.o(.ARM.Collect$$$$00000001)
    .ARM.Collect$$$$00000004                 0x08000134   Section        4  entry5.o(.ARM.Collect$$$$00000004)
    .ARM.Collect$$$$00000008                 0x08000138   Section        0  entry7b.o(.ARM.Collect$$$$00000008)
    .ARM.Collect$$$$0000000A                 0x08000138   Section        0  entry8b.o(.ARM.Collect$$$$0000000A)
    .ARM.Collect$$$$0000000B                 0x08000138   Section        8  entry9a.o(.ARM.Collect$$$$0000000B)
    .ARM.Collect$$$$0000000D                 0x08000140   Section        0  entry10a.o(.ARM.Collect$$$$0000000D)
    .ARM.Collect$$$$0000000F                 0x08000140   Section        0  entry11a.o(.ARM.Collect$$$$0000000F)
    .ARM.Collect$$$$00002712                 0x08000140   Section        4  entry2.o(.ARM.Collect$$$$00002712)
    __lit__00000000                          0x08000140   Data           4  entry2.o(.ARM.Collect$$$$00002712)
    .text                                    0x08000144   Section       36  startup_stm32f103xe.o(.text)
    .text                                    0x08000168   Section        0  uldiv.o(.text)
    .text                                    0x080001ca   Section        0  llshl.o(.text)
    .text                                    0x080001e8   Section        0  llushr.o(.text)
    .text                                    0x08000208   Section        0  llsshr.o(.text)
    .text                                    0x0800022c   Section        0  memcpya.o(.text)
    .text                                    0x08000250   Section        0  memseta.o(.text)
    .text                                    0x08000274   Section        0  fadd.o(.text)
    .text                                    0x08000324   Section        0  fmul.o(.text)
    .text                                    0x08000388   Section        0  fdiv.o(.text)
    .text                                    0x08000404   Section        0  fscalb.o(.text)
    .text                                    0x0800041c   Section        0  dadd.o(.text)
    .text                                    0x0800056a   Section        0  dmul.o(.text)
    .text                                    0x0800064e   Section        0  ddiv.o(.text)
    .text                                    0x0800072c   Section        0  dscalb.o(.text)
    .text                                    0x0800075a   Section        0  fflti.o(.text)
    .text                                    0x0800076c   Section        0  ffltui.o(.text)
    .text                                    0x08000776   Section        0  dfltui.o(.text)
    .text                                    0x08000790   Section        0  f2d.o(.text)
    .text                                    0x080007b6   Section        0  d2f.o(.text)
    .text                                    0x080007ee   Section        0  uidiv.o(.text)
    .text                                    0x0800081a   Section        0  iusefp.o(.text)
    .text                                    0x0800081a   Section        0  fepilogue.o(.text)
    .text                                    0x08000888   Section        0  depilogue.o(.text)
    .text                                    0x08000942   Section        0  dsqrt.o(.text)
    .text                                    0x080009e4   Section        0  dflti.o(.text)
    .text                                    0x08000a06   Section        0  dfixul.o(.text)
    .text                                    0x08000a38   Section       48  cdrcmple.o(.text)
    .text                                    0x08000a68   Section       36  init.o(.text)
    .text                                    0x08000a8c   Section        0  dfixi.o(.text)
    i.BusFault_Handler                       0x08000aca   Section        0  stm32f1xx_it.o(i.BusFault_Handler)
    i.DMA1_Channel4_IRQHandler               0x08000acc   Section        0  stm32f1xx_it.o(i.DMA1_Channel4_IRQHandler)
    i.DMA1_Channel5_IRQHandler               0x08000ad8   Section        0  stm32f1xx_it.o(i.DMA1_Channel5_IRQHandler)
    i.DMA_SetConfig                          0x08000ae4   Section        0  stm32f1xx_hal_dma.o(i.DMA_SetConfig)
    DMA_SetConfig                            0x08000ae5   Thumb Code    42  stm32f1xx_hal_dma.o(i.DMA_SetConfig)
    i.DWT_GetDeltaT                          0x08000b10   Section        0  bsp_dwt.o(i.DWT_GetDeltaT)
    i.DWT_Init                               0x08000b44   Section        0  bsp_dwt.o(i.DWT_Init)
    i.DebugMon_Handler                       0x08000b78   Section        0  stm32f1xx_it.o(i.DebugMon_Handler)
    i.Error_Handler                          0x08000b7a   Section        0  main.o(i.Error_Handler)
    i.Get_16Bit_Data                         0x08000b80   Section        0  mpu6500.o(i.Get_16Bit_Data)
    i.Get_MPU6500_Data                       0x08000bac   Section        0  mpu6500.o(i.Get_MPU6500_Data)
    i.HAL_DMA_Abort                          0x08000d6c   Section        0  stm32f1xx_hal_dma.o(i.HAL_DMA_Abort)
    i.HAL_DMA_Abort_IT                       0x08000db4   Section        0  stm32f1xx_hal_dma.o(i.HAL_DMA_Abort_IT)
    i.HAL_DMA_IRQHandler                     0x08000ee4   Section        0  stm32f1xx_hal_dma.o(i.HAL_DMA_IRQHandler)
    i.HAL_DMA_Init                           0x0800112c   Section        0  stm32f1xx_hal_dma.o(i.HAL_DMA_Init)
    i.HAL_DMA_Start_IT                       0x080011a8   Section        0  stm32f1xx_hal_dma.o(i.HAL_DMA_Start_IT)
    i.HAL_Delay                              0x08001218   Section        0  stm32f1xx_hal.o(i.HAL_Delay)
    i.HAL_GPIO_Init                          0x0800123c   Section        0  stm32f1xx_hal_gpio.o(i.HAL_GPIO_Init)
    i.HAL_GPIO_WritePin                      0x08001434   Section        0  stm32f1xx_hal_gpio.o(i.HAL_GPIO_WritePin)
    i.HAL_GetTick                            0x08001440   Section        0  stm32f1xx_hal.o(i.HAL_GetTick)
    i.HAL_IncTick                            0x0800144c   Section        0  stm32f1xx_hal.o(i.HAL_IncTick)
    i.HAL_Init                               0x0800145c   Section        0  stm32f1xx_hal.o(i.HAL_Init)
    i.HAL_InitTick                           0x08001480   Section        0  stm32f1xx_hal.o(i.HAL_InitTick)
    i.HAL_MspInit                            0x080014c0   Section        0  stm32f1xx_hal_msp.o(i.HAL_MspInit)
    i.HAL_NVIC_EnableIRQ                     0x080014fc   Section        0  stm32f1xx_hal_cortex.o(i.HAL_NVIC_EnableIRQ)
    i.HAL_NVIC_SetPriority                   0x08001518   Section        0  stm32f1xx_hal_cortex.o(i.HAL_NVIC_SetPriority)
    i.HAL_NVIC_SetPriorityGrouping           0x08001558   Section        0  stm32f1xx_hal_cortex.o(i.HAL_NVIC_SetPriorityGrouping)
    i.HAL_RCC_ClockConfig                    0x0800157c   Section        0  stm32f1xx_hal_rcc.o(i.HAL_RCC_ClockConfig)
    i.HAL_RCC_GetPCLK1Freq                   0x080016a8   Section        0  stm32f1xx_hal_rcc.o(i.HAL_RCC_GetPCLK1Freq)
    i.HAL_RCC_GetPCLK2Freq                   0x080016c8   Section        0  stm32f1xx_hal_rcc.o(i.HAL_RCC_GetPCLK2Freq)
    i.HAL_RCC_GetSysClockFreq                0x080016e8   Section        0  stm32f1xx_hal_rcc.o(i.HAL_RCC_GetSysClockFreq)
    i.HAL_RCC_OscConfig                      0x08001734   Section        0  stm32f1xx_hal_rcc.o(i.HAL_RCC_OscConfig)
    i.HAL_SPI_Init                           0x08001a54   Section        0  stm32f1xx_hal_spi.o(i.HAL_SPI_Init)
    i.HAL_SPI_MspInit                        0x08001b08   Section        0  spi.o(i.HAL_SPI_MspInit)
    i.HAL_SPI_TransmitReceive                0x08001b78   Section        0  stm32f1xx_hal_spi.o(i.HAL_SPI_TransmitReceive)
    i.HAL_SYSTICK_Config                     0x08001d66   Section        0  stm32f1xx_hal_cortex.o(i.HAL_SYSTICK_Config)
    i.HAL_UARTEx_RxEventCallback             0x08001d8e   Section        0  stm32f1xx_hal_uart.o(i.HAL_UARTEx_RxEventCallback)
    i.HAL_UART_ErrorCallback                 0x08001d90   Section        0  stm32f1xx_hal_uart.o(i.HAL_UART_ErrorCallback)
    i.HAL_UART_IRQHandler                    0x08001d94   Section        0  stm32f1xx_hal_uart.o(i.HAL_UART_IRQHandler)
    i.HAL_UART_Init                          0x08002000   Section        0  stm32f1xx_hal_uart.o(i.HAL_UART_Init)
    i.HAL_UART_MspInit                       0x08002064   Section        0  usart.o(i.HAL_UART_MspInit)
    i.HAL_UART_Receive_DMA                   0x08002148   Section        0  stm32f1xx_hal_uart.o(i.HAL_UART_Receive_DMA)
    i.HAL_UART_RxCpltCallback                0x08002164   Section        0  stm32f1xx_hal_uart.o(i.HAL_UART_RxCpltCallback)
    i.HAL_UART_RxHalfCpltCallback            0x08002166   Section        0  stm32f1xx_hal_uart.o(i.HAL_UART_RxHalfCpltCallback)
    i.HAL_UART_Transmit                      0x08002168   Section        0  stm32f1xx_hal_uart.o(i.HAL_UART_Transmit)
    i.HAL_UART_TxCpltCallback                0x08002202   Section        0  stm32f1xx_hal_uart.o(i.HAL_UART_TxCpltCallback)
    i.HardFault_Handler                      0x08002204   Section        0  stm32f1xx_it.o(i.HardFault_Handler)
    i.MX_DMA_Init                            0x08002208   Section        0  dma.o(i.MX_DMA_Init)
    i.MX_GPIO_Init                           0x08002244   Section        0  gpio.o(i.MX_GPIO_Init)
    i.MX_SPI1_Init                           0x080022b4   Section        0  spi.o(i.MX_SPI1_Init)
    i.MX_USART1_UART_Init                    0x080022fc   Section        0  usart.o(i.MX_USART1_UART_Init)
    i.Mahony_update                          0x08002334   Section        0  mahony.o(i.Mahony_update)
    i.MemManage_Handler                      0x080025e4   Section        0  stm32f1xx_it.o(i.MemManage_Handler)
    i.NMI_Handler                            0x080025e6   Section        0  stm32f1xx_it.o(i.NMI_Handler)
    i.PendSV_Handler                         0x080025e8   Section        0  stm32f1xx_it.o(i.PendSV_Handler)
    i.SPI_EndRxTxTransaction                 0x080025ea   Section        0  stm32f1xx_hal_spi.o(i.SPI_EndRxTxTransaction)
    SPI_EndRxTxTransaction                   0x080025eb   Thumb Code    32  stm32f1xx_hal_spi.o(i.SPI_EndRxTxTransaction)
    i.SPI_WaitFlagStateUntilTimeout          0x0800260c   Section        0  stm32f1xx_hal_spi.o(i.SPI_WaitFlagStateUntilTimeout)
    SPI_WaitFlagStateUntilTimeout            0x0800260d   Thumb Code   180  stm32f1xx_hal_spi.o(i.SPI_WaitFlagStateUntilTimeout)
    i.SVC_Handler                            0x080026c4   Section        0  stm32f1xx_it.o(i.SVC_Handler)
    i.SysTick_Handler                        0x080026c6   Section        0  stm32f1xx_it.o(i.SysTick_Handler)
    i.SystemClock_Config                     0x080026ca   Section        0  main.o(i.SystemClock_Config)
    i.SystemInit                             0x08002728   Section        0  system_stm32f1xx.o(i.SystemInit)
    i.UART_DMAAbortOnError                   0x0800272a   Section        0  stm32f1xx_hal_uart.o(i.UART_DMAAbortOnError)
    UART_DMAAbortOnError                     0x0800272b   Thumb Code    16  stm32f1xx_hal_uart.o(i.UART_DMAAbortOnError)
    i.UART_DMAError                          0x0800273a   Section        0  stm32f1xx_hal_uart.o(i.UART_DMAError)
    UART_DMAError                            0x0800273b   Thumb Code    74  stm32f1xx_hal_uart.o(i.UART_DMAError)
    i.UART_DMAReceiveCplt                    0x08002784   Section        0  stm32f1xx_hal_uart.o(i.UART_DMAReceiveCplt)
    UART_DMAReceiveCplt                      0x08002785   Thumb Code   134  stm32f1xx_hal_uart.o(i.UART_DMAReceiveCplt)
    i.UART_DMARxHalfCplt                     0x0800280a   Section        0  stm32f1xx_hal_uart.o(i.UART_DMARxHalfCplt)
    UART_DMARxHalfCplt                       0x0800280b   Thumb Code    30  stm32f1xx_hal_uart.o(i.UART_DMARxHalfCplt)
    i.UART_EndRxTransfer                     0x08002828   Section        0  stm32f1xx_hal_uart.o(i.UART_EndRxTransfer)
    UART_EndRxTransfer                       0x08002829   Thumb Code    78  stm32f1xx_hal_uart.o(i.UART_EndRxTransfer)
    i.UART_EndTxTransfer                     0x08002876   Section        0  stm32f1xx_hal_uart.o(i.UART_EndTxTransfer)
    UART_EndTxTransfer                       0x08002877   Thumb Code    28  stm32f1xx_hal_uart.o(i.UART_EndTxTransfer)
    i.UART_Receive_IT                        0x08002892   Section        0  stm32f1xx_hal_uart.o(i.UART_Receive_IT)
    UART_Receive_IT                          0x08002893   Thumb Code   194  stm32f1xx_hal_uart.o(i.UART_Receive_IT)
    i.UART_SetConfig                         0x08002954   Section        0  stm32f1xx_hal_uart.o(i.UART_SetConfig)
    UART_SetConfig                           0x08002955   Thumb Code   178  stm32f1xx_hal_uart.o(i.UART_SetConfig)
    i.UART_Start_Receive_DMA                 0x08002a0c   Section        0  stm32f1xx_hal_uart.o(i.UART_Start_Receive_DMA)
    i.UART_WaitOnFlagUntilTimeout            0x08002a9c   Section        0  stm32f1xx_hal_uart.o(i.UART_WaitOnFlagUntilTimeout)
    UART_WaitOnFlagUntilTimeout              0x08002a9d   Thumb Code   120  stm32f1xx_hal_uart.o(i.UART_WaitOnFlagUntilTimeout)
    i.USART1_IRQHandler                      0x08002b14   Section        0  stm32f1xx_it.o(i.USART1_IRQHandler)
    i.UsageFault_Handler                     0x08002b20   Section        0  stm32f1xx_it.o(i.UsageFault_Handler)
    i.__0printf                              0x08002b24   Section        0  printfa.o(i.__0printf)
    i.__ARM_fpclassify                       0x08002b44   Section        0  fpclassify.o(i.__ARM_fpclassify)
    i.__NVIC_SetPriority                     0x08002b6c   Section        0  stm32f1xx_hal_cortex.o(i.__NVIC_SetPriority)
    __NVIC_SetPriority                       0x08002b6d   Thumb Code    32  stm32f1xx_hal_cortex.o(i.__NVIC_SetPriority)
    i.__ieee754_rem_pio2                     0x08002b8c   Section        0  rred.o(i.__ieee754_rem_pio2)
    i.__kernel_cos                           0x08002f14   Section        0  cos_i.o(i.__kernel_cos)
    i.__kernel_poly                          0x08003010   Section        0  poly.o(i.__kernel_poly)
    i.__kernel_sin                           0x080030bc   Section        0  sin_i.o(i.__kernel_sin)
    i.__mathlib_dbl_infnan                   0x080031a8   Section        0  dunder.o(i.__mathlib_dbl_infnan)
    i.__mathlib_dbl_infnan2                  0x080031ae   Section        0  dunder.o(i.__mathlib_dbl_infnan2)
    i.__mathlib_dbl_invalid                  0x080031b2   Section        0  dunder.o(i.__mathlib_dbl_invalid)
    i.__mathlib_dbl_underflow                0x080031c0   Section        0  dunder.o(i.__mathlib_dbl_underflow)
    i.__scatterload_copy                     0x080031d0   Section       14  handlers.o(i.__scatterload_copy)
    i.__scatterload_null                     0x080031de   Section        2  handlers.o(i.__scatterload_null)
    i.__scatterload_zeroinit                 0x080031e0   Section       14  handlers.o(i.__scatterload_zeroinit)
    i.__set_errno                            0x080031f0   Section        0  errno.o(i.__set_errno)
    i._fp_digits                             0x080031fc   Section        0  printfa.o(i._fp_digits)
    _fp_digits                               0x080031fd   Thumb Code   366  printfa.o(i._fp_digits)
    i._printf_core                           0x08003380   Section        0  printfa.o(i._printf_core)
    _printf_core                             0x08003381   Thumb Code  1744  printfa.o(i._printf_core)
    i._printf_post_padding                   0x08003a5c   Section        0  printfa.o(i._printf_post_padding)
    _printf_post_padding                     0x08003a5d   Thumb Code    36  printfa.o(i._printf_post_padding)
    i._printf_pre_padding                    0x08003a80   Section        0  printfa.o(i._printf_pre_padding)
    _printf_pre_padding                      0x08003a81   Thumb Code    46  printfa.o(i._printf_pre_padding)
    i.acc_norm                               0x08003ab0   Section        0  mahony.o(i.acc_norm)
    i.asin                                   0x08003b18   Section        0  asin.o(i.asin)
    i.atan                                   0x08003d88   Section        0  atan.o(i.atan)
    i.atan2                                  0x08003fa8   Section        0  atan2.o(i.atan2)
    i.cos                                    0x08004128   Section        0  cos.o(i.cos)
    i.fputc                                  0x080041c4   Section        0  printf.o(i.fputc)
    i.main                                   0x080041dc   Section        0  main.o(i.main)
    i.mpu6500_init                           0x08004298   Section        0  mpu6500.o(i.mpu6500_init)
    i.mpu_read_byte                          0x080042e8   Section        0  mpu6500.o(i.mpu_read_byte)
    i.mpu_write_byte                         0x08004338   Section        0  mpu6500.o(i.mpu_write_byte)
    i.qua_euler                              0x0800438c   Section        0  mahony.o(i.qua_euler)
    i.quaternion_init                        0x08004518   Section        0  mahony.o(i.quaternion_init)
    i.quaternion_norm                        0x08004898   Section        0  mahony.o(i.quaternion_norm)
    i.sin                                    0x0800491c   Section        0  sin.o(i.sin)
    i.sqrt                                   0x080049bc   Section        0  sqrt.o(i.sqrt)
    .constdata                               0x08004a08   Section       18  stm32f1xx_hal_rcc.o(.constdata)
    aPredivFactorTable                       0x08004a08   Data           2  stm32f1xx_hal_rcc.o(.constdata)
    aPLLMULFactorTable                       0x08004a0a   Data          16  stm32f1xx_hal_rcc.o(.constdata)
    .constdata                               0x08004a1a   Section       16  system_stm32f1xx.o(.constdata)
    .constdata                               0x08004a2a   Section        8  system_stm32f1xx.o(.constdata)
    .constdata                               0x08004a34   Section       20  mpu6500.o(.constdata)
    .constdata                               0x08004a48   Section       80  asin.o(.constdata)
    pS                                       0x08004a48   Data          48  asin.o(.constdata)
    qS                                       0x08004a78   Data          32  asin.o(.constdata)
    .constdata                               0x08004a98   Section      152  atan.o(.constdata)
    atanhi                                   0x08004a98   Data          32  atan.o(.constdata)
    atanlo                                   0x08004ab8   Data          32  atan.o(.constdata)
    aTodd                                    0x08004ad8   Data          40  atan.o(.constdata)
    aTeven                                   0x08004b00   Data          48  atan.o(.constdata)
    .constdata                               0x08004b30   Section       48  cos_i.o(.constdata)
    C                                        0x08004b30   Data          48  cos_i.o(.constdata)
    .constdata                               0x08004b60   Section        8  qnan.o(.constdata)
    .constdata                               0x08004b68   Section      200  rred.o(.constdata)
    pio2s                                    0x08004b68   Data          48  rred.o(.constdata)
    twooverpi                                0x08004b98   Data         152  rred.o(.constdata)
    .constdata                               0x08004c30   Section       40  sin_i.o(.constdata)
    S                                        0x08004c30   Data          40  sin_i.o(.constdata)
    .data                                    0x20000000   Section        8  main.o(.data)
    .data                                    0x20000008   Section       12  stm32f1xx_hal.o(.data)
    .data                                    0x20000014   Section        4  system_stm32f1xx.o(.data)
    .data                                    0x20000018   Section        8  mpu6500.o(.data)
    buf                                      0x2000001b   Data           2  mpu6500.o(.data)
    data                                     0x2000001e   Data           2  mpu6500.o(.data)
    .data                                    0x20000020   Section       16  mahony.o(.data)
    tem                                      0x20000028   Data           4  mahony.o(.data)
    tem                                      0x2000002c   Data           4  mahony.o(.data)
    .data                                    0x20000030   Section        4  bsp_dwt.o(.data)
    .data                                    0x20000034   Section        4  stdout.o(.data)
    .data                                    0x20000038   Section        4  errno.o(.data)
    _errno                                   0x20000038   Data           4  errno.o(.data)
    .bss                                     0x2000003c   Section       61  main.o(.bss)
    .bss                                     0x2000007c   Section       88  spi.o(.bss)
    .bss                                     0x200000d4   Section      208  usart.o(.bss)
    .bss                                     0x200001a4   Section       28  mpu6500.o(.bss)
    .bss                                     0x200001c0   Section       28  mahony.o(.bss)
    STACK                                    0x200001e0   Section     1024  startup_stm32f103xe.o(STACK)

    Global Symbols

    Symbol Name                              Value     Ov Type        Size  Object(Section)

    BuildAttributes$$THM_ISAv4$P$D$K$B$S$PE$A:L22UL41UL21$X:L11$S22US41US21$IEEE1$IW$USESV6$~STKCKD$USESV7$~SHL$OTIME$ROPI$IEEEX$EBA8$MICROLIB$REQ8$PRES8$EABIv2 0x00000000   Number         0  anon$$obj.o ABSOLUTE
    __ARM_use_no_argv                        0x00000000   Number         0  main.o ABSOLUTE
    _printf_a                                0x00000000   Number         0  stubs.o ABSOLUTE
    _printf_c                                0x00000000   Number         0  stubs.o ABSOLUTE
    _printf_charcount                        0x00000000   Number         0  stubs.o ABSOLUTE
    _printf_d                                0x00000000   Number         0  stubs.o ABSOLUTE
    _printf_e                                0x00000000   Number         0  stubs.o ABSOLUTE
    _printf_f                                0x00000000   Number         0  stubs.o ABSOLUTE
    _printf_flags                            0x00000000   Number         0  stubs.o ABSOLUTE
    _printf_fp_dec                           0x00000000   Number         0  stubs.o ABSOLUTE
    _printf_fp_hex                           0x00000000   Number         0  stubs.o ABSOLUTE
    _printf_g                                0x00000000   Number         0  stubs.o ABSOLUTE
    _printf_i                                0x00000000   Number         0  stubs.o ABSOLUTE
    _printf_int_dec                          0x00000000   Number         0  stubs.o ABSOLUTE
    _printf_l                                0x00000000   Number         0  stubs.o ABSOLUTE
    _printf_lc                               0x00000000   Number         0  stubs.o ABSOLUTE
    _printf_ll                               0x00000000   Number         0  stubs.o ABSOLUTE
    _printf_lld                              0x00000000   Number         0  stubs.o ABSOLUTE
    _printf_lli                              0x00000000   Number         0  stubs.o ABSOLUTE
    _printf_llo                              0x00000000   Number         0  stubs.o ABSOLUTE
    _printf_llu                              0x00000000   Number         0  stubs.o ABSOLUTE
    _printf_llx                              0x00000000   Number         0  stubs.o ABSOLUTE
    _printf_longlong_dec                     0x00000000   Number         0  stubs.o ABSOLUTE
    _printf_longlong_hex                     0x00000000   Number         0  stubs.o ABSOLUTE
    _printf_longlong_oct                     0x00000000   Number         0  stubs.o ABSOLUTE
    _printf_ls                               0x00000000   Number         0  stubs.o ABSOLUTE
    _printf_mbtowc                           0x00000000   Number         0  stubs.o ABSOLUTE
    _printf_n                                0x00000000   Number         0  stubs.o ABSOLUTE
    _printf_o                                0x00000000   Number         0  stubs.o ABSOLUTE
    _printf_p                                0x00000000   Number         0  stubs.o ABSOLUTE
    _printf_percent                          0x00000000   Number         0  stubs.o ABSOLUTE
    _printf_pre_padding                      0x00000000   Number         0  stubs.o ABSOLUTE
    _printf_return_value                     0x00000000   Number         0  stubs.o ABSOLUTE
    _printf_s                                0x00000000   Number         0  stubs.o ABSOLUTE
    _printf_sizespec                         0x00000000   Number         0  stubs.o ABSOLUTE
    _printf_str                              0x00000000   Number         0  stubs.o ABSOLUTE
    _printf_truncate_signed                  0x00000000   Number         0  stubs.o ABSOLUTE
    _printf_truncate_unsigned                0x00000000   Number         0  stubs.o ABSOLUTE
    _printf_u                                0x00000000   Number         0  stubs.o ABSOLUTE
    _printf_wc                               0x00000000   Number         0  stubs.o ABSOLUTE
    _printf_wctomb                           0x00000000   Number         0  stubs.o ABSOLUTE
    _printf_widthprec                        0x00000000   Number         0  stubs.o ABSOLUTE
    _printf_x                                0x00000000   Number         0  stubs.o ABSOLUTE
    __cpp_initialize__aeabi_                  - Undefined Weak Reference
    __cxa_finalize                            - Undefined Weak Reference
    __decompress                              - Undefined Weak Reference
    _clock_init                               - Undefined Weak Reference
    _microlib_exit                            - Undefined Weak Reference
    __Vectors_Size                           0x00000130   Number         0  startup_stm32f103xe.o ABSOLUTE
    __Vectors                                0x08000000   Data           4  startup_stm32f103xe.o(RESET)
    __Vectors_End                            0x08000130   Data           0  startup_stm32f103xe.o(RESET)
    __main                                   0x08000131   Thumb Code     0  entry.o(.ARM.Collect$$$$00000000)
    _main_stk                                0x08000131   Thumb Code     0  entry2.o(.ARM.Collect$$$$00000001)
    _main_scatterload                        0x08000135   Thumb Code     0  entry5.o(.ARM.Collect$$$$00000004)
    __main_after_scatterload                 0x08000139   Thumb Code     0  entry5.o(.ARM.Collect$$$$00000004)
    _main_clock                              0x08000139   Thumb Code     0  entry7b.o(.ARM.Collect$$$$00000008)
    _main_cpp_init                           0x08000139   Thumb Code     0  entry8b.o(.ARM.Collect$$$$0000000A)
    _main_init                               0x08000139   Thumb Code     0  entry9a.o(.ARM.Collect$$$$0000000B)
    __rt_final_cpp                           0x08000141   Thumb Code     0  entry10a.o(.ARM.Collect$$$$0000000D)
    __rt_final_exit                          0x08000141   Thumb Code     0  entry11a.o(.ARM.Collect$$$$0000000F)
    Reset_Handler                            0x08000145   Thumb Code     8  startup_stm32f103xe.o(.text)
    ADC1_2_IRQHandler                        0x0800015f   Thumb Code     0  startup_stm32f103xe.o(.text)
    ADC3_IRQHandler                          0x0800015f   Thumb Code     0  startup_stm32f103xe.o(.text)
    CAN1_RX1_IRQHandler                      0x0800015f   Thumb Code     0  startup_stm32f103xe.o(.text)
    CAN1_SCE_IRQHandler                      0x0800015f   Thumb Code     0  startup_stm32f103xe.o(.text)
    DMA1_Channel1_IRQHandler                 0x0800015f   Thumb Code     0  startup_stm32f103xe.o(.text)
    DMA1_Channel2_IRQHandler                 0x0800015f   Thumb Code     0  startup_stm32f103xe.o(.text)
    DMA1_Channel3_IRQHandler                 0x0800015f   Thumb Code     0  startup_stm32f103xe.o(.text)
    DMA1_Channel6_IRQHandler                 0x0800015f   Thumb Code     0  startup_stm32f103xe.o(.text)
    DMA1_Channel7_IRQHandler                 0x0800015f   Thumb Code     0  startup_stm32f103xe.o(.text)
    DMA2_Channel1_IRQHandler                 0x0800015f   Thumb Code     0  startup_stm32f103xe.o(.text)
    DMA2_Channel2_IRQHandler                 0x0800015f   Thumb Code     0  startup_stm32f103xe.o(.text)
    DMA2_Channel3_IRQHandler                 0x0800015f   Thumb Code     0  startup_stm32f103xe.o(.text)
    DMA2_Channel4_5_IRQHandler               0x0800015f   Thumb Code     0  startup_stm32f103xe.o(.text)
    EXTI0_IRQHandler                         0x0800015f   Thumb Code     0  startup_stm32f103xe.o(.text)
    EXTI15_10_IRQHandler                     0x0800015f   Thumb Code     0  startup_stm32f103xe.o(.text)
    EXTI1_IRQHandler                         0x0800015f   Thumb Code     0  startup_stm32f103xe.o(.text)
    EXTI2_IRQHandler                         0x0800015f   Thumb Code     0  startup_stm32f103xe.o(.text)
    EXTI3_IRQHandler                         0x0800015f   Thumb Code     0  startup_stm32f103xe.o(.text)
    EXTI4_IRQHandler                         0x0800015f   Thumb Code     0  startup_stm32f103xe.o(.text)
    EXTI9_5_IRQHandler                       0x0800015f   Thumb Code     0  startup_stm32f103xe.o(.text)
    FLASH_IRQHandler                         0x0800015f   Thumb Code     0  startup_stm32f103xe.o(.text)
    FSMC_IRQHandler                          0x0800015f   Thumb Code     0  startup_stm32f103xe.o(.text)
    I2C1_ER_IRQHandler                       0x0800015f   Thumb Code     0  startup_stm32f103xe.o(.text)
    I2C1_EV_IRQHandler                       0x0800015f   Thumb Code     0  startup_stm32f103xe.o(.text)
    I2C2_ER_IRQHandler                       0x0800015f   Thumb Code     0  startup_stm32f103xe.o(.text)
    I2C2_EV_IRQHandler                       0x0800015f   Thumb Code     0  startup_stm32f103xe.o(.text)
    PVD_IRQHandler                           0x0800015f   Thumb Code     0  startup_stm32f103xe.o(.text)
    RCC_IRQHandler                           0x0800015f   Thumb Code     0  startup_stm32f103xe.o(.text)
    RTC_Alarm_IRQHandler                     0x0800015f   Thumb Code     0  startup_stm32f103xe.o(.text)
    RTC_IRQHandler                           0x0800015f   Thumb Code     0  startup_stm32f103xe.o(.text)
    SDIO_IRQHandler                          0x0800015f   Thumb Code     0  startup_stm32f103xe.o(.text)
    SPI1_IRQHandler                          0x0800015f   Thumb Code     0  startup_stm32f103xe.o(.text)
    SPI2_IRQHandler                          0x0800015f   Thumb Code     0  startup_stm32f103xe.o(.text)
    SPI3_IRQHandler                          0x0800015f   Thumb Code     0  startup_stm32f103xe.o(.text)
    TAMPER_IRQHandler                        0x0800015f   Thumb Code     0  startup_stm32f103xe.o(.text)
    TIM1_BRK_IRQHandler                      0x0800015f   Thumb Code     0  startup_stm32f103xe.o(.text)
    TIM1_CC_IRQHandler                       0x0800015f   Thumb Code     0  startup_stm32f103xe.o(.text)
    TIM1_TRG_COM_IRQHandler                  0x0800015f   Thumb Code     0  startup_stm32f103xe.o(.text)
    TIM1_UP_IRQHandler                       0x0800015f   Thumb Code     0  startup_stm32f103xe.o(.text)
    TIM2_IRQHandler                          0x0800015f   Thumb Code     0  startup_stm32f103xe.o(.text)
    TIM3_IRQHandler                          0x0800015f   Thumb Code     0  startup_stm32f103xe.o(.text)
    TIM4_IRQHandler                          0x0800015f   Thumb Code     0  startup_stm32f103xe.o(.text)
    TIM5_IRQHandler                          0x0800015f   Thumb Code     0  startup_stm32f103xe.o(.text)
    TIM6_IRQHandler                          0x0800015f   Thumb Code     0  startup_stm32f103xe.o(.text)
    TIM7_IRQHandler                          0x0800015f   Thumb Code     0  startup_stm32f103xe.o(.text)
    TIM8_BRK_IRQHandler                      0x0800015f   Thumb Code     0  startup_stm32f103xe.o(.text)
    TIM8_CC_IRQHandler                       0x0800015f   Thumb Code     0  startup_stm32f103xe.o(.text)
    TIM8_TRG_COM_IRQHandler                  0x0800015f   Thumb Code     0  startup_stm32f103xe.o(.text)
    TIM8_UP_IRQHandler                       0x0800015f   Thumb Code     0  startup_stm32f103xe.o(.text)
    UART4_IRQHandler                         0x0800015f   Thumb Code     0  startup_stm32f103xe.o(.text)
    UART5_IRQHandler                         0x0800015f   Thumb Code     0  startup_stm32f103xe.o(.text)
    USART2_IRQHandler                        0x0800015f   Thumb Code     0  startup_stm32f103xe.o(.text)
    USART3_IRQHandler                        0x0800015f   Thumb Code     0  startup_stm32f103xe.o(.text)
    USBWakeUp_IRQHandler                     0x0800015f   Thumb Code     0  startup_stm32f103xe.o(.text)
    USB_HP_CAN1_TX_IRQHandler                0x0800015f   Thumb Code     0  startup_stm32f103xe.o(.text)
    USB_LP_CAN1_RX0_IRQHandler               0x0800015f   Thumb Code     0  startup_stm32f103xe.o(.text)
    WWDG_IRQHandler                          0x0800015f   Thumb Code     0  startup_stm32f103xe.o(.text)
    __aeabi_uldivmod                         0x08000169   Thumb Code    98  uldiv.o(.text)
    __aeabi_llsl                             0x080001cb   Thumb Code    30  llshl.o(.text)
    _ll_shift_l                              0x080001cb   Thumb Code     0  llshl.o(.text)
    __aeabi_llsr                             0x080001e9   Thumb Code    32  llushr.o(.text)
    _ll_ushift_r                             0x080001e9   Thumb Code     0  llushr.o(.text)
    __aeabi_lasr                             0x08000209   Thumb Code    36  llsshr.o(.text)
    _ll_sshift_r                             0x08000209   Thumb Code     0  llsshr.o(.text)
    __aeabi_memcpy                           0x0800022d   Thumb Code    36  memcpya.o(.text)
    __aeabi_memcpy4                          0x0800022d   Thumb Code     0  memcpya.o(.text)
    __aeabi_memcpy8                          0x0800022d   Thumb Code     0  memcpya.o(.text)
    __aeabi_memset                           0x08000251   Thumb Code    14  memseta.o(.text)
    __aeabi_memset4                          0x08000251   Thumb Code     0  memseta.o(.text)
    __aeabi_memset8                          0x08000251   Thumb Code     0  memseta.o(.text)
    __aeabi_memclr                           0x0800025f   Thumb Code     4  memseta.o(.text)
    __aeabi_memclr4                          0x0800025f   Thumb Code     0  memseta.o(.text)
    __aeabi_memclr8                          0x0800025f   Thumb Code     0  memseta.o(.text)
    _memset$wrapper                          0x08000263   Thumb Code    18  memseta.o(.text)
    __aeabi_fadd                             0x08000275   Thumb Code   164  fadd.o(.text)
    __aeabi_fsub                             0x08000319   Thumb Code     6  fadd.o(.text)
    __aeabi_frsub                            0x0800031f   Thumb Code     6  fadd.o(.text)
    __aeabi_fmul                             0x08000325   Thumb Code   100  fmul.o(.text)
    __aeabi_fdiv                             0x08000389   Thumb Code   124  fdiv.o(.text)
    __ARM_scalbnf                            0x08000405   Thumb Code    24  fscalb.o(.text)
    scalbnf                                  0x08000405   Thumb Code     0  fscalb.o(.text)
    __aeabi_dadd                             0x0800041d   Thumb Code   322  dadd.o(.text)
    __aeabi_dsub                             0x0800055f   Thumb Code     6  dadd.o(.text)
    __aeabi_drsub                            0x08000565   Thumb Code     6  dadd.o(.text)
    __aeabi_dmul                             0x0800056b   Thumb Code   228  dmul.o(.text)
    __aeabi_ddiv                             0x0800064f   Thumb Code   222  ddiv.o(.text)
    __ARM_scalbn                             0x0800072d   Thumb Code    46  dscalb.o(.text)
    scalbn                                   0x0800072d   Thumb Code     0  dscalb.o(.text)
    __aeabi_i2f                              0x0800075b   Thumb Code    18  fflti.o(.text)
    __aeabi_ui2f                             0x0800076d   Thumb Code    10  ffltui.o(.text)
    __aeabi_ui2d                             0x08000777   Thumb Code    26  dfltui.o(.text)
    __aeabi_f2d                              0x08000791   Thumb Code    38  f2d.o(.text)
    __aeabi_d2f                              0x080007b7   Thumb Code    56  d2f.o(.text)
    __aeabi_uidiv                            0x080007ef   Thumb Code     0  uidiv.o(.text)
    __aeabi_uidivmod                         0x080007ef   Thumb Code    44  uidiv.o(.text)
    __I$use$fp                               0x0800081b   Thumb Code     0  iusefp.o(.text)
    _float_round                             0x0800081b   Thumb Code    18  fepilogue.o(.text)
    _float_epilogue                          0x0800082d   Thumb Code    92  fepilogue.o(.text)
    _double_round                            0x08000889   Thumb Code    30  depilogue.o(.text)
    _double_epilogue                         0x080008a7   Thumb Code   156  depilogue.o(.text)
    _dsqrt                                   0x08000943   Thumb Code   162  dsqrt.o(.text)
    __aeabi_i2d                              0x080009e5   Thumb Code    34  dflti.o(.text)
    __aeabi_d2ulz                            0x08000a07   Thumb Code    48  dfixul.o(.text)
    __aeabi_cdrcmple                         0x08000a39   Thumb Code    48  cdrcmple.o(.text)
    __scatterload                            0x08000a69   Thumb Code    28  init.o(.text)
    __scatterload_rt2                        0x08000a69   Thumb Code     0  init.o(.text)
    __aeabi_d2iz                             0x08000a8d   Thumb Code    62  dfixi.o(.text)
    BusFault_Handler                         0x08000acb   Thumb Code     2  stm32f1xx_it.o(i.BusFault_Handler)
    DMA1_Channel4_IRQHandler                 0x08000acd   Thumb Code     6  stm32f1xx_it.o(i.DMA1_Channel4_IRQHandler)
    DMA1_Channel5_IRQHandler                 0x08000ad9   Thumb Code     6  stm32f1xx_it.o(i.DMA1_Channel5_IRQHandler)
    DWT_GetDeltaT                            0x08000b11   Thumb Code    42  bsp_dwt.o(i.DWT_GetDeltaT)
    DWT_Init                                 0x08000b45   Thumb Code    34  bsp_dwt.o(i.DWT_Init)
    DebugMon_Handler                         0x08000b79   Thumb Code     2  stm32f1xx_it.o(i.DebugMon_Handler)
    Error_Handler                            0x08000b7b   Thumb Code     4  main.o(i.Error_Handler)
    Get_16Bit_Data                           0x08000b81   Thumb Code    38  mpu6500.o(i.Get_16Bit_Data)
    Get_MPU6500_Data                         0x08000bad   Thumb Code   348  mpu6500.o(i.Get_MPU6500_Data)
    HAL_DMA_Abort                            0x08000d6d   Thumb Code    70  stm32f1xx_hal_dma.o(i.HAL_DMA_Abort)
    HAL_DMA_Abort_IT                         0x08000db5   Thumb Code   296  stm32f1xx_hal_dma.o(i.HAL_DMA_Abort_IT)
    HAL_DMA_IRQHandler                       0x08000ee5   Thumb Code   552  stm32f1xx_hal_dma.o(i.HAL_DMA_IRQHandler)
    HAL_DMA_Init                             0x0800112d   Thumb Code   112  stm32f1xx_hal_dma.o(i.HAL_DMA_Init)
    HAL_DMA_Start_IT                         0x080011a9   Thumb Code   112  stm32f1xx_hal_dma.o(i.HAL_DMA_Start_IT)
    HAL_Delay                                0x08001219   Thumb Code    32  stm32f1xx_hal.o(i.HAL_Delay)
    HAL_GPIO_Init                            0x0800123d   Thumb Code   462  stm32f1xx_hal_gpio.o(i.HAL_GPIO_Init)
    HAL_GPIO_WritePin                        0x08001435   Thumb Code    10  stm32f1xx_hal_gpio.o(i.HAL_GPIO_WritePin)
    HAL_GetTick                              0x08001441   Thumb Code     6  stm32f1xx_hal.o(i.HAL_GetTick)
    HAL_IncTick                              0x0800144d   Thumb Code    12  stm32f1xx_hal.o(i.HAL_IncTick)
    HAL_Init                                 0x0800145d   Thumb Code    32  stm32f1xx_hal.o(i.HAL_Init)
    HAL_InitTick                             0x08001481   Thumb Code    54  stm32f1xx_hal.o(i.HAL_InitTick)
    HAL_MspInit                              0x080014c1   Thumb Code    52  stm32f1xx_hal_msp.o(i.HAL_MspInit)
    HAL_NVIC_EnableIRQ                       0x080014fd   Thumb Code    26  stm32f1xx_hal_cortex.o(i.HAL_NVIC_EnableIRQ)
    HAL_NVIC_SetPriority                     0x08001519   Thumb Code    60  stm32f1xx_hal_cortex.o(i.HAL_NVIC_SetPriority)
    HAL_NVIC_SetPriorityGrouping             0x08001559   Thumb Code    26  stm32f1xx_hal_cortex.o(i.HAL_NVIC_SetPriorityGrouping)
    HAL_RCC_ClockConfig                      0x0800157d   Thumb Code   280  stm32f1xx_hal_rcc.o(i.HAL_RCC_ClockConfig)
    HAL_RCC_GetPCLK1Freq                     0x080016a9   Thumb Code    20  stm32f1xx_hal_rcc.o(i.HAL_RCC_GetPCLK1Freq)
    HAL_RCC_GetPCLK2Freq                     0x080016c9   Thumb Code    20  stm32f1xx_hal_rcc.o(i.HAL_RCC_GetPCLK2Freq)
    HAL_RCC_GetSysClockFreq                  0x080016e9   Thumb Code    58  stm32f1xx_hal_rcc.o(i.HAL_RCC_GetSysClockFreq)
    HAL_RCC_OscConfig                        0x08001735   Thumb Code   778  stm32f1xx_hal_rcc.o(i.HAL_RCC_OscConfig)
    HAL_SPI_Init                             0x08001a55   Thumb Code   178  stm32f1xx_hal_spi.o(i.HAL_SPI_Init)
    HAL_SPI_MspInit                          0x08001b09   Thumb Code    98  spi.o(i.HAL_SPI_MspInit)
    HAL_SPI_TransmitReceive                  0x08001b79   Thumb Code   494  stm32f1xx_hal_spi.o(i.HAL_SPI_TransmitReceive)
    HAL_SYSTICK_Config                       0x08001d67   Thumb Code    40  stm32f1xx_hal_cortex.o(i.HAL_SYSTICK_Config)
    HAL_UARTEx_RxEventCallback               0x08001d8f   Thumb Code     2  stm32f1xx_hal_uart.o(i.HAL_UARTEx_RxEventCallback)
    HAL_UART_ErrorCallback                   0x08001d91   Thumb Code     2  stm32f1xx_hal_uart.o(i.HAL_UART_ErrorCallback)
    HAL_UART_IRQHandler                      0x08001d95   Thumb Code   616  stm32f1xx_hal_uart.o(i.HAL_UART_IRQHandler)
    HAL_UART_Init                            0x08002001   Thumb Code   100  stm32f1xx_hal_uart.o(i.HAL_UART_Init)
    HAL_UART_MspInit                         0x08002065   Thumb Code   206  usart.o(i.HAL_UART_MspInit)
    HAL_UART_Receive_DMA                     0x08002149   Thumb Code    28  stm32f1xx_hal_uart.o(i.HAL_UART_Receive_DMA)
    HAL_UART_RxCpltCallback                  0x08002165   Thumb Code     2  stm32f1xx_hal_uart.o(i.HAL_UART_RxCpltCallback)
    HAL_UART_RxHalfCpltCallback              0x08002167   Thumb Code     2  stm32f1xx_hal_uart.o(i.HAL_UART_RxHalfCpltCallback)
    HAL_UART_Transmit                        0x08002169   Thumb Code   154  stm32f1xx_hal_uart.o(i.HAL_UART_Transmit)
    HAL_UART_TxCpltCallback                  0x08002203   Thumb Code     2  stm32f1xx_hal_uart.o(i.HAL_UART_TxCpltCallback)
    HardFault_Handler                        0x08002205   Thumb Code     2  stm32f1xx_it.o(i.HardFault_Handler)
    MX_DMA_Init                              0x08002209   Thumb Code    56  dma.o(i.MX_DMA_Init)
    MX_GPIO_Init                             0x08002245   Thumb Code   102  gpio.o(i.MX_GPIO_Init)
    MX_SPI1_Init                             0x080022b5   Thumb Code    62  spi.o(i.MX_SPI1_Init)
    MX_USART1_UART_Init                      0x080022fd   Thumb Code    48  usart.o(i.MX_USART1_UART_Init)
    Mahony_update                            0x08002335   Thumb Code   674  mahony.o(i.Mahony_update)
    MemManage_Handler                        0x080025e5   Thumb Code     2  stm32f1xx_it.o(i.MemManage_Handler)
    NMI_Handler                              0x080025e7   Thumb Code     2  stm32f1xx_it.o(i.NMI_Handler)
    PendSV_Handler                           0x080025e9   Thumb Code     2  stm32f1xx_it.o(i.PendSV_Handler)
    SVC_Handler                              0x080026c5   Thumb Code     2  stm32f1xx_it.o(i.SVC_Handler)
    SysTick_Handler                          0x080026c7   Thumb Code     4  stm32f1xx_it.o(i.SysTick_Handler)
    SystemClock_Config                       0x080026cb   Thumb Code    94  main.o(i.SystemClock_Config)
    SystemInit                               0x08002729   Thumb Code     2  system_stm32f1xx.o(i.SystemInit)
    UART_Start_Receive_DMA                   0x08002a0d   Thumb Code   130  stm32f1xx_hal_uart.o(i.UART_Start_Receive_DMA)
    USART1_IRQHandler                        0x08002b15   Thumb Code     6  stm32f1xx_it.o(i.USART1_IRQHandler)
    UsageFault_Handler                       0x08002b21   Thumb Code     2  stm32f1xx_it.o(i.UsageFault_Handler)
    __0printf                                0x08002b25   Thumb Code    22  printfa.o(i.__0printf)
    __1printf                                0x08002b25   Thumb Code     0  printfa.o(i.__0printf)
    __2printf                                0x08002b25   Thumb Code     0  printfa.o(i.__0printf)
    __c89printf                              0x08002b25   Thumb Code     0  printfa.o(i.__0printf)
    printf                                   0x08002b25   Thumb Code     0  printfa.o(i.__0printf)
    __ARM_fpclassify                         0x08002b45   Thumb Code    40  fpclassify.o(i.__ARM_fpclassify)
    __ieee754_rem_pio2                       0x08002b8d   Thumb Code   828  rred.o(i.__ieee754_rem_pio2)
    __kernel_cos                             0x08002f15   Thumb Code   230  cos_i.o(i.__kernel_cos)
    __kernel_poly                            0x08003011   Thumb Code   170  poly.o(i.__kernel_poly)
    __kernel_sin                             0x080030bd   Thumb Code   224  sin_i.o(i.__kernel_sin)
    __mathlib_dbl_infnan                     0x080031a9   Thumb Code     6  dunder.o(i.__mathlib_dbl_infnan)
    __mathlib_dbl_infnan2                    0x080031af   Thumb Code     4  dunder.o(i.__mathlib_dbl_infnan2)
    __mathlib_dbl_invalid                    0x080031b3   Thumb Code    12  dunder.o(i.__mathlib_dbl_invalid)
    __mathlib_dbl_underflow                  0x080031c1   Thumb Code    10  dunder.o(i.__mathlib_dbl_underflow)
    __scatterload_copy                       0x080031d1   Thumb Code    14  handlers.o(i.__scatterload_copy)
    __scatterload_null                       0x080031df   Thumb Code     2  handlers.o(i.__scatterload_null)
    __scatterload_zeroinit                   0x080031e1   Thumb Code    14  handlers.o(i.__scatterload_zeroinit)
    __set_errno                              0x080031f1   Thumb Code     6  errno.o(i.__set_errno)
    acc_norm                                 0x08003ab1   Thumb Code    94  mahony.o(i.acc_norm)
    asin                                     0x08003b19   Thumb Code   572  asin.o(i.asin)
    atan                                     0x08003d89   Thumb Code   474  atan.o(i.atan)
    atan2                                    0x08003fa9   Thumb Code   346  atan2.o(i.atan2)
    cos                                      0x08004129   Thumb Code   148  cos.o(i.cos)
    fputc                                    0x080041c5   Thumb Code    20  printf.o(i.fputc)
    main                                     0x080041dd   Thumb Code   142  main.o(i.main)
    mpu6500_init                             0x08004299   Thumb Code    70  mpu6500.o(i.mpu6500_init)
    mpu_read_byte                            0x080042e9   Thumb Code    68  mpu6500.o(i.mpu_read_byte)
    mpu_write_byte                           0x08004339   Thumb Code    72  mpu6500.o(i.mpu_write_byte)
    qua_euler                                0x0800438d   Thumb Code   378  mahony.o(i.qua_euler)
    quaternion_init                          0x08004519   Thumb Code   876  mahony.o(i.quaternion_init)
    quaternion_norm                          0x08004899   Thumb Code   124  mahony.o(i.quaternion_norm)
    sin                                      0x0800491d   Thumb Code   150  sin.o(i.sin)
    sqrt                                     0x080049bd   Thumb Code    76  sqrt.o(i.sqrt)
    AHBPrescTable                            0x08004a1a   Data          16  system_stm32f1xx.o(.constdata)
    APBPrescTable                            0x08004a2a   Data           8  system_stm32f1xx.o(.constdata)
    __mathlib_zero                           0x08004b60   Data           8  qnan.o(.constdata)
    Region$$Table$$Base                      0x08004c58   Number         0  anon$$obj.o(Region$$Table)
    Region$$Table$$Limit                     0x08004c78   Number         0  anon$$obj.o(Region$$Table)
    DWT_CNT                                  0x20000000   Data           4  main.o(.data)
    dt                                       0x20000004   Data           4  main.o(.data)
    uwTickFreq                               0x20000008   Data           1  stm32f1xx_hal.o(.data)
    uwTickPrio                               0x2000000c   Data           4  stm32f1xx_hal.o(.data)
    uwTick                                   0x20000010   Data           4  stm32f1xx_hal.o(.data)
    SystemCoreClock                          0x20000014   Data           4  system_stm32f1xx.o(.data)
    tx                                       0x20000018   Data           1  mpu6500.o(.data)
    rx                                       0x20000019   Data           1  mpu6500.o(.data)
    id                                       0x2000001a   Data           1  mpu6500.o(.data)
    twoKp                                    0x20000020   Data           4  mahony.o(.data)
    twoKi                                    0x20000024   Data           4  mahony.o(.data)
    CPU_FREQ_Hz                              0x20000030   Data           4  bsp_dwt.o(.data)
    __stdout                                 0x20000034   Data           4  stdout.o(.data)
    receive_data                             0x2000003c   Data          30  main.o(.bss)
    str                                      0x2000005a   Data          31  main.o(.bss)
    hspi1                                    0x2000007c   Data          88  spi.o(.bss)
    huart1                                   0x200000d4   Data          72  usart.o(.bss)
    hdma_usart1_rx                           0x2000011c   Data          68  usart.o(.bss)
    hdma_usart1_tx                           0x20000160   Data          68  usart.o(.bss)
    mpu_data                                 0x200001a4   Data          28  mpu6500.o(.bss)
    q                                        0x200001c0   Data          16  mahony.o(.bss)
    angle                                    0x200001d0   Data          12  mahony.o(.bss)
    __initial_sp                             0x200005e0   Data           0  startup_stm32f103xe.o(STACK)



==============================================================================

Memory Map of the image

  Image Entry point : 0x08000131

  Load Region LR_IROM1 (Base: 0x08000000, Size: 0x00004cb4, Max: 0x00040000, ABSOLUTE)

    Execution Region ER_IROM1 (Exec base: 0x08000000, Load base: 0x08000000, Size: 0x00004c78, Max: 0x00040000, ABSOLUTE)

    Exec Addr    Load Addr    Size         Type   Attr      Idx    E Section Name        Object

    0x08000000   0x08000000   0x00000130   Data   RO            3    RESET               startup_stm32f103xe.o
    0x08000130   0x08000130   0x00000000   Code   RO         6377  * .ARM.Collect$$$$00000000  mc_w.l(entry.o)
    0x08000130   0x08000130   0x00000004   Code   RO         6754    .ARM.Collect$$$$00000001  mc_w.l(entry2.o)
    0x08000134   0x08000134   0x00000004   Code   RO         6757    .ARM.Collect$$$$00000004  mc_w.l(entry5.o)
    0x08000138   0x08000138   0x00000000   Code   RO         6759    .ARM.Collect$$$$00000008  mc_w.l(entry7b.o)
    0x08000138   0x08000138   0x00000000   Code   RO         6761    .ARM.Collect$$$$0000000A  mc_w.l(entry8b.o)
    0x08000138   0x08000138   0x00000008   Code   RO         6762    .ARM.Collect$$$$0000000B  mc_w.l(entry9a.o)
    0x08000140   0x08000140   0x00000000   Code   RO         6764    .ARM.Collect$$$$0000000D  mc_w.l(entry10a.o)
    0x08000140   0x08000140   0x00000000   Code   RO         6766    .ARM.Collect$$$$0000000F  mc_w.l(entry11a.o)
    0x08000140   0x08000140   0x00000004   Code   RO         6755    .ARM.Collect$$$$00002712  mc_w.l(entry2.o)
    0x08000144   0x08000144   0x00000024   Code   RO            4    .text               startup_stm32f103xe.o
    0x08000168   0x08000168   0x00000062   Code   RO         6380    .text               mc_w.l(uldiv.o)
    0x080001ca   0x080001ca   0x0000001e   Code   RO         6384    .text               mc_w.l(llshl.o)
    0x080001e8   0x080001e8   0x00000020   Code   RO         6386    .text               mc_w.l(llushr.o)
    0x08000208   0x08000208   0x00000024   Code   RO         6388    .text               mc_w.l(llsshr.o)
    0x0800022c   0x0800022c   0x00000024   Code   RO         6390    .text               mc_w.l(memcpya.o)
    0x08000250   0x08000250   0x00000024   Code   RO         6392    .text               mc_w.l(memseta.o)
    0x08000274   0x08000274   0x000000b0   Code   RO         6657    .text               mf_w.l(fadd.o)
    0x08000324   0x08000324   0x00000064   Code   RO         6659    .text               mf_w.l(fmul.o)
    0x08000388   0x08000388   0x0000007c   Code   RO         6661    .text               mf_w.l(fdiv.o)
    0x08000404   0x08000404   0x00000018   Code   RO         6663    .text               mf_w.l(fscalb.o)
    0x0800041c   0x0800041c   0x0000014e   Code   RO         6665    .text               mf_w.l(dadd.o)
    0x0800056a   0x0800056a   0x000000e4   Code   RO         6667    .text               mf_w.l(dmul.o)
    0x0800064e   0x0800064e   0x000000de   Code   RO         6669    .text               mf_w.l(ddiv.o)
    0x0800072c   0x0800072c   0x0000002e   Code   RO         6671    .text               mf_w.l(dscalb.o)
    0x0800075a   0x0800075a   0x00000012   Code   RO         6673    .text               mf_w.l(fflti.o)
    0x0800076c   0x0800076c   0x0000000a   Code   RO         6675    .text               mf_w.l(ffltui.o)
    0x08000776   0x08000776   0x0000001a   Code   RO         6677    .text               mf_w.l(dfltui.o)
    0x08000790   0x08000790   0x00000026   Code   RO         6685    .text               mf_w.l(f2d.o)
    0x080007b6   0x080007b6   0x00000038   Code   RO         6689    .text               mf_w.l(d2f.o)
    0x080007ee   0x080007ee   0x0000002c   Code   RO         6769    .text               mc_w.l(uidiv.o)
    0x0800081a   0x0800081a   0x00000000   Code   RO         6778    .text               mc_w.l(iusefp.o)
    0x0800081a   0x0800081a   0x0000006e   Code   RO         6779    .text               mf_w.l(fepilogue.o)
    0x08000888   0x08000888   0x000000ba   Code   RO         6785    .text               mf_w.l(depilogue.o)
    0x08000942   0x08000942   0x000000a2   Code   RO         6787    .text               mf_w.l(dsqrt.o)
    0x080009e4   0x080009e4   0x00000022   Code   RO         6789    .text               mf_w.l(dflti.o)
    0x08000a06   0x08000a06   0x00000030   Code   RO         6791    .text               mf_w.l(dfixul.o)
    0x08000a36   0x08000a36   0x00000002   PAD
    0x08000a38   0x08000a38   0x00000030   Code   RO         6795    .text               mf_w.l(cdrcmple.o)
    0x08000a68   0x08000a68   0x00000024   Code   RO         6799    .text               mc_w.l(init.o)
    0x08000a8c   0x08000a8c   0x0000003e   Code   RO         6801    .text               mf_w.l(dfixi.o)
    0x08000aca   0x08000aca   0x00000002   Code   RO          362    i.BusFault_Handler  stm32f1xx_it.o
    0x08000acc   0x08000acc   0x0000000c   Code   RO          363    i.DMA1_Channel4_IRQHandler  stm32f1xx_it.o
    0x08000ad8   0x08000ad8   0x0000000c   Code   RO          364    i.DMA1_Channel5_IRQHandler  stm32f1xx_it.o
    0x08000ae4   0x08000ae4   0x0000002a   Code   RO         1218    i.DMA_SetConfig     stm32f1xx_hal_dma.o
    0x08000b0e   0x08000b0e   0x00000002   PAD
    0x08000b10   0x08000b10   0x00000034   Code   RO         2376    i.DWT_GetDeltaT     bsp_dwt.o
    0x08000b44   0x08000b44   0x00000034   Code   RO         2377    i.DWT_Init          bsp_dwt.o
    0x08000b78   0x08000b78   0x00000002   Code   RO          365    i.DebugMon_Handler  stm32f1xx_it.o
    0x08000b7a   0x08000b7a   0x00000004   Code   RO          136    i.Error_Handler     main.o
    0x08000b7e   0x08000b7e   0x00000002   PAD
    0x08000b80   0x08000b80   0x0000002c   Code   RO         2252    i.Get_16Bit_Data    mpu6500.o
    0x08000bac   0x08000bac   0x000001c0   Code   RO         2253    i.Get_MPU6500_Data  mpu6500.o
    0x08000d6c   0x08000d6c   0x00000046   Code   RO         1219    i.HAL_DMA_Abort     stm32f1xx_hal_dma.o
    0x08000db2   0x08000db2   0x00000002   PAD
    0x08000db4   0x08000db4   0x00000130   Code   RO         1220    i.HAL_DMA_Abort_IT  stm32f1xx_hal_dma.o
    0x08000ee4   0x08000ee4   0x00000248   Code   RO         1224    i.HAL_DMA_IRQHandler  stm32f1xx_hal_dma.o
    0x0800112c   0x0800112c   0x0000007c   Code   RO         1225    i.HAL_DMA_Init      stm32f1xx_hal_dma.o
    0x080011a8   0x080011a8   0x00000070   Code   RO         1229    i.HAL_DMA_Start_IT  stm32f1xx_hal_dma.o
    0x08001218   0x08001218   0x00000024   Code   RO          845    i.HAL_Delay         stm32f1xx_hal.o
    0x0800123c   0x0800123c   0x000001f8   Code   RO         1155    i.HAL_GPIO_Init     stm32f1xx_hal_gpio.o
    0x08001434   0x08001434   0x0000000a   Code   RO         1159    i.HAL_GPIO_WritePin  stm32f1xx_hal_gpio.o
    0x0800143e   0x0800143e   0x00000002   PAD
    0x08001440   0x08001440   0x0000000c   Code   RO          849    i.HAL_GetTick       stm32f1xx_hal.o
    0x0800144c   0x0800144c   0x00000010   Code   RO          855    i.HAL_IncTick       stm32f1xx_hal.o
    0x0800145c   0x0800145c   0x00000024   Code   RO          856    i.HAL_Init          stm32f1xx_hal.o
    0x08001480   0x08001480   0x00000040   Code   RO          857    i.HAL_InitTick      stm32f1xx_hal.o
    0x080014c0   0x080014c0   0x0000003c   Code   RO          456    i.HAL_MspInit       stm32f1xx_hal_msp.o
    0x080014fc   0x080014fc   0x0000001a   Code   RO         1315    i.HAL_NVIC_EnableIRQ  stm32f1xx_hal_cortex.o
    0x08001516   0x08001516   0x00000002   PAD
    0x08001518   0x08001518   0x00000040   Code   RO         1321    i.HAL_NVIC_SetPriority  stm32f1xx_hal_cortex.o
    0x08001558   0x08001558   0x00000024   Code   RO         1322    i.HAL_NVIC_SetPriorityGrouping  stm32f1xx_hal_cortex.o
    0x0800157c   0x0800157c   0x0000012c   Code   RO         1013    i.HAL_RCC_ClockConfig  stm32f1xx_hal_rcc.o
    0x080016a8   0x080016a8   0x00000020   Code   RO         1020    i.HAL_RCC_GetPCLK1Freq  stm32f1xx_hal_rcc.o
    0x080016c8   0x080016c8   0x00000020   Code   RO         1021    i.HAL_RCC_GetPCLK2Freq  stm32f1xx_hal_rcc.o
    0x080016e8   0x080016e8   0x0000004c   Code   RO         1022    i.HAL_RCC_GetSysClockFreq  stm32f1xx_hal_rcc.o
    0x08001734   0x08001734   0x00000320   Code   RO         1025    i.HAL_RCC_OscConfig  stm32f1xx_hal_rcc.o
    0x08001a54   0x08001a54   0x000000b2   Code   RO          527    i.HAL_SPI_Init      stm32f1xx_hal_spi.o
    0x08001b06   0x08001b06   0x00000002   PAD
    0x08001b08   0x08001b08   0x00000070   Code   RO          279    i.HAL_SPI_MspInit   spi.o
    0x08001b78   0x08001b78   0x000001ee   Code   RO          536    i.HAL_SPI_TransmitReceive  stm32f1xx_hal_spi.o
    0x08001d66   0x08001d66   0x00000028   Code   RO         1326    i.HAL_SYSTICK_Config  stm32f1xx_hal_cortex.o
    0x08001d8e   0x08001d8e   0x00000002   Code   RO         1863    i.HAL_UARTEx_RxEventCallback  stm32f1xx_hal_uart.o
    0x08001d90   0x08001d90   0x00000002   Code   RO         1877    i.HAL_UART_ErrorCallback  stm32f1xx_hal_uart.o
    0x08001d92   0x08001d92   0x00000002   PAD
    0x08001d94   0x08001d94   0x0000026c   Code   RO         1880    i.HAL_UART_IRQHandler  stm32f1xx_hal_uart.o
    0x08002000   0x08002000   0x00000064   Code   RO         1881    i.HAL_UART_Init     stm32f1xx_hal_uart.o
    0x08002064   0x08002064   0x000000e4   Code   RO          321    i.HAL_UART_MspInit  usart.o
    0x08002148   0x08002148   0x0000001c   Code   RO         1885    i.HAL_UART_Receive_DMA  stm32f1xx_hal_uart.o
    0x08002164   0x08002164   0x00000002   Code   RO         1887    i.HAL_UART_RxCpltCallback  stm32f1xx_hal_uart.o
    0x08002166   0x08002166   0x00000002   Code   RO         1888    i.HAL_UART_RxHalfCpltCallback  stm32f1xx_hal_uart.o
    0x08002168   0x08002168   0x0000009a   Code   RO         1889    i.HAL_UART_Transmit  stm32f1xx_hal_uart.o
    0x08002202   0x08002202   0x00000002   Code   RO         1892    i.HAL_UART_TxCpltCallback  stm32f1xx_hal_uart.o
    0x08002204   0x08002204   0x00000002   Code   RO          366    i.HardFault_Handler  stm32f1xx_it.o
    0x08002206   0x08002206   0x00000002   PAD
    0x08002208   0x08002208   0x0000003c   Code   RO          254    i.MX_DMA_Init       dma.o
    0x08002244   0x08002244   0x00000070   Code   RO          230    i.MX_GPIO_Init      gpio.o
    0x080022b4   0x080022b4   0x00000048   Code   RO          280    i.MX_SPI1_Init      spi.o
    0x080022fc   0x080022fc   0x00000038   Code   RO          322    i.MX_USART1_UART_Init  usart.o
    0x08002334   0x08002334   0x000002b0   Code   RO         2311    i.Mahony_update     mahony.o
    0x080025e4   0x080025e4   0x00000002   Code   RO          367    i.MemManage_Handler  stm32f1xx_it.o
    0x080025e6   0x080025e6   0x00000002   Code   RO          368    i.NMI_Handler       stm32f1xx_it.o
    0x080025e8   0x080025e8   0x00000002   Code   RO          369    i.PendSV_Handler    stm32f1xx_it.o
    0x080025ea   0x080025ea   0x00000020   Code   RO          565    i.SPI_EndRxTxTransaction  stm32f1xx_hal_spi.o
    0x0800260a   0x0800260a   0x00000002   PAD
    0x0800260c   0x0800260c   0x000000b8   Code   RO          570    i.SPI_WaitFlagStateUntilTimeout  stm32f1xx_hal_spi.o
    0x080026c4   0x080026c4   0x00000002   Code   RO          370    i.SVC_Handler       stm32f1xx_it.o
    0x080026c6   0x080026c6   0x00000004   Code   RO          371    i.SysTick_Handler   stm32f1xx_it.o
    0x080026ca   0x080026ca   0x0000005e   Code   RO          137    i.SystemClock_Config  main.o
    0x08002728   0x08002728   0x00000002   Code   RO         2215    i.SystemInit        system_stm32f1xx.o
    0x0800272a   0x0800272a   0x00000010   Code   RO         1894    i.UART_DMAAbortOnError  stm32f1xx_hal_uart.o
    0x0800273a   0x0800273a   0x0000004a   Code   RO         1895    i.UART_DMAError     stm32f1xx_hal_uart.o
    0x08002784   0x08002784   0x00000086   Code   RO         1896    i.UART_DMAReceiveCplt  stm32f1xx_hal_uart.o
    0x0800280a   0x0800280a   0x0000001e   Code   RO         1898    i.UART_DMARxHalfCplt  stm32f1xx_hal_uart.o
    0x08002828   0x08002828   0x0000004e   Code   RO         1904    i.UART_EndRxTransfer  stm32f1xx_hal_uart.o
    0x08002876   0x08002876   0x0000001c   Code   RO         1905    i.UART_EndTxTransfer  stm32f1xx_hal_uart.o
    0x08002892   0x08002892   0x000000c2   Code   RO         1906    i.UART_Receive_IT   stm32f1xx_hal_uart.o
    0x08002954   0x08002954   0x000000b8   Code   RO         1907    i.UART_SetConfig    stm32f1xx_hal_uart.o
    0x08002a0c   0x08002a0c   0x00000090   Code   RO         1908    i.UART_Start_Receive_DMA  stm32f1xx_hal_uart.o
    0x08002a9c   0x08002a9c   0x00000078   Code   RO         1910    i.UART_WaitOnFlagUntilTimeout  stm32f1xx_hal_uart.o
    0x08002b14   0x08002b14   0x0000000c   Code   RO          372    i.USART1_IRQHandler  stm32f1xx_it.o
    0x08002b20   0x08002b20   0x00000002   Code   RO          373    i.UsageFault_Handler  stm32f1xx_it.o
    0x08002b22   0x08002b22   0x00000002   PAD
    0x08002b24   0x08002b24   0x00000020   Code   RO         6629    i.__0printf         mc_w.l(printfa.o)
    0x08002b44   0x08002b44   0x00000028   Code   RO         6722    i.__ARM_fpclassify  m_ws.l(fpclassify.o)
    0x08002b6c   0x08002b6c   0x00000020   Code   RO         1328    i.__NVIC_SetPriority  stm32f1xx_hal_cortex.o
    0x08002b8c   0x08002b8c   0x00000388   Code   RO         6743    i.__ieee754_rem_pio2  m_ws.l(rred.o)
    0x08002f14   0x08002f14   0x000000fc   Code   RO         6705    i.__kernel_cos      m_ws.l(cos_i.o)
    0x08003010   0x08003010   0x000000aa   Code   RO         6740    i.__kernel_poly     m_ws.l(poly.o)
    0x080030ba   0x080030ba   0x00000002   PAD
    0x080030bc   0x080030bc   0x000000ec   Code   RO         6748    i.__kernel_sin      m_ws.l(sin_i.o)
    0x080031a8   0x080031a8   0x00000006   Code   RO         6709    i.__mathlib_dbl_infnan  m_ws.l(dunder.o)
    0x080031ae   0x080031ae   0x00000004   Code   RO         6710    i.__mathlib_dbl_infnan2  m_ws.l(dunder.o)
    0x080031b2   0x080031b2   0x0000000c   Code   RO         6711    i.__mathlib_dbl_invalid  m_ws.l(dunder.o)
    0x080031be   0x080031be   0x00000002   PAD
    0x080031c0   0x080031c0   0x00000010   Code   RO         6714    i.__mathlib_dbl_underflow  m_ws.l(dunder.o)
    0x080031d0   0x080031d0   0x0000000e   Code   RO         6805    i.__scatterload_copy  mc_w.l(handlers.o)
    0x080031de   0x080031de   0x00000002   Code   RO         6806    i.__scatterload_null  mc_w.l(handlers.o)
    0x080031e0   0x080031e0   0x0000000e   Code   RO         6807    i.__scatterload_zeroinit  mc_w.l(handlers.o)
    0x080031ee   0x080031ee   0x00000002   PAD
    0x080031f0   0x080031f0   0x0000000c   Code   RO         6773    i.__set_errno       mc_w.l(errno.o)
    0x080031fc   0x080031fc   0x00000184   Code   RO         6636    i._fp_digits        mc_w.l(printfa.o)
    0x08003380   0x08003380   0x000006dc   Code   RO         6637    i._printf_core      mc_w.l(printfa.o)
    0x08003a5c   0x08003a5c   0x00000024   Code   RO         6638    i._printf_post_padding  mc_w.l(printfa.o)
    0x08003a80   0x08003a80   0x0000002e   Code   RO         6639    i._printf_pre_padding  mc_w.l(printfa.o)
    0x08003aae   0x08003aae   0x00000002   PAD
    0x08003ab0   0x08003ab0   0x00000068   Code   RO         2312    i.acc_norm          mahony.o
    0x08003b18   0x08003b18   0x00000270   Code   RO         6280    i.asin              m_ws.l(asin.o)
    0x08003d88   0x08003d88   0x00000220   Code   RO         6696    i.atan              m_ws.l(atan.o)
    0x08003fa8   0x08003fa8   0x00000180   Code   RO         6290    i.atan2             m_ws.l(atan2.o)
    0x08004128   0x08004128   0x0000009c   Code   RO         6298    i.cos               m_ws.l(cos.o)
    0x080041c4   0x080041c4   0x00000018   Code   RO           14    i.fputc             printf.o
    0x080041dc   0x080041dc   0x000000bc   Code   RO          139    i.main              main.o
    0x08004298   0x08004298   0x00000050   Code   RO         2254    i.mpu6500_init      mpu6500.o
    0x080042e8   0x080042e8   0x00000050   Code   RO         2255    i.mpu_read_byte     mpu6500.o
    0x08004338   0x08004338   0x00000054   Code   RO         2256    i.mpu_write_byte    mpu6500.o
    0x0800438c   0x0800438c   0x0000018c   Code   RO         2313    i.qua_euler         mahony.o
    0x08004518   0x08004518   0x00000380   Code   RO         2314    i.quaternion_init   mahony.o
    0x08004898   0x08004898   0x00000084   Code   RO         2315    i.quaternion_norm   mahony.o
    0x0800491c   0x0800491c   0x000000a0   Code   RO         6346    i.sin               m_ws.l(sin.o)
    0x080049bc   0x080049bc   0x0000004c   Code   RO         6354    i.sqrt              m_ws.l(sqrt.o)
    0x08004a08   0x08004a08   0x00000012   Data   RO         1026    .constdata          stm32f1xx_hal_rcc.o
    0x08004a1a   0x08004a1a   0x00000010   Data   RO         2216    .constdata          system_stm32f1xx.o
    0x08004a2a   0x08004a2a   0x00000008   Data   RO         2217    .constdata          system_stm32f1xx.o
    0x08004a32   0x08004a32   0x00000002   PAD
    0x08004a34   0x08004a34   0x00000014   Data   RO         2258    .constdata          mpu6500.o
    0x08004a48   0x08004a48   0x00000050   Data   RO         6281    .constdata          m_ws.l(asin.o)
    0x08004a98   0x08004a98   0x00000098   Data   RO         6697    .constdata          m_ws.l(atan.o)
    0x08004b30   0x08004b30   0x00000030   Data   RO         6706    .constdata          m_ws.l(cos_i.o)
    0x08004b60   0x08004b60   0x00000008   Data   RO         6742    .constdata          m_ws.l(qnan.o)
    0x08004b68   0x08004b68   0x000000c8   Data   RO         6745    .constdata          m_ws.l(rred.o)
    0x08004c30   0x08004c30   0x00000028   Data   RO         6749    .constdata          m_ws.l(sin_i.o)
    0x08004c58   0x08004c58   0x00000020   Data   RO         6803    Region$$Table       anon$$obj.o


    Execution Region RW_IRAM1 (Exec base: 0x20000000, Load base: 0x08004c78, Size: 0x000005e0, Max: 0x0000c000, ABSOLUTE)

    Exec Addr    Load Addr    Size         Type   Attr      Idx    E Section Name        Object

    0x20000000   0x08004c78   0x00000008   Data   RW          141    .data               main.o
    0x20000008   0x08004c80   0x0000000c   Data   RW          863    .data               stm32f1xx_hal.o
    0x20000014   0x08004c8c   0x00000004   Data   RW         2218    .data               system_stm32f1xx.o
    0x20000018   0x08004c90   0x00000008   Data   RW         2259    .data               mpu6500.o
    0x20000020   0x08004c98   0x00000010   Data   RW         2317    .data               mahony.o
    0x20000030   0x08004ca8   0x00000004   Data   RW         2378    .data               bsp_dwt.o
    0x20000034   0x08004cac   0x00000004   Data   RW         6768    .data               mc_w.l(stdout.o)
    0x20000038   0x08004cb0   0x00000004   Data   RW         6774    .data               mc_w.l(errno.o)
    0x2000003c        -       0x0000003d   Zero   RW          140    .bss                main.o
    0x20000079   0x08004cb4   0x00000003   PAD
    0x2000007c        -       0x00000058   Zero   RW          281    .bss                spi.o
    0x200000d4        -       0x000000d0   Zero   RW          323    .bss                usart.o
    0x200001a4        -       0x0000001c   Zero   RW         2257    .bss                mpu6500.o
    0x200001c0        -       0x0000001c   Zero   RW         2316    .bss                mahony.o
    0x200001dc   0x08004cb4   0x00000004   PAD
    0x200001e0        -       0x00000400   Zero   RW            1    STACK               startup_stm32f103xe.o


==============================================================================

Image component sizes


      Code (inc. data)   RO Data    RW Data    ZI Data      Debug   Object Name

       104         28          0          4          0       1661   bsp_dwt.o
        60          4          0          0          0        842   dma.o
       112         10          0          0          0        987   gpio.o
      2216         70          0         16         28       3845   mahony.o
       286         46          0          8         61       2638   main.o
       736        140         20          8         28       4548   mpu6500.o
        24          4          0          0          0     462220   printf.o
       184         24          0          0         88       1809   spi.o
        36          8        304          0       1024        840   startup_stm32f103xe.o
       164         28          0         12          0       6817   stm32f1xx_hal.o
       198         14          0          0          0      29199   stm32f1xx_hal_cortex.o
      1236         52          0          0          0       5390   stm32f1xx_hal_dma.o
       514         42          0          0          0       3020   stm32f1xx_hal_gpio.o
        60          8          0          0          0        946   stm32f1xx_hal_msp.o
      1240         84         18          0          0       5352   stm32f1xx_hal_rcc.o
       888          4          0          0          0       4941   stm32f1xx_hal_spi.o
      1914         24          0          0          0      15306   stm32f1xx_hal_uart.o
        56         18          0          0          0       5672   stm32f1xx_it.o
         2          0         24          4          0       1235   system_stm32f1xx.o
       284         30          0          0        208       2040   usart.o

    ----------------------------------------------------------------------
     10334        638        400         52       1444     559308   Object Totals
         0          0         32          0          0          0   (incl. Generated)
        20          0          2          0          7          0   (incl. Padding)

    ----------------------------------------------------------------------

      Code (inc. data)   RO Data    RW Data    ZI Data      Debug   Library Member Name

       624         52         80          0          0        168   asin.o
       544         70        152          0          0        124   atan.o
       384         38          0          0          0        144   atan2.o
       156          8          0          0          0        104   cos.o
       252         22         48          0          0        124   cos_i.o
        38          6          0          0          0        272   dunder.o
        40          0          0          0          0         68   fpclassify.o
       170          0          0          0          0         96   poly.o
         0          0          8          0          0          0   qnan.o
       904         76        200          0          0        140   rred.o
       160         10          0          0          0        108   sin.o
       236         12         40          0          0        128   sin_i.o
        76          0          0          0          0         84   sqrt.o
         0          0          0          0          0          0   entry.o
         0          0          0          0          0          0   entry10a.o
         0          0          0          0          0          0   entry11a.o
         8          4          0          0          0          0   entry2.o
         4          0          0          0          0          0   entry5.o
         0          0          0          0          0          0   entry7b.o
         0          0          0          0          0          0   entry8b.o
         8          4          0          0          0          0   entry9a.o
        12          6          0          4          0         68   errno.o
        30          0          0          0          0          0   handlers.o
        36          8          0          0          0         68   init.o
         0          0          0          0          0          0   iusefp.o
        30          0          0          0          0         68   llshl.o
        36          0          0          0          0         68   llsshr.o
        32          0          0          0          0         68   llushr.o
        36          0          0          0          0         68   memcpya.o
        36          0          0          0          0        108   memseta.o
      2258         90          0          0          0        452   printfa.o
         0          0          0          4          0          0   stdout.o
        44          0          0          0          0         80   uidiv.o
        98          0          0          0          0         92   uldiv.o
        48          0          0          0          0         68   cdrcmple.o
        56          0          0          0          0         88   d2f.o
       334          0          0          0          0        148   dadd.o
       222          0          0          0          0        100   ddiv.o
       186          0          0          0          0        176   depilogue.o
        62          0          0          0          0         80   dfixi.o
        48          0          0          0          0         68   dfixul.o
        34          0          0          0          0         76   dflti.o
        26          0          0          0          0         76   dfltui.o
       228          0          0          0          0         96   dmul.o
        46          0          0          0          0         80   dscalb.o
       162          0          0          0          0        100   dsqrt.o
        38          0          0          0          0         68   f2d.o
       176          0          0          0          0        140   fadd.o
       124          0          0          0          0         88   fdiv.o
       110          0          0          0          0        168   fepilogue.o
        18          0          0          0          0         68   fflti.o
        10          0          0          0          0         68   ffltui.o
       100          0          0          0          0         76   fmul.o
        24          0          0          0          0         68   fscalb.o

    ----------------------------------------------------------------------
      8314        406        528          8          0       4600   Library Totals
        10          0          0          0          0          0   (incl. Padding)

    ----------------------------------------------------------------------

      Code (inc. data)   RO Data    RW Data    ZI Data      Debug   Library Name

      3584        294        528          0          0       1560   m_ws.l
      2668        112          0          8          0       1140   mc_w.l
      2052          0          0          0          0       1900   mf_w.l

    ----------------------------------------------------------------------
      8314        406        528          8          0       4600   Library Totals

    ----------------------------------------------------------------------

==============================================================================


      Code (inc. data)   RO Data    RW Data    ZI Data      Debug   

     18648       1044        928         60       1444     557508   Grand Totals
     18648       1044        928         60       1444     557508   ELF Image Totals
     18648       1044        928         60          0          0   ROM Totals

==============================================================================

    Total RO  Size (Code + RO Data)                19576 (  19.12kB)
    Total RW  Size (RW Data + ZI Data)              1504 (   1.47kB)
    Total ROM Size (Code + RO Data + RW Data)      19636 (  19.18kB)

==============================================================================

