Component: ARM Compiler 5.06 update 6 (build 750) Tool: armlink [4d35ed]

==============================================================================

Section Cross References

    startup_stm32f103xe.o(RESET) refers to startup_stm32f103xe.o(STACK) for __initial_sp
    startup_stm32f103xe.o(RESET) refers to startup_stm32f103xe.o(.text) for Reset_Handler
    startup_stm32f103xe.o(RESET) refers to stm32f1xx_it.o(i.NMI_Handler) for NMI_Handler
    startup_stm32f103xe.o(RESET) refers to stm32f1xx_it.o(i.HardFault_Handler) for HardFault_Handler
    startup_stm32f103xe.o(RESET) refers to stm32f1xx_it.o(i.MemManage_Handler) for MemManage_Handler
    startup_stm32f103xe.o(RESET) refers to stm32f1xx_it.o(i.BusFault_Handler) for BusFault_Handler
    startup_stm32f103xe.o(RESET) refers to stm32f1xx_it.o(i.UsageFault_Handler) for UsageFault_Handler
    startup_stm32f103xe.o(RESET) refers to stm32f1xx_it.o(i.SVC_Handler) for SVC_Handler
    startup_stm32f103xe.o(RESET) refers to stm32f1xx_it.o(i.DebugMon_Handler) for DebugMon_Handler
    startup_stm32f103xe.o(RESET) refers to stm32f1xx_it.o(i.PendSV_Handler) for PendSV_Handler
    startup_stm32f103xe.o(RESET) refers to stm32f1xx_it.o(i.SysTick_Handler) for SysTick_Handler
    startup_stm32f103xe.o(RESET) refers to stm32f1xx_it.o(i.DMA1_Channel4_IRQHandler) for DMA1_Channel4_IRQHandler
    startup_stm32f103xe.o(RESET) refers to stm32f1xx_it.o(i.DMA1_Channel5_IRQHandler) for DMA1_Channel5_IRQHandler
    startup_stm32f103xe.o(RESET) refers to stm32f1xx_it.o(i.USART1_IRQHandler) for USART1_IRQHandler
    startup_stm32f103xe.o(RESET) refers to stm32f1xx_it.o(i.EXTI15_10_IRQHandler) for EXTI15_10_IRQHandler
    startup_stm32f103xe.o(.text) refers to system_stm32f1xx.o(i.SystemInit) for SystemInit
    startup_stm32f103xe.o(.text) refers to entry.o(.ARM.Collect$$$$00000000) for __main
    main.o(i.SystemClock_Config) refers to memseta.o(.text) for __aeabi_memclr4
    main.o(i.SystemClock_Config) refers to stm32f1xx_hal_rcc.o(i.HAL_RCC_OscConfig) for HAL_RCC_OscConfig
    main.o(i.SystemClock_Config) refers to stm32f1xx_hal_rcc.o(i.HAL_RCC_ClockConfig) for HAL_RCC_ClockConfig
    main.o(i.UART_IDLE_Callback) refers to scanf_fp.o(.text) for _scanf_real
    main.o(i.UART_IDLE_Callback) refers to stm32f1xx_hal_uart.o(i.HAL_UART_DMAStop) for HAL_UART_DMAStop
    main.o(i.UART_IDLE_Callback) refers to stm32f1xx_hal_uart.o(i.HAL_UART_Receive_DMA) for HAL_UART_Receive_DMA
    main.o(i.UART_IDLE_Callback) refers to printfa.o(i.__0sprintf) for __2sprintf
    main.o(i.UART_IDLE_Callback) refers to __0sscanf.o(.text) for __0sscanf
    main.o(i.UART_IDLE_Callback) refers to main.o(.bss) for .bss
    main.o(i.UART_IDLE_Callback) refers to usart.o(.bss) for huart1
    main.o(i.aPID) refers to fadd.o(.text) for __aeabi_fsub
    main.o(i.aPID) refers to fmul.o(.text) for __aeabi_fmul
    main.o(i.aPID) refers to main.o(i.vPID) for vPID
    main.o(i.aPID) refers to main.o(.data) for .data
    main.o(i.aPID) refers to main.o(.bss) for .bss
    main.o(i.main) refers to stm32f1xx_hal.o(i.HAL_Init) for HAL_Init
    main.o(i.main) refers to main.o(i.SystemClock_Config) for SystemClock_Config
    main.o(i.main) refers to gpio.o(i.MX_GPIO_Init) for MX_GPIO_Init
    main.o(i.main) refers to dma.o(i.MX_DMA_Init) for MX_DMA_Init
    main.o(i.main) refers to usart.o(i.MX_USART1_UART_Init) for MX_USART1_UART_Init
    main.o(i.main) refers to bsp_dwt.o(i.DWT_Init) for DWT_Init
    main.o(i.main) refers to motor_simulation.o(i.Motor_Object_Init) for Motor_Object_Init
    main.o(i.main) refers to stm32f1xx_hal_uart.o(i.HAL_UART_Receive_DMA) for HAL_UART_Receive_DMA
    main.o(i.main) refers to bsp_dwt.o(i.DWT_GetDeltaT) for DWT_GetDeltaT
    main.o(i.main) refers to fadd.o(.text) for __aeabi_fadd
    main.o(i.main) refers to motor_simulation.o(i.Get_Motor_Current) for Get_Motor_Current
    main.o(i.main) refers to motor_simulation.o(i.Get_Motor_Velocity) for Get_Motor_Velocity
    main.o(i.main) refers to motor_simulation.o(i.Get_Motor_Angle) for Get_Motor_Angle
    main.o(i.main) refers to main.o(i.aPID) for aPID
    main.o(i.main) refers to motor_simulation.o(i.Motor_Simulation) for Motor_Simulation
    main.o(i.main) refers to stm32f1xx_hal.o(i.HAL_Delay) for HAL_Delay
    main.o(i.main) refers to f2d.o(.text) for __aeabi_f2d
    main.o(i.main) refers to printfa.o(i.__0printf) for __2printf
    main.o(i.main) refers to main.o(.bss) for .bss
    main.o(i.main) refers to usart.o(.bss) for huart1
    main.o(i.main) refers to main.o(.data) for .data
    main.o(i.vPID) refers to fadd.o(.text) for __aeabi_fsub
    main.o(i.vPID) refers to fmul.o(.text) for __aeabi_fmul
    main.o(i.vPID) refers to cfcmple.o(.text) for __aeabi_cfcmple
    gpio.o(i.MX_GPIO_Init) refers to stm32f1xx_hal_gpio.o(i.HAL_GPIO_Init) for HAL_GPIO_Init
    gpio.o(i.MX_GPIO_Init) refers to stm32f1xx_hal_cortex.o(i.HAL_NVIC_SetPriority) for HAL_NVIC_SetPriority
[...]
    Removing stm32f1xx_hal_pwr.o(i.HAL_PWR_EnableWakeUpPin), (28 bytes).
    Removing stm32f1xx_hal_pwr.o(i.HAL_PWR_EnterSLEEPMode), (32 bytes).
    Removing stm32f1xx_hal_pwr.o(i.HAL_PWR_EnterSTANDBYMode), (32 bytes).
    Removing stm32f1xx_hal_pwr.o(i.HAL_PWR_EnterSTOPMode), (68 bytes).
    Removing stm32f1xx_hal_pwr.o(i.HAL_PWR_PVDCallback), (2 bytes).
    Removing stm32f1xx_hal_pwr.o(i.HAL_PWR_PVD_IRQHandler), (28 bytes).
    Removing stm32f1xx_hal_pwr.o(i.PWR_OverloadWfe), (6 bytes).
    Removing stm32f1xx_hal_flash.o(.rev16_text), (4 bytes).
    Removing stm32f1xx_hal_flash.o(.revsh_text), (4 bytes).
    Removing stm32f1xx_hal_flash.o(.rrx_text), (6 bytes).
    Removing stm32f1xx_hal_flash.o(i.FLASH_Program_HalfWord), (28 bytes).
    Removing stm32f1xx_hal_flash.o(i.FLASH_SetErrorCode), (92 bytes).
    Removing stm32f1xx_hal_flash.o(i.FLASH_WaitForLastOperation), (84 bytes).
    Removing stm32f1xx_hal_flash.o(i.HAL_FLASH_EndOfOperationCallback), (2 bytes).
    Removing stm32f1xx_hal_flash.o(i.HAL_FLASH_GetError), (12 bytes).
    Removing stm32f1xx_hal_flash.o(i.HAL_FLASH_IRQHandler), (264 bytes).
    Removing stm32f1xx_hal_flash.o(i.HAL_FLASH_Lock), (20 bytes).
    Removing stm32f1xx_hal_flash.o(i.HAL_FLASH_OB_Launch), (4 bytes).
    Removing stm32f1xx_hal_flash.o(i.HAL_FLASH_OB_Lock), (20 bytes).
    Removing stm32f1xx_hal_flash.o(i.HAL_FLASH_OB_Unlock), (36 bytes).
    Removing stm32f1xx_hal_flash.o(i.HAL_FLASH_OperationErrorCallback), (2 bytes).
    Removing stm32f1xx_hal_flash.o(i.HAL_FLASH_Program), (128 bytes).
    Removing stm32f1xx_hal_flash.o(i.HAL_FLASH_Program_IT), (100 bytes).
    Removing stm32f1xx_hal_flash.o(i.HAL_FLASH_Unlock), (40 bytes).
    Removing stm32f1xx_hal_flash.o(.bss), (32 bytes).
    Removing stm32f1xx_hal_flash_ex.o(.rev16_text), (4 bytes).
    Removing stm32f1xx_hal_flash_ex.o(.revsh_text), (4 bytes).
    Removing stm32f1xx_hal_flash_ex.o(.rrx_text), (6 bytes).
    Removing stm32f1xx_hal_flash_ex.o(i.FLASH_MassErase), (36 bytes).
    Removing stm32f1xx_hal_flash_ex.o(i.FLASH_OB_DisableWRP), (176 bytes).
    Removing stm32f1xx_hal_flash_ex.o(i.FLASH_OB_EnableWRP), (176 bytes).
    Removing stm32f1xx_hal_flash_ex.o(i.FLASH_OB_GetRDP), (24 bytes).
    Removing stm32f1xx_hal_flash_ex.o(i.FLASH_OB_RDP_LevelConfig), (100 bytes).
    Removing stm32f1xx_hal_flash_ex.o(i.FLASH_PageErase), (36 bytes).
    Removing stm32f1xx_hal_flash_ex.o(i.HAL_FLASHEx_Erase), (168 bytes).
    Removing stm32f1xx_hal_flash_ex.o(i.HAL_FLASHEx_Erase_IT), (84 bytes).
    Removing stm32f1xx_hal_flash_ex.o(i.HAL_FLASHEx_OBErase), (84 bytes).
    Removing stm32f1xx_hal_flash_ex.o(i.HAL_FLASHEx_OBGetConfig), (36 bytes).
    Removing stm32f1xx_hal_flash_ex.o(i.HAL_FLASHEx_OBGetUserData), (32 bytes).
    Removing stm32f1xx_hal_flash_ex.o(i.HAL_FLASHEx_OBProgram), (200 bytes).
    Removing stm32f1xx_hal_exti.o(.rev16_text), (4 bytes).
    Removing stm32f1xx_hal_exti.o(.revsh_text), (4 bytes).
    Removing stm32f1xx_hal_exti.o(.rrx_text), (6 bytes).
    Removing stm32f1xx_hal_exti.o(i.HAL_EXTI_ClearConfigLine), (104 bytes).
    Removing stm32f1xx_hal_exti.o(i.HAL_EXTI_ClearPending), (20 bytes).
    Removing stm32f1xx_hal_exti.o(i.HAL_EXTI_GenerateSWI), (20 bytes).
    Removing stm32f1xx_hal_exti.o(i.HAL_EXTI_GetConfigLine), (140 bytes).
    Removing stm32f1xx_hal_exti.o(i.HAL_EXTI_GetHandle), (12 bytes).
    Removing stm32f1xx_hal_exti.o(i.HAL_EXTI_GetPending), (24 bytes).
    Removing stm32f1xx_hal_exti.o(i.HAL_EXTI_IRQHandler), (36 bytes).
    Removing stm32f1xx_hal_exti.o(i.HAL_EXTI_RegisterCallback), (14 bytes).
    Removing stm32f1xx_hal_exti.o(i.HAL_EXTI_SetConfigLine), (164 bytes).
    Removing system_stm32f1xx.o(.rev16_text), (4 bytes).
    Removing system_stm32f1xx.o(.revsh_text), (4 bytes).
    Removing system_stm32f1xx.o(.rrx_text), (6 bytes).
    Removing system_stm32f1xx.o(i.SystemCoreClockUpdate), (104 bytes).
    Removing bsp_dwt.o(.rev16_text), (4 bytes).
    Removing bsp_dwt.o(.revsh_text), (4 bytes).
    Removing bsp_dwt.o(.rrx_text), (6 bytes).

234 unused section(s) (total 11650 bytes) removed from the image.

==============================================================================

Image Symbol Table

    Local Symbols

    Symbol Name                              Value     Ov Type        Size  Object(Section)

    ../Core/Src/dma.c                        0x00000000   Number         0  dma.o ABSOLUTE
    ../Core/Src/gpio.c                       0x00000000   Number         0  gpio.o ABSOLUTE
    ../Core/Src/main.c                       0x00000000   Number         0  main.o ABSOLUTE
    ../Core/Src/stm32f1xx_hal_msp.c          0x00000000   Number         0  stm32f1xx_hal_msp.o ABSOLUTE
    ../Core/Src/stm32f1xx_it.c               0x00000000   Number         0  stm32f1xx_it.o ABSOLUTE
    ../Core/Src/system_stm32f1xx.c           0x00000000   Number         0  system_stm32f1xx.o ABSOLUTE
    ../Core/Src/usart.c                      0x00000000   Number         0  usart.o ABSOLUTE
    ../Drivers/STM32F1xx_HAL_Driver/Src/stm32f1xx_hal.c 0x00000000   Number         0  stm32f1xx_hal.o ABSOLUTE
    ../Drivers/STM32F1xx_HAL_Driver/Src/stm32f1xx_hal_cortex.c 0x00000000   Number         0  stm32f1xx_hal_cortex.o ABSOLUTE
    ../Drivers/STM32F1xx_HAL_Driver/Src/stm32f1xx_hal_dma.c 0x00000000   Number         0  stm32f1xx_hal_dma.o ABSOLUTE
    ../Drivers/STM32F1xx_HAL_Driver/Src/stm32f1xx_hal_exti.c 0x00000000   Number         0  stm32f1xx_hal_exti.o ABSOLUTE
    ../Drivers/STM32F1xx_HAL_Driver/Src/stm32f1xx_hal_flash.c 0x00000000   Number         0  stm32f1xx_hal_flash.o ABSOLUTE
    ../Drivers/STM32F1xx_HAL_Driver/Src/stm32f1xx_hal_flash_ex.c 0x00000000   Number         0  stm32f1xx_hal_flash_ex.o ABSOLUTE
    ../Drivers/STM32F1xx_HAL_Driver/Src/stm32f1xx_hal_gpio.c 0x00000000   Number         0  stm32f1xx_hal_gpio.o ABSOLUTE
    ../Drivers/STM32F1xx_HAL_Driver/Src/stm32f1xx_hal_gpio_ex.c 0x00000000   Number         0  stm32f1xx_hal_gpio_ex.o ABSOLUTE
    ../Drivers/STM32F1xx_HAL_Driver/Src/stm32f1xx_hal_pwr.c 0x00000000   Number         0  stm32f1xx_hal_pwr.o ABSOLUTE
    ../Drivers/STM32F1xx_HAL_Driver/Src/stm32f1xx_hal_rcc.c 0x00000000   Number         0  stm32f1xx_hal_rcc.o ABSOLUTE
    ../Drivers/STM32F1xx_HAL_Driver/Src/stm32f1xx_hal_rcc_ex.c 0x00000000   Number         0  stm32f1xx_hal_rcc_ex.o ABSOLUTE
    ../Drivers/STM32F1xx_HAL_Driver/Src/stm32f1xx_hal_tim.c 0x00000000   Number         0  stm32f1xx_hal_tim.o ABSOLUTE
    ../Drivers/STM32F1xx_HAL_Driver/Src/stm32f1xx_hal_tim_ex.c 0x00000000   Number         0  stm32f1xx_hal_tim_ex.o ABSOLUTE
    ../Drivers/STM32F1xx_HAL_Driver/Src/stm32f1xx_hal_uart.c 0x00000000   Number         0  stm32f1xx_hal_uart.o ABSOLUTE
    ../clib/microlib/ctype/ctype.c           0x00000000   Number         0  ctype_c.o ABSOLUTE
    ../clib/microlib/ctype/ctype.c           0x00000000   Number         0  isspace_c.o ABSOLUTE
    ../clib/microlib/division.c              0x00000000   Number         0  uldiv.o ABSOLUTE
    ../clib/microlib/division.c              0x00000000   Number         0  uidiv.o ABSOLUTE
    ../clib/microlib/errno.c                 0x00000000   Number         0  errno.o ABSOLUTE
    ../clib/microlib/init/entry.s            0x00000000   Number         0  entry5.o ABSOLUTE
    ../clib/microlib/init/entry.s            0x00000000   Number         0  entry11b.o ABSOLUTE
    ../clib/microlib/init/entry.s            0x00000000   Number         0  entry11a.o ABSOLUTE
    ../clib/microlib/init/entry.s            0x00000000   Number         0  entry10b.o ABSOLUTE
    ../clib/microlib/init/entry.s            0x00000000   Number         0  entry9b.o ABSOLUTE
    ../clib/microlib/init/entry.s            0x00000000   Number         0  entry9a.o ABSOLUTE
    ../clib/microlib/init/entry.s            0x00000000   Number         0  entry8b.o ABSOLUTE
    ../clib/microlib/init/entry.s            0x00000000   Number         0  entry8a.o ABSOLUTE
    ../clib/microlib/init/entry.s            0x00000000   Number         0  entry10a.o ABSOLUTE
    ../clib/microlib/init/entry.s            0x00000000   Number         0  entry7b.o ABSOLUTE
    ../clib/microlib/init/entry.s            0x00000000   Number         0  entry7a.o ABSOLUTE
    ../clib/microlib/init/entry.s            0x00000000   Number         0  entry2.o ABSOLUTE
    ../clib/microlib/init/entry.s            0x00000000   Number         0  entry.o ABSOLUTE
    ../clib/microlib/longlong.c              0x00000000   Number         0  llushr.o ABSOLUTE
    ../clib/microlib/longlong.c              0x00000000   Number         0  llsshr.o ABSOLUTE
    ../clib/microlib/longlong.c              0x00000000   Number         0  llshl.o ABSOLUTE
    ../clib/microlib/printf/printf.c         0x00000000   Number         0  printf2.o ABSOLUTE
    ../clib/microlib/printf/printf.c         0x00000000   Number         0  printfa.o ABSOLUTE
    ../clib/microlib/printf/printf.c         0x00000000   Number         0  printf6.o ABSOLUTE
    ../clib/microlib/printf/printf.c         0x00000000   Number         0  printf0.o ABSOLUTE
    ../clib/microlib/printf/printf.c         0x00000000   Number         0  printfb.o ABSOLUTE
    ../clib/microlib/printf/printf.c         0x00000000   Number         0  printf1.o ABSOLUTE
    ../clib/microlib/printf/printf.c         0x00000000   Number         0  printf4.o ABSOLUTE
    ../clib/microlib/printf/printf.c         0x00000000   Number         0  printf8.o ABSOLUTE
    ../clib/microlib/printf/printf.c         0x00000000   Number         0  printf7.o ABSOLUTE
    ../clib/microlib/printf/printf.c         0x00000000   Number         0  printf5.o ABSOLUTE
    ../clib/microlib/printf/printf.c         0x00000000   Number         0  printf3.o ABSOLUTE
    ../clib/microlib/printf/stubs.s          0x00000000   Number         0  stubs.o ABSOLUTE
    ../clib/microlib/stdio/streams.c         0x00000000   Number         0  stdout.o ABSOLUTE
    ../clib/microlib/stdlib/rand.c           0x00000000   Number         0  rand.o ABSOLUTE
    ../clib/microlib/string/memset.c         0x00000000   Number         0  memseta.o ABSOLUTE
    ../clib/microlib/stubs.s                 0x00000000   Number         0  iusefp.o ABSOLUTE
    ../clib/scanf.c                          0x00000000   Number         0  scanf_char.o ABSOLUTE
    ../clib/scanf.c                          0x00000000   Number         0  _sgetc.o ABSOLUTE
    ../clib/scanf.c                          0x00000000   Number         0  __0sscanf.o ABSOLUTE
    ../clib/scanf.c                          0x00000000   Number         0  scanf_fp.o ABSOLUTE
    ../clib/scanf.c                          0x00000000   Number         0  _scanf.o ABSOLUTE
    ../fplib/microlib/d2f.c                  0x00000000   Number         0  d2f.o ABSOLUTE
    ../fplib/microlib/f2d.c                  0x00000000   Number         0  f2d.o ABSOLUTE
    ../fplib/microlib/fpadd.c                0x00000000   Number         0  fadd.o ABSOLUTE
    ../fplib/microlib/fpadd.c                0x00000000   Number         0  dadd.o ABSOLUTE
    ../fplib/microlib/fpdiv.c                0x00000000   Number         0  ddiv.o ABSOLUTE
    ../fplib/microlib/fpdiv.c                0x00000000   Number         0  fdiv.o ABSOLUTE
    ../fplib/microlib/fpepilogue.c           0x00000000   Number         0  depilogue.o ABSOLUTE
    ../fplib/microlib/fpepilogue.c           0x00000000   Number         0  fepilogue.o ABSOLUTE
    ../fplib/microlib/fpfix.c                0x00000000   Number         0  ffixi.o ABSOLUTE
    ../fplib/microlib/fpfix.c                0x00000000   Number         0  dfixul.o ABSOLUTE
    ../fplib/microlib/fpflt.c                0x00000000   Number         0  dflti.o ABSOLUTE
    ../fplib/microlib/fpflt.c                0x00000000   Number         0  ffltui.o ABSOLUTE
    ../fplib/microlib/fpflt.c                0x00000000   Number         0  dfltul.o ABSOLUTE
    ../fplib/microlib/fpflt.c                0x00000000   Number         0  fflti.o ABSOLUTE
    ../fplib/microlib/fpmul.c                0x00000000   Number         0  dmul.o ABSOLUTE
    ../fplib/microlib/fpmul.c                0x00000000   Number         0  fmul.o ABSOLUTE
    ../fplib/microlib/fprnd.c                0x00000000   Number         0  frnd.o ABSOLUTE
    ../fplib/microlib/fpscalb.c              0x00000000   Number         0  dscalb.o ABSOLUTE
    ../fplib/microlib/fpscalb.c              0x00000000   Number         0  fscalb.o ABSOLUTE
    ../fplib/microlib/fpsqrt.c               0x00000000   Number         0  fsqrt.o ABSOLUTE
    ../mathlib/cosf.c                        0x00000000   Number         0  cosf_x.o ABSOLUTE
    ../mathlib/cosf.c                        0x00000000   Number         0  cosf.o ABSOLUTE
    ../mathlib/fpclassifyf.c                 0x00000000   Number         0  fpclassifyf.o ABSOLUTE
    ../mathlib/funder.c                      0x00000000   Number         0  funder.o ABSOLUTE
    ../mathlib/logf.c                        0x00000000   Number         0  logf.o ABSOLUTE
    ../mathlib/logf.c                        0x00000000   Number         0  logf_x.o ABSOLUTE
    ../mathlib/rredf.c                       0x00000000   Number         0  rredf.o ABSOLUTE
    ../mathlib/sinf.c                        0x00000000   Number         0  sinf.o ABSOLUTE
    ../mathlib/sinf.c                        0x00000000   Number         0  sinf_x.o ABSOLUTE
    ../mathlib/sqrtf.c                       0x00000000   Number         0  sqrtf.o ABSOLUTE
    ../mathlib/sqrtf.c                       0x00000000   Number         0  sqrtf_x.o ABSOLUTE
    ..\Bsp\bsp_dwt.c                         0x00000000   Number         0  bsp_dwt.o ABSOLUTE
    ..\Core\Src\dma.c                        0x00000000   Number         0  dma.o ABSOLUTE
    ..\Core\Src\gpio.c                       0x00000000   Number         0  gpio.o ABSOLUTE
    ..\Core\Src\main.c                       0x00000000   Number         0  main.o ABSOLUTE
    ..\Core\Src\printf.c                     0x00000000   Number         0  printf.o ABSOLUTE
    ..\Core\Src\stm32f1xx_hal_msp.c          0x00000000   Number         0  stm32f1xx_hal_msp.o ABSOLUTE
    ..\Core\Src\stm32f1xx_it.c               0x00000000   Number         0  stm32f1xx_it.o ABSOLUTE
    ..\Core\Src\system_stm32f1xx.c           0x00000000   Number         0  system_stm32f1xx.o ABSOLUTE
    ..\Core\Src\usart.c                      0x00000000   Number         0  usart.o ABSOLUTE
    ..\Drivers\STM32F1xx_HAL_Driver\Src\stm32f1xx_hal.c 0x00000000   Number         0  stm32f1xx_hal.o ABSOLUTE
    ..\Drivers\STM32F1xx_HAL_Driver\Src\stm32f1xx_hal_cortex.c 0x00000000   Number         0  stm32f1xx_hal_cortex.o ABSOLUTE
    ..\Drivers\STM32F1xx_HAL_Driver\Src\stm32f1xx_hal_dma.c 0x00000000   Number         0  stm32f1xx_hal_dma.o ABSOLUTE
    ..\Drivers\STM32F1xx_HAL_Driver\Src\stm32f1xx_hal_exti.c 0x00000000   Number         0  stm32f1xx_hal_exti.o ABSOLUTE
    ..\Drivers\STM32F1xx_HAL_Driver\Src\stm32f1xx_hal_flash.c 0x00000000   Number         0  stm32f1xx_hal_flash.o ABSOLUTE
    ..\Drivers\STM32F1xx_HAL_Driver\Src\stm32f1xx_hal_flash_ex.c 0x00000000   Number         0  stm32f1xx_hal_flash_ex.o ABSOLUTE
    ..\Drivers\STM32F1xx_HAL_Driver\Src\stm32f1xx_hal_gpio.c 0x00000000   Number         0  stm32f1xx_hal_gpio.o ABSOLUTE
    ..\Drivers\STM32F1xx_HAL_Driver\Src\stm32f1xx_hal_gpio_ex.c 0x00000000   Number         0  stm32f1xx_hal_gpio_ex.o ABSOLUTE
    ..\Drivers\STM32F1xx_HAL_Driver\Src\stm32f1xx_hal_pwr.c 0x00000000   Number         0  stm32f1xx_hal_pwr.o ABSOLUTE
    ..\Drivers\STM32F1xx_HAL_Driver\Src\stm32f1xx_hal_rcc.c 0x00000000   Number         0  stm32f1xx_hal_rcc.o ABSOLUTE
    ..\Drivers\STM32F1xx_HAL_Driver\Src\stm32f1xx_hal_rcc_ex.c 0x00000000   Number         0  stm32f1xx_hal_rcc_ex.o ABSOLUTE
    ..\Drivers\STM32F1xx_HAL_Driver\Src\stm32f1xx_hal_tim.c 0x00000000   Number         0  stm32f1xx_hal_tim.o ABSOLUTE
    ..\Drivers\STM32F1xx_HAL_Driver\Src\stm32f1xx_hal_tim_ex.c 0x00000000   Number         0  stm32f1xx_hal_tim_ex.o ABSOLUTE
    ..\Drivers\STM32F1xx_HAL_Driver\Src\stm32f1xx_hal_uart.c 0x00000000   Number         0  stm32f1xx_hal_uart.o ABSOLUTE
    ..\Motor\motor_simulation.c              0x00000000   Number         0  motor_simulation.o ABSOLUTE
    ..\\Bsp\\bsp_dwt.c                       0x00000000   Number         0  bsp_dwt.o ABSOLUTE
    ..\\Core\\Src\\printf.c                  0x00000000   Number         0  printf.o ABSOLUTE
    cdrcmple.s                               0x00000000   Number         0  cdrcmple.o ABSOLUTE
    cfcmple.s                                0x00000000   Number         0  cfcmple.o ABSOLUTE
    cfrcmple.s                               0x00000000   Number         0  cfrcmple.o ABSOLUTE
    dc.s                                     0x00000000   Number         0  dc.o ABSOLUTE
    handlers.s                               0x00000000   Number         0  handlers.o ABSOLUTE
    init.s                                   0x00000000   Number         0  init.o ABSOLUTE
    startup_stm32f103xe.s                    0x00000000   Number         0  startup_stm32f103xe.o ABSOLUTE
    RESET                                    0x08000000   Section      304  startup_stm32f103xe.o(RESET)
    .ARM.Collect$$$$00000000                 0x08000130   Section        0  entry.o(.ARM.Collect$$$$00000000)
    .ARM.Collect$$$$00000001                 0x08000130   Section        4  entry2.o(.ARM.Collect$$$$00000001)
    .ARM.Collect$$$$00000004                 0x08000134   Section        4  entry5.o(.ARM.Collect$$$$00000004)
    .ARM.Collect$$$$00000008                 0x08000138   Section        0  entry7b.o(.ARM.Collect$$$$00000008)
    .ARM.Collect$$$$0000000A                 0x08000138   Section        0  entry8b.o(.ARM.Collect$$$$0000000A)
    .ARM.Collect$$$$0000000B                 0x08000138   Section        8  entry9a.o(.ARM.Collect$$$$0000000B)
    .ARM.Collect$$$$0000000D                 0x08000140   Section        0  entry10a.o(.ARM.Collect$$$$0000000D)
    .ARM.Collect$$$$0000000F                 0x08000140   Section        0  entry11a.o(.ARM.Collect$$$$0000000F)
    .ARM.Collect$$$$00002712                 0x08000140   Section        4  entry2.o(.ARM.Collect$$$$00002712)
    __lit__00000000                          0x08000140   Data           4  entry2.o(.ARM.Collect$$$$00002712)
    .text                                    0x08000144   Section       36  startup_stm32f103xe.o(.text)
    .text                                    0x08000168   Section        0  llushr.o(.text)
    .text                                    0x08000188   Section        0  rand.o(.text)
    .text                                    0x080001ac   Section        0  memseta.o(.text)
    .text                                    0x080001d0   Section        0  __0sscanf.o(.text)
    .text                                    0x08000208   Section        0  scanf_fp.o(.text)
    _fp_value                                0x08000209   Thumb Code   296  scanf_fp.o(.text)
    .text                                    0x08000568   Section        0  fadd.o(.text)
    .text                                    0x08000618   Section        0  fmul.o(.text)
    .text                                    0x0800067c   Section        0  fdiv.o(.text)
    .text                                    0x080006f8   Section        0  fscalb.o(.text)
    .text                                    0x08000710   Section        0  dmul.o(.text)
    .text                                    0x080007f4   Section        0  dscalb.o(.text)
    .text                                    0x08000822   Section        0  fflti.o(.text)
    .text                                    0x08000834   Section        0  ffltui.o(.text)
    .text                                    0x0800083e   Section        0  dflti.o(.text)
    .text                                    0x08000860   Section        0  ffixi.o(.text)
    .text                                    0x08000892   Section        0  f2d.o(.text)
    .text                                    0x080008b8   Section        0  d2f.o(.text)
    .text                                    0x080008f0   Section       20  cfcmple.o(.text)
    .text                                    0x08000904   Section       20  cfrcmple.o(.text)
    .text                                    0x08000918   Section        0  uidiv.o(.text)
    .text                                    0x08000944   Section        0  uldiv.o(.text)
    .text                                    0x080009a8   Section        0  scanf_char.o(.text)
    _scanf_char_input                        0x080009a9   Thumb Code    12  scanf_char.o(.text)
    .text                                    0x080009d0   Section        0  _sgetc.o(.text)
    .text                                    0x08000a10   Section        0  iusefp.o(.text)
    .text                                    0x08000a10   Section        0  fepilogue.o(.text)
    .text                                    0x08000a7e   Section        0  fsqrt.o(.text)
    .text                                    0x08000adc   Section        0  frnd.o(.text)
    .text                                    0x08000b18   Section        0  depilogue.o(.text)
    .text                                    0x08000bd2   Section        0  dadd.o(.text)
    .text                                    0x08000d20   Section        0  ddiv.o(.text)
    .text                                    0x08000dfe   Section        0  dfltul.o(.text)
    .text                                    0x08000e16   Section        0  dfixul.o(.text)
    .text                                    0x08000e48   Section       48  cdrcmple.o(.text)
    .text                                    0x08000e78   Section       36  init.o(.text)
    .text                                    0x08000e9c   Section        0  llshl.o(.text)
    .text                                    0x08000eba   Section        0  llsshr.o(.text)
    .text                                    0x08000ede   Section        0  isspace_c.o(.text)
    .text                                    0x08000ee8   Section        0  _scanf.o(.text)
    .text                                    0x08001214   Section        0  ctype_c.o(.text)
    i.BusFault_Handler                       0x0800123c   Section        0  stm32f1xx_it.o(i.BusFault_Handler)
    i.DMA1_Channel4_IRQHandler               0x08001240   Section        0  stm32f1xx_it.o(i.DMA1_Channel4_IRQHandler)
    i.DMA1_Channel5_IRQHandler               0x0800124c   Section        0  stm32f1xx_it.o(i.DMA1_Channel5_IRQHandler)
    i.DMA_SetConfig                          0x08001258   Section        0  stm32f1xx_hal_dma.o(i.DMA_SetConfig)
    DMA_SetConfig                            0x08001259   Thumb Code    42  stm32f1xx_hal_dma.o(i.DMA_SetConfig)
    i.DWT_GetDeltaT                          0x08001284   Section        0  bsp_dwt.o(i.DWT_GetDeltaT)
    i.DWT_Init                               0x080012b8   Section        0  bsp_dwt.o(i.DWT_Init)
    i.DebugMon_Handler                       0x080012ec   Section        0  stm32f1xx_it.o(i.DebugMon_Handler)
    i.EXTI15_10_IRQHandler                   0x080012ee   Section        0  stm32f1xx_it.o(i.EXTI15_10_IRQHandler)
    i.Error_Handler                          0x080012f6   Section        0  main.o(i.Error_Handler)
    i.Gauss_Rand                             0x080012fc   Section        0  motor_simulation.o(i.Gauss_Rand)
    Gauss_Rand                               0x080012fd   Thumb Code   142  motor_simulation.o(i.Gauss_Rand)
    i.Get_Motor_Angle                        0x08001398   Section        0  motor_simulation.o(i.Get_Motor_Angle)
    i.Get_Motor_Current                      0x0800139c   Section        0  motor_simulation.o(i.Get_Motor_Current)
    i.Get_Motor_Velocity                     0x080013a0   Section        0  motor_simulation.o(i.Get_Motor_Velocity)
    i.HAL_DMA_Abort                          0x080013a4   Section        0  stm32f1xx_hal_dma.o(i.HAL_DMA_Abort)
    i.HAL_DMA_IRQHandler                     0x080013ec   Section        0  stm32f1xx_hal_dma.o(i.HAL_DMA_IRQHandler)
    i.HAL_DMA_Init                           0x08001634   Section        0  stm32f1xx_hal_dma.o(i.HAL_DMA_Init)
    i.HAL_DMA_Start_IT                       0x080016b0   Section        0  stm32f1xx_hal_dma.o(i.HAL_DMA_Start_IT)
    i.HAL_Delay                              0x08001720   Section        0  stm32f1xx_hal.o(i.HAL_Delay)
    i.HAL_GPIO_EXTI_Callback                 0x08001744   Section        0  stm32f1xx_hal_gpio.o(i.HAL_GPIO_EXTI_Callback)
    i.HAL_GPIO_EXTI_IRQHandler               0x08001748   Section        0  stm32f1xx_hal_gpio.o(i.HAL_GPIO_EXTI_IRQHandler)
    i.HAL_GPIO_Init                          0x08001760   Section        0  stm32f1xx_hal_gpio.o(i.HAL_GPIO_Init)
    i.HAL_GetTick                            0x08001958   Section        0  stm32f1xx_hal.o(i.HAL_GetTick)
    i.HAL_IncTick                            0x08001964   Section        0  stm32f1xx_hal.o(i.HAL_IncTick)
    i.HAL_Init                               0x08001974   Section        0  stm32f1xx_hal.o(i.HAL_Init)
    i.HAL_InitTick                           0x08001998   Section        0  stm32f1xx_hal.o(i.HAL_InitTick)
    i.HAL_MspInit                            0x080019d8   Section        0  stm32f1xx_hal_msp.o(i.HAL_MspInit)
    i.HAL_NVIC_EnableIRQ                     0x08001a14   Section        0  stm32f1xx_hal_cortex.o(i.HAL_NVIC_EnableIRQ)
    i.HAL_NVIC_SetPriority                   0x08001a30   Section        0  stm32f1xx_hal_cortex.o(i.HAL_NVIC_SetPriority)
    i.HAL_NVIC_SetPriorityGrouping           0x08001a70   Section        0  stm32f1xx_hal_cortex.o(i.HAL_NVIC_SetPriorityGrouping)
    i.HAL_RCC_ClockConfig                    0x08001a94   Section        0  stm32f1xx_hal_rcc.o(i.HAL_RCC_ClockConfig)
    i.HAL_RCC_GetPCLK1Freq                   0x08001bc0   Section        0  stm32f1xx_hal_rcc.o(i.HAL_RCC_GetPCLK1Freq)
    i.HAL_RCC_GetPCLK2Freq                   0x08001be0   Section        0  stm32f1xx_hal_rcc.o(i.HAL_RCC_GetPCLK2Freq)
    i.HAL_RCC_GetSysClockFreq                0x08001c00   Section        0  stm32f1xx_hal_rcc.o(i.HAL_RCC_GetSysClockFreq)
    i.HAL_RCC_OscConfig                      0x08001c4c   Section        0  stm32f1xx_hal_rcc.o(i.HAL_RCC_OscConfig)
    i.HAL_SYSTICK_Config                     0x08001f6c   Section        0  stm32f1xx_hal_cortex.o(i.HAL_SYSTICK_Config)
    i.HAL_UARTEx_RxEventCallback             0x08001f94   Section        0  stm32f1xx_hal_uart.o(i.HAL_UARTEx_RxEventCallback)
    i.HAL_UART_DMAStop                       0x08001f96   Section        0  stm32f1xx_hal_uart.o(i.HAL_UART_DMAStop)
    i.HAL_UART_ErrorCallback                 0x08002006   Section        0  stm32f1xx_hal_uart.o(i.HAL_UART_ErrorCallback)
    i.HAL_UART_Init                          0x08002008   Section        0  stm32f1xx_hal_uart.o(i.HAL_UART_Init)
    i.HAL_UART_MspInit                       0x0800206c   Section        0  usart.o(i.HAL_UART_MspInit)
    i.HAL_UART_Receive_DMA                   0x08002148   Section        0  stm32f1xx_hal_uart.o(i.HAL_UART_Receive_DMA)
    i.HAL_UART_RxCpltCallback                0x08002164   Section        0  stm32f1xx_hal_uart.o(i.HAL_UART_RxCpltCallback)
    i.HAL_UART_RxHalfCpltCallback            0x08002166   Section        0  stm32f1xx_hal_uart.o(i.HAL_UART_RxHalfCpltCallback)
    i.HAL_UART_Transmit                      0x08002168   Section        0  stm32f1xx_hal_uart.o(i.HAL_UART_Transmit)
    i.HardFault_Handler                      0x08002202   Section        0  stm32f1xx_it.o(i.HardFault_Handler)
    i.MX_DMA_Init                            0x08002204   Section        0  dma.o(i.MX_DMA_Init)
    i.MX_GPIO_Init                           0x08002240   Section        0  gpio.o(i.MX_GPIO_Init)
    i.MX_USART1_UART_Init                    0x080022a0   Section        0  usart.o(i.MX_USART1_UART_Init)
    i.MemManage_Handler                      0x080022d8   Section        0  stm32f1xx_it.o(i.MemManage_Handler)
    i.Motor_Object_Init                      0x080022dc   Section        0  motor_simulation.o(i.Motor_Object_Init)
    i.Motor_Simulation                       0x0800232c   Section        0  motor_simulation.o(i.Motor_Simulation)
    i.NMI_Handler                            0x080024e8   Section        0  stm32f1xx_it.o(i.NMI_Handler)
    i.PendSV_Handler                         0x080024ea   Section        0  stm32f1xx_it.o(i.PendSV_Handler)
    i.SVC_Handler                            0x080024ec   Section        0  stm32f1xx_it.o(i.SVC_Handler)
    i.SysTick_Handler                        0x080024ee   Section        0  stm32f1xx_it.o(i.SysTick_Handler)
    i.SystemClock_Config                     0x080024f2   Section        0  main.o(i.SystemClock_Config)
    i.SystemInit                             0x08002550   Section        0  system_stm32f1xx.o(i.SystemInit)
    i.UART_DMAError                          0x08002552   Section        0  stm32f1xx_hal_uart.o(i.UART_DMAError)
    UART_DMAError                            0x08002553   Thumb Code    74  stm32f1xx_hal_uart.o(i.UART_DMAError)
    i.UART_DMAReceiveCplt                    0x0800259c   Section        0  stm32f1xx_hal_uart.o(i.UART_DMAReceiveCplt)
    UART_DMAReceiveCplt                      0x0800259d   Thumb Code   134  stm32f1xx_hal_uart.o(i.UART_DMAReceiveCplt)
    i.UART_DMARxHalfCplt                     0x08002622   Section        0  stm32f1xx_hal_uart.o(i.UART_DMARxHalfCplt)
    UART_DMARxHalfCplt                       0x08002623   Thumb Code    30  stm32f1xx_hal_uart.o(i.UART_DMARxHalfCplt)
    i.UART_EndRxTransfer                     0x08002640   Section        0  stm32f1xx_hal_uart.o(i.UART_EndRxTransfer)
    UART_EndRxTransfer                       0x08002641   Thumb Code    78  stm32f1xx_hal_uart.o(i.UART_EndRxTransfer)
    i.UART_EndTxTransfer                     0x0800268e   Section        0  stm32f1xx_hal_uart.o(i.UART_EndTxTransfer)
    UART_EndTxTransfer                       0x0800268f   Thumb Code    28  stm32f1xx_hal_uart.o(i.UART_EndTxTransfer)
    i.UART_IDLE_Callback                     0x080026ac   Section        0  main.o(i.UART_IDLE_Callback)
    i.UART_SetConfig                         0x08002764   Section        0  stm32f1xx_hal_uart.o(i.UART_SetConfig)
    UART_SetConfig                           0x08002765   Thumb Code   178  stm32f1xx_hal_uart.o(i.UART_SetConfig)
    i.UART_Start_Receive_DMA                 0x0800281c   Section        0  stm32f1xx_hal_uart.o(i.UART_Start_Receive_DMA)
    i.UART_WaitOnFlagUntilTimeout            0x080028ac   Section        0  stm32f1xx_hal_uart.o(i.UART_WaitOnFlagUntilTimeout)
    UART_WaitOnFlagUntilTimeout              0x080028ad   Thumb Code   120  stm32f1xx_hal_uart.o(i.UART_WaitOnFlagUntilTimeout)
    i.USART1_IRQHandler                      0x08002924   Section        0  stm32f1xx_it.o(i.USART1_IRQHandler)
    i.UsageFault_Handler                     0x08002930   Section        0  stm32f1xx_it.o(i.UsageFault_Handler)
    i.__0printf                              0x08002934   Section        0  printfa.o(i.__0printf)
    i.__0sprintf                             0x08002954   Section        0  printfa.o(i.__0sprintf)
    i.__ARM_fpclassifyf                      0x0800297c   Section        0  fpclassifyf.o(i.__ARM_fpclassifyf)
    i.__NVIC_SetPriority                     0x080029a2   Section        0  stm32f1xx_hal_cortex.o(i.__NVIC_SetPriority)
    __NVIC_SetPriority                       0x080029a3   Thumb Code    32  stm32f1xx_hal_cortex.o(i.__NVIC_SetPriority)
    i.__mathlib_flt_divzero                  0x080029c2   Section        0  funder.o(i.__mathlib_flt_divzero)
    i.__mathlib_flt_infnan                   0x080029cc   Section        0  funder.o(i.__mathlib_flt_infnan)
    i.__mathlib_flt_invalid                  0x080029d2   Section        0  funder.o(i.__mathlib_flt_invalid)
    i.__mathlib_flt_underflow                0x080029da   Section        0  funder.o(i.__mathlib_flt_underflow)
    i.__mathlib_rredf2                       0x080029e4   Section        0  rredf.o(i.__mathlib_rredf2)
    i.__scatterload_copy                     0x08002b4c   Section       14  handlers.o(i.__scatterload_copy)
    i.__scatterload_null                     0x08002b5a   Section        2  handlers.o(i.__scatterload_null)
    i.__scatterload_zeroinit                 0x08002b5c   Section       14  handlers.o(i.__scatterload_zeroinit)
    i.__set_errno                            0x08002b6c   Section        0  errno.o(i.__set_errno)
    i._fp_digits                             0x08002b78   Section        0  printfa.o(i._fp_digits)
    _fp_digits                               0x08002b79   Thumb Code   366  printfa.o(i._fp_digits)
    i._is_digit                              0x08002cfc   Section        0  scanf_fp.o(i._is_digit)
    i._printf_core                           0x08002d0c   Section        0  printfa.o(i._printf_core)
    _printf_core                             0x08002d0d   Thumb Code  1744  printfa.o(i._printf_core)
    i._printf_post_padding                   0x080033e8   Section        0  printfa.o(i._printf_post_padding)
    _printf_post_padding                     0x080033e9   Thumb Code    36  printfa.o(i._printf_post_padding)
    i._printf_pre_padding                    0x0800340c   Section        0  printfa.o(i._printf_pre_padding)
    _printf_pre_padding                      0x0800340d   Thumb Code    46  printfa.o(i._printf_pre_padding)
    i._sputc                                 0x0800343a   Section        0  printfa.o(i._sputc)
    _sputc                                   0x0800343b   Thumb Code    10  printfa.o(i._sputc)
    i.aPID                                   0x08003444   Section        0  main.o(i.aPID)
    i.cosf                                   0x080034b0   Section        0  cosf.o(i.cosf)
    i.float_rounding                         0x0800362c   Section        0  motor_simulation.o(i.float_rounding)
    float_rounding                           0x0800362d   Thumb Code    32  motor_simulation.o(i.float_rounding)
    i.fputc                                  0x0800364c   Section        0  printf.o(i.fputc)
    i.logf                                   0x08003664   Section        0  logf.o(i.logf)
    i.main                                   0x080037f4   Section        0  main.o(i.main)
    i.sinf                                   0x080038f8   Section        0  sinf.o(i.sinf)
    i.sqrtf                                  0x08003a80   Section        0  sqrtf.o(i.sqrtf)
    i.vPID                                   0x08003aac   Section        0  main.o(i.vPID)
    .constdata                               0x08003b14   Section       18  stm32f1xx_hal_rcc.o(.constdata)
    aPredivFactorTable                       0x08003b14   Data           2  stm32f1xx_hal_rcc.o(.constdata)
    aPLLMULFactorTable                       0x08003b16   Data          16  stm32f1xx_hal_rcc.o(.constdata)
    .constdata                               0x08003b26   Section       16  system_stm32f1xx.o(.constdata)
    .constdata                               0x08003b36   Section        8  system_stm32f1xx.o(.constdata)
    .constdata                               0x08003b40   Section       64  logf.o(.constdata)
    logahi                                   0x08003b40   Data          32  logf.o(.constdata)
    logalo                                   0x08003b60   Data          32  logf.o(.constdata)
    .constdata                               0x08003b80   Section       32  rredf.o(.constdata)
    twooverpi                                0x08003b80   Data          32  rredf.o(.constdata)
    .constdata                               0x08003ba0   Section       64  ctype_c.o(.constdata)
    .data                                    0x20000000   Section       24  main.o(.data)
    .data                                    0x20000018   Section       12  stm32f1xx_hal.o(.data)
    .data                                    0x20000024   Section        4  system_stm32f1xx.o(.data)
    .data                                    0x20000028   Section        4  bsp_dwt.o(.data)
    .data                                    0x2000002c   Section       20  motor_simulation.o(.data)
    integer                                  0x2000002c   Data           4  motor_simulation.o(.data)
    decimal                                  0x20000030   Data           4  motor_simulation.o(.data)
    U                                        0x20000034   Data           4  motor_simulation.o(.data)
    V                                        0x20000038   Data           4  motor_simulation.o(.data)
    phase                                    0x2000003c   Data           4  motor_simulation.o(.data)
    .data                                    0x20000040   Section        4  rand.o(.data)
    _rand_state                              0x20000040   Data           4  rand.o(.data)
    .data                                    0x20000044   Section        4  stdout.o(.data)
    .data                                    0x20000048   Section        4  errno.o(.data)
    _errno                                   0x20000048   Data           4  errno.o(.data)
    .bss                                     0x2000004c   Section      248  main.o(.bss)
    .bss                                     0x20000144   Section      208  usart.o(.bss)
    STACK                                    0x20000218   Section     1024  startup_stm32f103xe.o(STACK)

    Global Symbols

    Symbol Name                              Value     Ov Type        Size  Object(Section)

    BuildAttributes$$THM_ISAv4$P$D$K$B$S$PE$A:L22UL41UL21$X:L11$S22US41US21$IEEE1$IW$USESV6$~STKCKD$USESV7$~SHL$OTIME$ROPI$IEEEX$EBA8$MICROLIB$REQ8$PRES8$EABIv2 0x00000000   Number         0  anon$$obj.o ABSOLUTE
    __ARM_use_no_argv                        0x00000000   Number         0  main.o ABSOLUTE
    _printf_a                                0x00000000   Number         0  stubs.o ABSOLUTE
    _printf_c                                0x00000000   Number         0  stubs.o ABSOLUTE
    _printf_charcount                        0x00000000   Number         0  stubs.o ABSOLUTE
    _printf_d                                0x00000000   Number         0  stubs.o ABSOLUTE
    _printf_e                                0x00000000   Number         0  stubs.o ABSOLUTE
    _printf_f                                0x00000000   Number         0  stubs.o ABSOLUTE
    _printf_flags                            0x00000000   Number         0  stubs.o ABSOLUTE
    _printf_fp_dec                           0x00000000   Number         0  stubs.o ABSOLUTE
    _printf_fp_hex                           0x00000000   Number         0  stubs.o ABSOLUTE
    _printf_g                                0x00000000   Number         0  stubs.o ABSOLUTE
    _printf_i                                0x00000000   Number         0  stubs.o ABSOLUTE
    _printf_int_dec                          0x00000000   Number         0  stubs.o ABSOLUTE
    _printf_l                                0x00000000   Number         0  stubs.o ABSOLUTE
    _printf_lc                               0x00000000   Number         0  stubs.o ABSOLUTE
    _printf_ll                               0x00000000   Number         0  stubs.o ABSOLUTE
    _printf_lld                              0x00000000   Number         0  stubs.o ABSOLUTE
    _printf_lli                              0x00000000   Number         0  stubs.o ABSOLUTE
    _printf_llo                              0x00000000   Number         0  stubs.o ABSOLUTE
    _printf_llu                              0x00000000   Number         0  stubs.o ABSOLUTE
    _printf_llx                              0x00000000   Number         0  stubs.o ABSOLUTE
    _printf_longlong_dec                     0x00000000   Number         0  stubs.o ABSOLUTE
    _printf_longlong_hex                     0x00000000   Number         0  stubs.o ABSOLUTE
    _printf_longlong_oct                     0x00000000   Number         0  stubs.o ABSOLUTE
    _printf_ls                               0x00000000   Number         0  stubs.o ABSOLUTE
    _printf_mbtowc                           0x00000000   Number         0  stubs.o ABSOLUTE
    _printf_n                                0x00000000   Number         0  stubs.o ABSOLUTE
    _printf_o                                0x00000000   Number         0  stubs.o ABSOLUTE
    _printf_p                                0x00000000   Number         0  stubs.o ABSOLUTE
    _printf_percent                          0x00000000   Number         0  stubs.o ABSOLUTE
    _printf_pre_padding                      0x00000000   Number         0  stubs.o ABSOLUTE
    _printf_return_value                     0x00000000   Number         0  stubs.o ABSOLUTE
    _printf_s                                0x00000000   Number         0  stubs.o ABSOLUTE
    _printf_sizespec                         0x00000000   Number         0  stubs.o ABSOLUTE
    _printf_str                              0x00000000   Number         0  stubs.o ABSOLUTE
    _printf_truncate_signed                  0x00000000   Number         0  stubs.o ABSOLUTE
    _printf_truncate_unsigned                0x00000000   Number         0  stubs.o ABSOLUTE
    _printf_u                                0x00000000   Number         0  stubs.o ABSOLUTE
    _printf_wc                               0x00000000   Number         0  stubs.o ABSOLUTE
    _printf_wctomb                           0x00000000   Number         0  stubs.o ABSOLUTE
    _printf_widthprec                        0x00000000   Number         0  stubs.o ABSOLUTE
    _printf_x                                0x00000000   Number         0  stubs.o ABSOLUTE
    __cpp_initialize__aeabi_                  - Undefined Weak Reference
    __cxa_finalize                            - Undefined Weak Reference
    __decompress                              - Undefined Weak Reference
    _clock_init                               - Undefined Weak Reference
    _microlib_exit                            - Undefined Weak Reference
    _scanf_int                                - Undefined Weak Reference
    _scanf_longlong                           - Undefined Weak Reference
    _scanf_string                             - Undefined Weak Reference
    __Vectors_Size                           0x00000130   Number         0  startup_stm32f103xe.o ABSOLUTE
    __Vectors                                0x08000000   Data           4  startup_stm32f103xe.o(RESET)
    __Vectors_End                            0x08000130   Data           0  startup_stm32f103xe.o(RESET)
    __main                                   0x08000131   Thumb Code     0  entry.o(.ARM.Collect$$$$00000000)
    _main_stk                                0x08000131   Thumb Code     0  entry2.o(.ARM.Collect$$$$00000001)
    _main_scatterload                        0x08000135   Thumb Code     0  entry5.o(.ARM.Collect$$$$00000004)
    __main_after_scatterload                 0x08000139   Thumb Code     0  entry5.o(.ARM.Collect$$$$00000004)
    _main_clock                              0x08000139   Thumb Code     0  entry7b.o(.ARM.Collect$$$$00000008)
    _main_cpp_init                           0x08000139   Thumb Code     0  entry8b.o(.ARM.Collect$$$$0000000A)
    _main_init                               0x08000139   Thumb Code     0  entry9a.o(.ARM.Collect$$$$0000000B)
    __rt_final_cpp                           0x08000141   Thumb Code     0  entry10a.o(.ARM.Collect$$$$0000000D)
    __rt_final_exit                          0x08000141   Thumb Code     0  entry11a.o(.ARM.Collect$$$$0000000F)
    Reset_Handler                            0x08000145   Thumb Code     8  startup_stm32f103xe.o(.text)
    ADC1_2_IRQHandler                        0x0800015f   Thumb Code     0  startup_stm32f103xe.o(.text)
    ADC3_IRQHandler                          0x0800015f   Thumb Code     0  startup_stm32f103xe.o(.text)
    CAN1_RX1_IRQHandler                      0x0800015f   Thumb Code     0  startup_stm32f103xe.o(.text)
    CAN1_SCE_IRQHandler                      0x0800015f   Thumb Code     0  startup_stm32f103xe.o(.text)
    DMA1_Channel1_IRQHandler                 0x0800015f   Thumb Code     0  startup_stm32f103xe.o(.text)
    DMA1_Channel2_IRQHandler                 0x0800015f   Thumb Code     0  startup_stm32f103xe.o(.text)
    DMA1_Channel3_IRQHandler                 0x0800015f   Thumb Code     0  startup_stm32f103xe.o(.text)
    DMA1_Channel6_IRQHandler                 0x0800015f   Thumb Code     0  startup_stm32f103xe.o(.text)
    DMA1_Channel7_IRQHandler                 0x0800015f   Thumb Code     0  startup_stm32f103xe.o(.text)
    DMA2_Channel1_IRQHandler                 0x0800015f   Thumb Code     0  startup_stm32f103xe.o(.text)
    DMA2_Channel2_IRQHandler                 0x0800015f   Thumb Code     0  startup_stm32f103xe.o(.text)
    DMA2_Channel3_IRQHandler                 0x0800015f   Thumb Code     0  startup_stm32f103xe.o(.text)
    DMA2_Channel4_5_IRQHandler               0x0800015f   Thumb Code     0  startup_stm32f103xe.o(.text)
    EXTI0_IRQHandler                         0x0800015f   Thumb Code     0  startup_stm32f103xe.o(.text)
    EXTI1_IRQHandler                         0x0800015f   Thumb Code     0  startup_stm32f103xe.o(.text)
    EXTI2_IRQHandler                         0x0800015f   Thumb Code     0  startup_stm32f103xe.o(.text)
    EXTI3_IRQHandler                         0x0800015f   Thumb Code     0  startup_stm32f103xe.o(.text)
    EXTI4_IRQHandler                         0x0800015f   Thumb Code     0  startup_stm32f103xe.o(.text)
    EXTI9_5_IRQHandler                       0x0800015f   Thumb Code     0  startup_stm32f103xe.o(.text)
    FLASH_IRQHandler                         0x0800015f   Thumb Code     0  startup_stm32f103xe.o(.text)
    FSMC_IRQHandler                          0x0800015f   Thumb Code     0  startup_stm32f103xe.o(.text)
    I2C1_ER_IRQHandler                       0x0800015f   Thumb Code     0  startup_stm32f103xe.o(.text)
    I2C1_EV_IRQHandler                       0x0800015f   Thumb Code     0  startup_stm32f103xe.o(.text)
    I2C2_ER_IRQHandler                       0x0800015f   Thumb Code     0  startup_stm32f103xe.o(.text)
    I2C2_EV_IRQHandler                       0x0800015f   Thumb Code     0  startup_stm32f103xe.o(.text)
    PVD_IRQHandler                           0x0800015f   Thumb Code     0  startup_stm32f103xe.o(.text)
    RCC_IRQHandler                           0x0800015f   Thumb Code     0  startup_stm32f103xe.o(.text)
    RTC_Alarm_IRQHandler                     0x0800015f   Thumb Code     0  startup_stm32f103xe.o(.text)
    RTC_IRQHandler                           0x0800015f   Thumb Code     0  startup_stm32f103xe.o(.text)
    SDIO_IRQHandler                          0x0800015f   Thumb Code     0  startup_stm32f103xe.o(.text)
    SPI1_IRQHandler                          0x0800015f   Thumb Code     0  startup_stm32f103xe.o(.text)
    SPI2_IRQHandler                          0x0800015f   Thumb Code     0  startup_stm32f103xe.o(.text)
    SPI3_IRQHandler                          0x0800015f   Thumb Code     0  startup_stm32f103xe.o(.text)
    TAMPER_IRQHandler                        0x0800015f   Thumb Code     0  startup_stm32f103xe.o(.text)
    TIM1_BRK_IRQHandler                      0x0800015f   Thumb Code     0  startup_stm32f103xe.o(.text)
    TIM1_CC_IRQHandler                       0x0800015f   Thumb Code     0  startup_stm32f103xe.o(.text)
    TIM1_TRG_COM_IRQHandler                  0x0800015f   Thumb Code     0  startup_stm32f103xe.o(.text)
    TIM1_UP_IRQHandler                       0x0800015f   Thumb Code     0  startup_stm32f103xe.o(.text)
    TIM2_IRQHandler                          0x0800015f   Thumb Code     0  startup_stm32f103xe.o(.text)
    TIM3_IRQHandler                          0x0800015f   Thumb Code     0  startup_stm32f103xe.o(.text)
    TIM4_IRQHandler                          0x0800015f   Thumb Code     0  startup_stm32f103xe.o(.text)
    TIM5_IRQHandler                          0x0800015f   Thumb Code     0  startup_stm32f103xe.o(.text)
    TIM6_IRQHandler                          0x0800015f   Thumb Code     0  startup_stm32f103xe.o(.text)
    TIM7_IRQHandler                          0x0800015f   Thumb Code     0  startup_stm32f103xe.o(.text)
    TIM8_BRK_IRQHandler                      0x0800015f   Thumb Code     0  startup_stm32f103xe.o(.text)
    TIM8_CC_IRQHandler                       0x0800015f   Thumb Code     0  startup_stm32f103xe.o(.text)
    TIM8_TRG_COM_IRQHandler                  0x0800015f   Thumb Code     0  startup_stm32f103xe.o(.text)
    TIM8_UP_IRQHandler                       0x0800015f   Thumb Code     0  startup_stm32f103xe.o(.text)
    UART4_IRQHandler                         0x0800015f   Thumb Code     0  startup_stm32f103xe.o(.text)
    UART5_IRQHandler                         0x0800015f   Thumb Code     0  startup_stm32f103xe.o(.text)
    USART2_IRQHandler                        0x0800015f   Thumb Code     0  startup_stm32f103xe.o(.text)
    USART3_IRQHandler                        0x0800015f   Thumb Code     0  startup_stm32f103xe.o(.text)
    USBWakeUp_IRQHandler                     0x0800015f   Thumb Code     0  startup_stm32f103xe.o(.text)
    USB_HP_CAN1_TX_IRQHandler                0x0800015f   Thumb Code     0  startup_stm32f103xe.o(.text)
    USB_LP_CAN1_RX0_IRQHandler               0x0800015f   Thumb Code     0  startup_stm32f103xe.o(.text)
    WWDG_IRQHandler                          0x0800015f   Thumb Code     0  startup_stm32f103xe.o(.text)
    __aeabi_llsr                             0x08000169   Thumb Code    32  llushr.o(.text)
    _ll_ushift_r                             0x08000169   Thumb Code     0  llushr.o(.text)
    rand                                     0x08000189   Thumb Code    20  rand.o(.text)
    srand                                    0x0800019d   Thumb Code     6  rand.o(.text)
    __aeabi_memset                           0x080001ad   Thumb Code    14  memseta.o(.text)
    __aeabi_memset4                          0x080001ad   Thumb Code     0  memseta.o(.text)
    __aeabi_memset8                          0x080001ad   Thumb Code     0  memseta.o(.text)
    __aeabi_memclr                           0x080001bb   Thumb Code     4  memseta.o(.text)
    __aeabi_memclr4                          0x080001bb   Thumb Code     0  memseta.o(.text)
    __aeabi_memclr8                          0x080001bb   Thumb Code     0  memseta.o(.text)
    _memset$wrapper                          0x080001bf   Thumb Code    18  memseta.o(.text)
    __0sscanf                                0x080001d1   Thumb Code    48  __0sscanf.o(.text)
    _scanf_real                              0x08000331   Thumb Code     0  scanf_fp.o(.text)
    _scanf_really_real                       0x08000331   Thumb Code   556  scanf_fp.o(.text)
    __aeabi_fadd                             0x08000569   Thumb Code   164  fadd.o(.text)
    __aeabi_fsub                             0x0800060d   Thumb Code     6  fadd.o(.text)
    __aeabi_frsub                            0x08000613   Thumb Code     6  fadd.o(.text)
    __aeabi_fmul                             0x08000619   Thumb Code   100  fmul.o(.text)
    __aeabi_fdiv                             0x0800067d   Thumb Code   124  fdiv.o(.text)
    __ARM_scalbnf                            0x080006f9   Thumb Code    24  fscalb.o(.text)
    scalbnf                                  0x080006f9   Thumb Code     0  fscalb.o(.text)
    __aeabi_dmul                             0x08000711   Thumb Code   228  dmul.o(.text)
    __ARM_scalbn                             0x080007f5   Thumb Code    46  dscalb.o(.text)
    scalbn                                   0x080007f5   Thumb Code     0  dscalb.o(.text)
    __aeabi_i2f                              0x08000823   Thumb Code    18  fflti.o(.text)
    __aeabi_ui2f                             0x08000835   Thumb Code    10  ffltui.o(.text)
    __aeabi_i2d                              0x0800083f   Thumb Code    34  dflti.o(.text)
    __aeabi_f2iz                             0x08000861   Thumb Code    50  ffixi.o(.text)
    __aeabi_f2d                              0x08000893   Thumb Code    38  f2d.o(.text)
    __aeabi_d2f                              0x080008b9   Thumb Code    56  d2f.o(.text)
    __aeabi_cfcmpeq                          0x080008f1   Thumb Code     0  cfcmple.o(.text)
    __aeabi_cfcmple                          0x080008f1   Thumb Code    20  cfcmple.o(.text)
    __aeabi_cfrcmple                         0x08000905   Thumb Code    20  cfrcmple.o(.text)
    __aeabi_uidiv                            0x08000919   Thumb Code     0  uidiv.o(.text)
    __aeabi_uidivmod                         0x08000919   Thumb Code    44  uidiv.o(.text)
    __aeabi_uldivmod                         0x08000945   Thumb Code    98  uldiv.o(.text)
    __vfscanf_char                           0x080009b5   Thumb Code    20  scanf_char.o(.text)
    _sgetc                                   0x080009d1   Thumb Code    30  _sgetc.o(.text)
    _sbackspace                              0x080009ef   Thumb Code    34  _sgetc.o(.text)
    __I$use$fp                               0x08000a11   Thumb Code     0  iusefp.o(.text)
    _float_round                             0x08000a11   Thumb Code    18  fepilogue.o(.text)
    _float_epilogue                          0x08000a23   Thumb Code    92  fepilogue.o(.text)
    _fsqrt                                   0x08000a7f   Thumb Code    94  fsqrt.o(.text)
    _frnd                                    0x08000add   Thumb Code    60  frnd.o(.text)
    _double_round                            0x08000b19   Thumb Code    30  depilogue.o(.text)
    _double_epilogue                         0x08000b37   Thumb Code   156  depilogue.o(.text)
    __aeabi_dadd                             0x08000bd3   Thumb Code   322  dadd.o(.text)
    __aeabi_dsub                             0x08000d15   Thumb Code     6  dadd.o(.text)
    __aeabi_drsub                            0x08000d1b   Thumb Code     6  dadd.o(.text)
    __aeabi_ddiv                             0x08000d21   Thumb Code   222  ddiv.o(.text)
    __aeabi_ul2d                             0x08000dff   Thumb Code    24  dfltul.o(.text)
    __aeabi_d2ulz                            0x08000e17   Thumb Code    48  dfixul.o(.text)
    __aeabi_cdrcmple                         0x08000e49   Thumb Code    48  cdrcmple.o(.text)
    __scatterload                            0x08000e79   Thumb Code    28  init.o(.text)
    __scatterload_rt2                        0x08000e79   Thumb Code     0  init.o(.text)
    __aeabi_llsl                             0x08000e9d   Thumb Code    30  llshl.o(.text)
    _ll_shift_l                              0x08000e9d   Thumb Code     0  llshl.o(.text)
    __aeabi_lasr                             0x08000ebb   Thumb Code    36  llsshr.o(.text)
    _ll_sshift_r                             0x08000ebb   Thumb Code     0  llsshr.o(.text)
    isspace                                  0x08000edf   Thumb Code    10  isspace_c.o(.text)
    __vfscanf                                0x08000ee9   Thumb Code   808  _scanf.o(.text)
    __ctype_lookup                           0x08001215   Thumb Code    34  ctype_c.o(.text)
    BusFault_Handler                         0x0800123d   Thumb Code     2  stm32f1xx_it.o(i.BusFault_Handler)
    DMA1_Channel4_IRQHandler                 0x08001241   Thumb Code     6  stm32f1xx_it.o(i.DMA1_Channel4_IRQHandler)
    DMA1_Channel5_IRQHandler                 0x0800124d   Thumb Code     6  stm32f1xx_it.o(i.DMA1_Channel5_IRQHandler)
    DWT_GetDeltaT                            0x08001285   Thumb Code    42  bsp_dwt.o(i.DWT_GetDeltaT)
    DWT_Init                                 0x080012b9   Thumb Code    34  bsp_dwt.o(i.DWT_Init)
    DebugMon_Handler                         0x080012ed   Thumb Code     2  stm32f1xx_it.o(i.DebugMon_Handler)
    EXTI15_10_IRQHandler                     0x080012ef   Thumb Code     8  stm32f1xx_it.o(i.EXTI15_10_IRQHandler)
    Error_Handler                            0x080012f7   Thumb Code     4  main.o(i.Error_Handler)
    Get_Motor_Angle                          0x08001399   Thumb Code     4  motor_simulation.o(i.Get_Motor_Angle)
    Get_Motor_Current                        0x0800139d   Thumb Code     4  motor_simulation.o(i.Get_Motor_Current)
    Get_Motor_Velocity                       0x080013a1   Thumb Code     4  motor_simulation.o(i.Get_Motor_Velocity)
    HAL_DMA_Abort                            0x080013a5   Thumb Code    70  stm32f1xx_hal_dma.o(i.HAL_DMA_Abort)
    HAL_DMA_IRQHandler                       0x080013ed   Thumb Code   552  stm32f1xx_hal_dma.o(i.HAL_DMA_IRQHandler)
    HAL_DMA_Init                             0x08001635   Thumb Code   112  stm32f1xx_hal_dma.o(i.HAL_DMA_Init)
    HAL_DMA_Start_IT                         0x080016b1   Thumb Code   112  stm32f1xx_hal_dma.o(i.HAL_DMA_Start_IT)
    HAL_Delay                                0x08001721   Thumb Code    32  stm32f1xx_hal.o(i.HAL_Delay)
    HAL_GPIO_EXTI_Callback                   0x08001745   Thumb Code     2  stm32f1xx_hal_gpio.o(i.HAL_GPIO_EXTI_Callback)
    HAL_GPIO_EXTI_IRQHandler                 0x08001749   Thumb Code    18  stm32f1xx_hal_gpio.o(i.HAL_GPIO_EXTI_IRQHandler)
    HAL_GPIO_Init                            0x08001761   Thumb Code   462  stm32f1xx_hal_gpio.o(i.HAL_GPIO_Init)
    HAL_GetTick                              0x08001959   Thumb Code     6  stm32f1xx_hal.o(i.HAL_GetTick)
    HAL_IncTick                              0x08001965   Thumb Code    12  stm32f1xx_hal.o(i.HAL_IncTick)
    HAL_Init                                 0x08001975   Thumb Code    32  stm32f1xx_hal.o(i.HAL_Init)
    HAL_InitTick                             0x08001999   Thumb Code    54  stm32f1xx_hal.o(i.HAL_InitTick)
    HAL_MspInit                              0x080019d9   Thumb Code    52  stm32f1xx_hal_msp.o(i.HAL_MspInit)
    HAL_NVIC_EnableIRQ                       0x08001a15   Thumb Code    26  stm32f1xx_hal_cortex.o(i.HAL_NVIC_EnableIRQ)
    HAL_NVIC_SetPriority                     0x08001a31   Thumb Code    60  stm32f1xx_hal_cortex.o(i.HAL_NVIC_SetPriority)
    HAL_NVIC_SetPriorityGrouping             0x08001a71   Thumb Code    26  stm32f1xx_hal_cortex.o(i.HAL_NVIC_SetPriorityGrouping)
    HAL_RCC_ClockConfig                      0x08001a95   Thumb Code   280  stm32f1xx_hal_rcc.o(i.HAL_RCC_ClockConfig)
    HAL_RCC_GetPCLK1Freq                     0x08001bc1   Thumb Code    20  stm32f1xx_hal_rcc.o(i.HAL_RCC_GetPCLK1Freq)
    HAL_RCC_GetPCLK2Freq                     0x08001be1   Thumb Code    20  stm32f1xx_hal_rcc.o(i.HAL_RCC_GetPCLK2Freq)
    HAL_RCC_GetSysClockFreq                  0x08001c01   Thumb Code    58  stm32f1xx_hal_rcc.o(i.HAL_RCC_GetSysClockFreq)
    HAL_RCC_OscConfig                        0x08001c4d   Thumb Code   778  stm32f1xx_hal_rcc.o(i.HAL_RCC_OscConfig)
    HAL_SYSTICK_Config                       0x08001f6d   Thumb Code    40  stm32f1xx_hal_cortex.o(i.HAL_SYSTICK_Config)
    HAL_UARTEx_RxEventCallback               0x08001f95   Thumb Code     2  stm32f1xx_hal_uart.o(i.HAL_UARTEx_RxEventCallback)
    HAL_UART_DMAStop                         0x08001f97   Thumb Code   112  stm32f1xx_hal_uart.o(i.HAL_UART_DMAStop)
    HAL_UART_ErrorCallback                   0x08002007   Thumb Code     2  stm32f1xx_hal_uart.o(i.HAL_UART_ErrorCallback)
    HAL_UART_Init                            0x08002009   Thumb Code   100  stm32f1xx_hal_uart.o(i.HAL_UART_Init)
    HAL_UART_MspInit                         0x0800206d   Thumb Code   200  usart.o(i.HAL_UART_MspInit)
    HAL_UART_Receive_DMA                     0x08002149   Thumb Code    28  stm32f1xx_hal_uart.o(i.HAL_UART_Receive_DMA)
    HAL_UART_RxCpltCallback                  0x08002165   Thumb Code     2  stm32f1xx_hal_uart.o(i.HAL_UART_RxCpltCallback)
    HAL_UART_RxHalfCpltCallback              0x08002167   Thumb Code     2  stm32f1xx_hal_uart.o(i.HAL_UART_RxHalfCpltCallback)
    HAL_UART_Transmit                        0x08002169   Thumb Code   154  stm32f1xx_hal_uart.o(i.HAL_UART_Transmit)
    HardFault_Handler                        0x08002203   Thumb Code     2  stm32f1xx_it.o(i.HardFault_Handler)
    MX_DMA_Init                              0x08002205   Thumb Code    56  dma.o(i.MX_DMA_Init)
    MX_GPIO_Init                             0x08002241   Thumb Code    84  gpio.o(i.MX_GPIO_Init)
    MX_USART1_UART_Init                      0x080022a1   Thumb Code    48  usart.o(i.MX_USART1_UART_Init)
    MemManage_Handler                        0x080022d9   Thumb Code     2  stm32f1xx_it.o(i.MemManage_Handler)
    Motor_Object_Init                        0x080022dd   Thumb Code    50  motor_simulation.o(i.Motor_Object_Init)
    Motor_Simulation                         0x0800232d   Thumb Code   424  motor_simulation.o(i.Motor_Simulation)
    NMI_Handler                              0x080024e9   Thumb Code     2  stm32f1xx_it.o(i.NMI_Handler)
    PendSV_Handler                           0x080024eb   Thumb Code     2  stm32f1xx_it.o(i.PendSV_Handler)
    SVC_Handler                              0x080024ed   Thumb Code     2  stm32f1xx_it.o(i.SVC_Handler)
    SysTick_Handler                          0x080024ef   Thumb Code     4  stm32f1xx_it.o(i.SysTick_Handler)
    SystemClock_Config                       0x080024f3   Thumb Code    94  main.o(i.SystemClock_Config)
    SystemInit                               0x08002551   Thumb Code     2  system_stm32f1xx.o(i.SystemInit)
    UART_IDLE_Callback                       0x080026ad   Thumb Code   128  main.o(i.UART_IDLE_Callback)
    UART_Start_Receive_DMA                   0x0800281d   Thumb Code   130  stm32f1xx_hal_uart.o(i.UART_Start_Receive_DMA)
    USART1_IRQHandler                        0x08002925   Thumb Code     6  stm32f1xx_it.o(i.USART1_IRQHandler)
    UsageFault_Handler                       0x08002931   Thumb Code     2  stm32f1xx_it.o(i.UsageFault_Handler)
    __0printf                                0x08002935   Thumb Code    22  printfa.o(i.__0printf)
    __1printf                                0x08002935   Thumb Code     0  printfa.o(i.__0printf)
    __2printf                                0x08002935   Thumb Code     0  printfa.o(i.__0printf)
    __c89printf                              0x08002935   Thumb Code     0  printfa.o(i.__0printf)
    printf                                   0x08002935   Thumb Code     0  printfa.o(i.__0printf)
    __0sprintf                               0x08002955   Thumb Code    34  printfa.o(i.__0sprintf)
    __1sprintf                               0x08002955   Thumb Code     0  printfa.o(i.__0sprintf)
    __2sprintf                               0x08002955   Thumb Code     0  printfa.o(i.__0sprintf)
    __c89sprintf                             0x08002955   Thumb Code     0  printfa.o(i.__0sprintf)
    sprintf                                  0x08002955   Thumb Code     0  printfa.o(i.__0sprintf)
    __ARM_fpclassifyf                        0x0800297d   Thumb Code    38  fpclassifyf.o(i.__ARM_fpclassifyf)
    __mathlib_flt_divzero                    0x080029c3   Thumb Code    10  funder.o(i.__mathlib_flt_divzero)
    __mathlib_flt_infnan                     0x080029cd   Thumb Code     6  funder.o(i.__mathlib_flt_infnan)
    __mathlib_flt_invalid                    0x080029d3   Thumb Code     8  funder.o(i.__mathlib_flt_invalid)
    __mathlib_flt_underflow                  0x080029db   Thumb Code    10  funder.o(i.__mathlib_flt_underflow)
    __mathlib_rredf2                         0x080029e5   Thumb Code   344  rredf.o(i.__mathlib_rredf2)
    __scatterload_copy                       0x08002b4d   Thumb Code    14  handlers.o(i.__scatterload_copy)
    __scatterload_null                       0x08002b5b   Thumb Code     2  handlers.o(i.__scatterload_null)
    __scatterload_zeroinit                   0x08002b5d   Thumb Code    14  handlers.o(i.__scatterload_zeroinit)
    __set_errno                              0x08002b6d   Thumb Code     6  errno.o(i.__set_errno)
    _is_digit                                0x08002cfd   Thumb Code    14  scanf_fp.o(i._is_digit)
    aPID                                     0x08003445   Thumb Code    98  main.o(i.aPID)
    cosf                                     0x080034b1   Thumb Code   328  cosf.o(i.cosf)
    fputc                                    0x0800364d   Thumb Code    20  printf.o(i.fputc)
    __mathlib_logf                           0x08003665   Thumb Code     0  logf.o(i.logf)
    logf                                     0x08003665   Thumb Code   362  logf.o(i.logf)
    main                                     0x080037f5   Thumb Code   230  main.o(i.main)
    sinf                                     0x080038f9   Thumb Code   338  sinf.o(i.sinf)
    sqrtf                                    0x08003a81   Thumb Code    44  sqrtf.o(i.sqrtf)
    vPID                                     0x08003aad   Thumb Code   104  main.o(i.vPID)
    AHBPrescTable                            0x08003b26   Data          16  system_stm32f1xx.o(.constdata)
    APBPrescTable                            0x08003b36   Data           8  system_stm32f1xx.o(.constdata)
    __ctype_categories                       0x08003ba0   Data          64  ctype_c.o(.constdata)
    Region$$Table$$Base                      0x08003be0   Number         0  anon$$obj.o(Region$$Table)
    Region$$Table$$Limit                     0x08003c00   Number         0  anon$$obj.o(Region$$Table)
    DWT_CNT                                  0x20000000   Data           4  main.o(.data)
    dt                                       0x20000004   Data           4  main.o(.data)
    T                                        0x20000008   Data           4  main.o(.data)
    velocity_aim                             0x2000000c   Data           4  main.o(.data)
    voltage_input                            0x20000010   Data           4  main.o(.data)
    angle_aim                                0x20000014   Data           4  main.o(.data)
    uwTickFreq                               0x20000018   Data           1  stm32f1xx_hal.o(.data)
    uwTickPrio                               0x2000001c   Data           4  stm32f1xx_hal.o(.data)
    uwTick                                   0x20000020   Data           4  stm32f1xx_hal.o(.data)
    SystemCoreClock                          0x20000024   Data           4  system_stm32f1xx.o(.data)
    CPU_FREQ_Hz                              0x20000028   Data           4  bsp_dwt.o(.data)
    __stdout                                 0x20000044   Data           4  stdout.o(.data)
    Motor                                    0x2000004c   Data          80  main.o(.bss)
    real                                     0x2000009c   Data          20  main.o(.bss)
    receive_data                             0x200000b0   Data          60  main.o(.bss)
    str                                      0x200000ec   Data          61  main.o(.bss)
    pid                                      0x2000012c   Data          24  main.o(.bss)
    huart1                                   0x20000144   Data          72  usart.o(.bss)
    hdma_usart1_rx                           0x2000018c   Data          68  usart.o(.bss)
    hdma_usart1_tx                           0x200001d0   Data          68  usart.o(.bss)
    __initial_sp                             0x20000618   Data           0  startup_stm32f103xe.o(STACK)



==============================================================================

Memory Map of the image

  Image Entry point : 0x08000131

  Load Region LR_IROM1 (Base: 0x08000000, Size: 0x00003c4c, Max: 0x00040000, ABSOLUTE)

    Execution Region ER_IROM1 (Exec base: 0x08000000, Load base: 0x08000000, Size: 0x00003c00, Max: 0x00040000, ABSOLUTE)

    Exec Addr    Load Addr    Size         Type   Attr      Idx    E Section Name        Object

    0x08000000   0x08000000   0x00000130   Data   RO            3    RESET               startup_stm32f103xe.o
    0x08000130   0x08000130   0x00000000   Code   RO         2014  * .ARM.Collect$$$$00000000  mc_w.l(entry.o)
    0x08000130   0x08000130   0x00000004   Code   RO         2338    .ARM.Collect$$$$00000001  mc_w.l(entry2.o)
    0x08000134   0x08000134   0x00000004   Code   RO         2341    .ARM.Collect$$$$00000004  mc_w.l(entry5.o)
    0x08000138   0x08000138   0x00000000   Code   RO         2343    .ARM.Collect$$$$00000008  mc_w.l(entry7b.o)
    0x08000138   0x08000138   0x00000000   Code   RO         2345    .ARM.Collect$$$$0000000A  mc_w.l(entry8b.o)
    0x08000138   0x08000138   0x00000008   Code   RO         2346    .ARM.Collect$$$$0000000B  mc_w.l(entry9a.o)
    0x08000140   0x08000140   0x00000000   Code   RO         2348    .ARM.Collect$$$$0000000D  mc_w.l(entry10a.o)
    0x08000140   0x08000140   0x00000000   Code   RO         2350    .ARM.Collect$$$$0000000F  mc_w.l(entry11a.o)
    0x08000140   0x08000140   0x00000004   Code   RO         2339    .ARM.Collect$$$$00002712  mc_w.l(entry2.o)
    0x08000144   0x08000144   0x00000024   Code   RO            4    .text               startup_stm32f103xe.o
    0x08000168   0x08000168   0x00000020   Code   RO         2017    .text               mc_w.l(llushr.o)
    0x08000188   0x08000188   0x00000024   Code   RO         2019    .text               mc_w.l(rand.o)
    0x080001ac   0x080001ac   0x00000024   Code   RO         2022    .text               mc_w.l(memseta.o)
    0x080001d0   0x080001d0   0x00000038   Code   RO         2285    .text               mc_w.l(__0sscanf.o)
    0x08000208   0x08000208   0x00000360   Code   RO         2287    .text               mc_w.l(scanf_fp.o)
    0x08000568   0x08000568   0x000000b0   Code   RO         2291    .text               mf_w.l(fadd.o)
    0x08000618   0x08000618   0x00000064   Code   RO         2293    .text               mf_w.l(fmul.o)
    0x0800067c   0x0800067c   0x0000007c   Code   RO         2295    .text               mf_w.l(fdiv.o)
    0x080006f8   0x080006f8   0x00000018   Code   RO         2297    .text               mf_w.l(fscalb.o)
    0x08000710   0x08000710   0x000000e4   Code   RO         2299    .text               mf_w.l(dmul.o)
    0x080007f4   0x080007f4   0x0000002e   Code   RO         2301    .text               mf_w.l(dscalb.o)
    0x08000822   0x08000822   0x00000012   Code   RO         2303    .text               mf_w.l(fflti.o)
    0x08000834   0x08000834   0x0000000a   Code   RO         2305    .text               mf_w.l(ffltui.o)
    0x0800083e   0x0800083e   0x00000022   Code   RO         2307    .text               mf_w.l(dflti.o)
    0x08000860   0x08000860   0x00000032   Code   RO         2309    .text               mf_w.l(ffixi.o)
    0x08000892   0x08000892   0x00000026   Code   RO         2311    .text               mf_w.l(f2d.o)
    0x080008b8   0x080008b8   0x00000038   Code   RO         2313    .text               mf_w.l(d2f.o)
    0x080008f0   0x080008f0   0x00000014   Code   RO         2315    .text               mf_w.l(cfcmple.o)
    0x08000904   0x08000904   0x00000014   Code   RO         2317    .text               mf_w.l(cfrcmple.o)
    0x08000918   0x08000918   0x0000002c   Code   RO         2353    .text               mc_w.l(uidiv.o)
    0x08000944   0x08000944   0x00000062   Code   RO         2355    .text               mc_w.l(uldiv.o)
    0x080009a6   0x080009a6   0x00000002   PAD
    0x080009a8   0x080009a8   0x00000028   Code   RO         2364    .text               mc_w.l(scanf_char.o)
    0x080009d0   0x080009d0   0x00000040   Code   RO         2366    .text               mc_w.l(_sgetc.o)
    0x08000a10   0x08000a10   0x00000000   Code   RO         2368    .text               mc_w.l(iusefp.o)
    0x08000a10   0x08000a10   0x0000006e   Code   RO         2369    .text               mf_w.l(fepilogue.o)
    0x08000a7e   0x08000a7e   0x0000005e   Code   RO         2371    .text               mf_w.l(fsqrt.o)
    0x08000adc   0x08000adc   0x0000003c   Code   RO         2373    .text               mf_w.l(frnd.o)
    0x08000b18   0x08000b18   0x000000ba   Code   RO         2375    .text               mf_w.l(depilogue.o)
    0x08000bd2   0x08000bd2   0x0000014e   Code   RO         2377    .text               mf_w.l(dadd.o)
    0x08000d20   0x08000d20   0x000000de   Code   RO         2379    .text               mf_w.l(ddiv.o)
    0x08000dfe   0x08000dfe   0x00000018   Code   RO         2381    .text               mf_w.l(dfltul.o)
    0x08000e16   0x08000e16   0x00000030   Code   RO         2383    .text               mf_w.l(dfixul.o)
    0x08000e46   0x08000e46   0x00000002   PAD
    0x08000e48   0x08000e48   0x00000030   Code   RO         2385    .text               mf_w.l(cdrcmple.o)
    0x08000e78   0x08000e78   0x00000024   Code   RO         2387    .text               mc_w.l(init.o)
    0x08000e9c   0x08000e9c   0x0000001e   Code   RO         2389    .text               mc_w.l(llshl.o)
    0x08000eba   0x08000eba   0x00000024   Code   RO         2391    .text               mc_w.l(llsshr.o)
    0x08000ede   0x08000ede   0x0000000a   Code   RO         2393    .text               mc_w.l(isspace_c.o)
    0x08000ee8   0x08000ee8   0x0000032c   Code   RO         2395    .text               mc_w.l(_scanf.o)
    0x08001214   0x08001214   0x00000028   Code   RO         2397    .text               mc_w.l(ctype_c.o)
    0x0800123c   0x0800123c   0x00000002   Code   RO          276    i.BusFault_Handler  stm32f1xx_it.o
    0x0800123e   0x0800123e   0x00000002   PAD
    0x08001240   0x08001240   0x0000000c   Code   RO          277    i.DMA1_Channel4_IRQHandler  stm32f1xx_it.o
    0x0800124c   0x0800124c   0x0000000c   Code   RO          278    i.DMA1_Channel5_IRQHandler  stm32f1xx_it.o
    0x08001258   0x08001258   0x0000002a   Code   RO         1252    i.DMA_SetConfig     stm32f1xx_hal_dma.o
    0x08001282   0x08001282   0x00000002   PAD
    0x08001284   0x08001284   0x00000034   Code   RO         1887    i.DWT_GetDeltaT     bsp_dwt.o
    0x080012b8   0x080012b8   0x00000034   Code   RO         1888    i.DWT_Init          bsp_dwt.o
    0x080012ec   0x080012ec   0x00000002   Code   RO          279    i.DebugMon_Handler  stm32f1xx_it.o
    0x080012ee   0x080012ee   0x00000008   Code   RO          280    i.EXTI15_10_IRQHandler  stm32f1xx_it.o
    0x080012f6   0x080012f6   0x00000004   Code   RO           13    i.Error_Handler     main.o
    0x080012fa   0x080012fa   0x00000002   PAD
    0x080012fc   0x080012fc   0x0000009c   Code   RO         1917    i.Gauss_Rand        motor_simulation.lib(motor_simulation.o)
    0x08001398   0x08001398   0x00000004   Code   RO         1918    i.Get_Motor_Angle   motor_simulation.lib(motor_simulation.o)
    0x0800139c   0x0800139c   0x00000004   Code   RO         1919    i.Get_Motor_Current  motor_simulation.lib(motor_simulation.o)
    0x080013a0   0x080013a0   0x00000004   Code   RO         1920    i.Get_Motor_Velocity  motor_simulation.lib(motor_simulation.o)
    0x080013a4   0x080013a4   0x00000046   Code   RO         1253    i.HAL_DMA_Abort     stm32f1xx_hal_dma.o
    0x080013ea   0x080013ea   0x00000002   PAD
    0x080013ec   0x080013ec   0x00000248   Code   RO         1258    i.HAL_DMA_IRQHandler  stm32f1xx_hal_dma.o
    0x08001634   0x08001634   0x0000007c   Code   RO         1259    i.HAL_DMA_Init      stm32f1xx_hal_dma.o
    0x080016b0   0x080016b0   0x00000070   Code   RO         1263    i.HAL_DMA_Start_IT  stm32f1xx_hal_dma.o
    0x08001720   0x08001720   0x00000024   Code   RO          879    i.HAL_Delay         stm32f1xx_hal.o
    0x08001744   0x08001744   0x00000002   Code   RO         1187    i.HAL_GPIO_EXTI_Callback  stm32f1xx_hal_gpio.o
    0x08001746   0x08001746   0x00000002   PAD
    0x08001748   0x08001748   0x00000018   Code   RO         1188    i.HAL_GPIO_EXTI_IRQHandler  stm32f1xx_hal_gpio.o
    0x08001760   0x08001760   0x000001f8   Code   RO         1189    i.HAL_GPIO_Init     stm32f1xx_hal_gpio.o
    0x08001958   0x08001958   0x0000000c   Code   RO          883    i.HAL_GetTick       stm32f1xx_hal.o
    0x08001964   0x08001964   0x00000010   Code   RO          889    i.HAL_IncTick       stm32f1xx_hal.o
    0x08001974   0x08001974   0x00000024   Code   RO          890    i.HAL_Init          stm32f1xx_hal.o
    0x08001998   0x08001998   0x00000040   Code   RO          891    i.HAL_InitTick      stm32f1xx_hal.o
    0x080019d8   0x080019d8   0x0000003c   Code   RO          376    i.HAL_MspInit       stm32f1xx_hal_msp.o
    0x08001a14   0x08001a14   0x0000001a   Code   RO         1349    i.HAL_NVIC_EnableIRQ  stm32f1xx_hal_cortex.o
    0x08001a2e   0x08001a2e   0x00000002   PAD
    0x08001a30   0x08001a30   0x00000040   Code   RO         1355    i.HAL_NVIC_SetPriority  stm32f1xx_hal_cortex.o
    0x08001a70   0x08001a70   0x00000024   Code   RO         1356    i.HAL_NVIC_SetPriorityGrouping  stm32f1xx_hal_cortex.o
    0x08001a94   0x08001a94   0x0000012c   Code   RO         1047    i.HAL_RCC_ClockConfig  stm32f1xx_hal_rcc.o
    0x08001bc0   0x08001bc0   0x00000020   Code   RO         1054    i.HAL_RCC_GetPCLK1Freq  stm32f1xx_hal_rcc.o
    0x08001be0   0x08001be0   0x00000020   Code   RO         1055    i.HAL_RCC_GetPCLK2Freq  stm32f1xx_hal_rcc.o
    0x08001c00   0x08001c00   0x0000004c   Code   RO         1056    i.HAL_RCC_GetSysClockFreq  stm32f1xx_hal_rcc.o
    0x08001c4c   0x08001c4c   0x00000320   Code   RO         1059    i.HAL_RCC_OscConfig  stm32f1xx_hal_rcc.o
    0x08001f6c   0x08001f6c   0x00000028   Code   RO         1360    i.HAL_SYSTICK_Config  stm32f1xx_hal_cortex.o
    0x08001f94   0x08001f94   0x00000002   Code   RO          521    i.HAL_UARTEx_RxEventCallback  stm32f1xx_hal_uart.o
    0x08001f96   0x08001f96   0x00000070   Code   RO          533    i.HAL_UART_DMAStop  stm32f1xx_hal_uart.o
    0x08002006   0x08002006   0x00000002   Code   RO          535    i.HAL_UART_ErrorCallback  stm32f1xx_hal_uart.o
    0x08002008   0x08002008   0x00000064   Code   RO          539    i.HAL_UART_Init     stm32f1xx_hal_uart.o
    0x0800206c   0x0800206c   0x000000dc   Code   RO          235    i.HAL_UART_MspInit  usart.o
    0x08002148   0x08002148   0x0000001c   Code   RO          543    i.HAL_UART_Receive_DMA  stm32f1xx_hal_uart.o
    0x08002164   0x08002164   0x00000002   Code   RO          545    i.HAL_UART_RxCpltCallback  stm32f1xx_hal_uart.o
    0x08002166   0x08002166   0x00000002   Code   RO          546    i.HAL_UART_RxHalfCpltCallback  stm32f1xx_hal_uart.o
    0x08002168   0x08002168   0x0000009a   Code   RO          547    i.HAL_UART_Transmit  stm32f1xx_hal_uart.o
    0x08002202   0x08002202   0x00000002   Code   RO          281    i.HardFault_Handler  stm32f1xx_it.o
    0x08002204   0x08002204   0x0000003c   Code   RO          210    i.MX_DMA_Init       dma.o
    0x08002240   0x08002240   0x00000060   Code   RO          186    i.MX_GPIO_Init      gpio.o
    0x080022a0   0x080022a0   0x00000038   Code   RO          236    i.MX_USART1_UART_Init  usart.o
    0x080022d8   0x080022d8   0x00000002   Code   RO          282    i.MemManage_Handler  stm32f1xx_it.o
    0x080022da   0x080022da   0x00000002   PAD
    0x080022dc   0x080022dc   0x00000050   Code   RO         1921    i.Motor_Object_Init  motor_simulation.lib(motor_simulation.o)
    0x0800232c   0x0800232c   0x000001bc   Code   RO         1922    i.Motor_Simulation  motor_simulation.lib(motor_simulation.o)
    0x080024e8   0x080024e8   0x00000002   Code   RO          283    i.NMI_Handler       stm32f1xx_it.o
    0x080024ea   0x080024ea   0x00000002   Code   RO          284    i.PendSV_Handler    stm32f1xx_it.o
    0x080024ec   0x080024ec   0x00000002   Code   RO          285    i.SVC_Handler       stm32f1xx_it.o
    0x080024ee   0x080024ee   0x00000004   Code   RO          286    i.SysTick_Handler   stm32f1xx_it.o
    0x080024f2   0x080024f2   0x0000005e   Code   RO           14    i.SystemClock_Config  main.o
    0x08002550   0x08002550   0x00000002   Code   RO         1850    i.SystemInit        system_stm32f1xx.o
    0x08002552   0x08002552   0x0000004a   Code   RO          553    i.UART_DMAError     stm32f1xx_hal_uart.o
    0x0800259c   0x0800259c   0x00000086   Code   RO          554    i.UART_DMAReceiveCplt  stm32f1xx_hal_uart.o
    0x08002622   0x08002622   0x0000001e   Code   RO          556    i.UART_DMARxHalfCplt  stm32f1xx_hal_uart.o
    0x08002640   0x08002640   0x0000004e   Code   RO          562    i.UART_EndRxTransfer  stm32f1xx_hal_uart.o
    0x0800268e   0x0800268e   0x0000001c   Code   RO          563    i.UART_EndTxTransfer  stm32f1xx_hal_uart.o
    0x080026aa   0x080026aa   0x00000002   PAD
    0x080026ac   0x080026ac   0x000000b8   Code   RO           15    i.UART_IDLE_Callback  main.o
    0x08002764   0x08002764   0x000000b8   Code   RO          565    i.UART_SetConfig    stm32f1xx_hal_uart.o
    0x0800281c   0x0800281c   0x00000090   Code   RO          566    i.UART_Start_Receive_DMA  stm32f1xx_hal_uart.o
    0x080028ac   0x080028ac   0x00000078   Code   RO          568    i.UART_WaitOnFlagUntilTimeout  stm32f1xx_hal_uart.o
    0x08002924   0x08002924   0x0000000c   Code   RO          287    i.USART1_IRQHandler  stm32f1xx_it.o
    0x08002930   0x08002930   0x00000002   Code   RO          288    i.UsageFault_Handler  stm32f1xx_it.o
    0x08002932   0x08002932   0x00000002   PAD
    0x08002934   0x08002934   0x00000020   Code   RO         2257    i.__0printf         mc_w.l(printfa.o)
    0x08002954   0x08002954   0x00000028   Code   RO         2259    i.__0sprintf        mc_w.l(printfa.o)
    0x0800297c   0x0800297c   0x00000026   Code   RO         2319    i.__ARM_fpclassifyf  m_ws.l(fpclassifyf.o)
    0x080029a2   0x080029a2   0x00000020   Code   RO         1362    i.__NVIC_SetPriority  stm32f1xx_hal_cortex.o
    0x080029c2   0x080029c2   0x0000000a   Code   RO         2321    i.__mathlib_flt_divzero  m_ws.l(funder.o)
    0x080029cc   0x080029cc   0x00000006   Code   RO         2322    i.__mathlib_flt_infnan  m_ws.l(funder.o)
    0x080029d2   0x080029d2   0x00000008   Code   RO         2324    i.__mathlib_flt_invalid  m_ws.l(funder.o)
    0x080029da   0x080029da   0x0000000a   Code   RO         2327    i.__mathlib_flt_underflow  m_ws.l(funder.o)
    0x080029e4   0x080029e4   0x00000168   Code   RO         2335    i.__mathlib_rredf2  m_ws.l(rredf.o)
    0x08002b4c   0x08002b4c   0x0000000e   Code   RO         2402    i.__scatterload_copy  mc_w.l(handlers.o)
    0x08002b5a   0x08002b5a   0x00000002   Code   RO         2403    i.__scatterload_null  mc_w.l(handlers.o)
    0x08002b5c   0x08002b5c   0x0000000e   Code   RO         2404    i.__scatterload_zeroinit  mc_w.l(handlers.o)
    0x08002b6a   0x08002b6a   0x00000002   PAD
    0x08002b6c   0x08002b6c   0x0000000c   Code   RO         2359    i.__set_errno       mc_w.l(errno.o)
    0x08002b78   0x08002b78   0x00000184   Code   RO         2264    i._fp_digits        mc_w.l(printfa.o)
    0x08002cfc   0x08002cfc   0x0000000e   Code   RO         2289    i._is_digit         mc_w.l(scanf_fp.o)
    0x08002d0a   0x08002d0a   0x00000002   PAD
    0x08002d0c   0x08002d0c   0x000006dc   Code   RO         2265    i._printf_core      mc_w.l(printfa.o)
    0x080033e8   0x080033e8   0x00000024   Code   RO         2266    i._printf_post_padding  mc_w.l(printfa.o)
    0x0800340c   0x0800340c   0x0000002e   Code   RO         2267    i._printf_pre_padding  mc_w.l(printfa.o)
    0x0800343a   0x0800343a   0x0000000a   Code   RO         2269    i._sputc            mc_w.l(printfa.o)
    0x08003444   0x08003444   0x0000006c   Code   RO           16    i.aPID              main.o
    0x080034b0   0x080034b0   0x0000017c   Code   RO         1981    i.cosf              m_ws.l(cosf.o)
    0x0800362c   0x0800362c   0x00000020   Code   RO         1923    i.float_rounding    motor_simulation.lib(motor_simulation.o)
    0x0800364c   0x0800364c   0x00000018   Code   RO          401    i.fputc             printf.o
    0x08003664   0x08003664   0x00000190   Code   RO         1989    i.logf              m_ws.l(logf.o)
    0x080037f4   0x080037f4   0x00000104   Code   RO           17    i.main              main.o
    0x080038f8   0x080038f8   0x00000188   Code   RO         1999    i.sinf              m_ws.l(sinf.o)
    0x08003a80   0x08003a80   0x0000002c   Code   RO         2007    i.sqrtf             m_ws.l(sqrtf.o)
    0x08003aac   0x08003aac   0x00000068   Code   RO           18    i.vPID              main.o
    0x08003b14   0x08003b14   0x00000012   Data   RO         1060    .constdata          stm32f1xx_hal_rcc.o
    0x08003b26   0x08003b26   0x00000010   Data   RO         1851    .constdata          system_stm32f1xx.o
    0x08003b36   0x08003b36   0x00000008   Data   RO         1852    .constdata          system_stm32f1xx.o
    0x08003b3e   0x08003b3e   0x00000002   PAD
    0x08003b40   0x08003b40   0x00000040   Data   RO         1990    .constdata          m_ws.l(logf.o)
    0x08003b80   0x08003b80   0x00000020   Data   RO         2336    .constdata          m_ws.l(rredf.o)
    0x08003ba0   0x08003ba0   0x00000040   Data   RO         2398    .constdata          mc_w.l(ctype_c.o)
    0x08003be0   0x08003be0   0x00000020   Data   RO         2400    Region$$Table       anon$$obj.o


    Execution Region RW_IRAM1 (Exec base: 0x20000000, Load base: 0x08003c00, Size: 0x00000618, Max: 0x0000c000, ABSOLUTE)

    Exec Addr    Load Addr    Size         Type   Attr      Idx    E Section Name        Object

    0x20000000   0x08003c00   0x00000018   Data   RW           20    .data               main.o
    0x20000018   0x08003c18   0x0000000c   Data   RW          897    .data               stm32f1xx_hal.o
    0x20000024   0x08003c24   0x00000004   Data   RW         1853    .data               system_stm32f1xx.o
    0x20000028   0x08003c28   0x00000004   Data   RW         1889    .data               bsp_dwt.o
    0x2000002c   0x08003c2c   0x00000014   Data   RW         1924    .data               motor_simulation.lib(motor_simulation.o)
    0x20000040   0x08003c40   0x00000004   Data   RW         2020    .data               mc_w.l(rand.o)
    0x20000044   0x08003c44   0x00000004   Data   RW         2352    .data               mc_w.l(stdout.o)
    0x20000048   0x08003c48   0x00000004   Data   RW         2360    .data               mc_w.l(errno.o)
    0x2000004c        -       0x000000f8   Zero   RW           19    .bss                main.o
    0x20000144        -       0x000000d0   Zero   RW          237    .bss                usart.o
    0x20000214   0x08003c4c   0x00000004   PAD
    0x20000218        -       0x00000400   Zero   RW            1    STACK               startup_stm32f103xe.o


==============================================================================

Image component sizes


      Code (inc. data)   RO Data    RW Data    ZI Data      Debug   Object Name

       104         28          0          4          0       1645   bsp_dwt.o
        60          4          0          0          0        834   dma.o
        96         12          0          0          0        935   gpio.o
       754         96          0         24        248     460238   main.o
        24          4          0          0          0       1740   printf.o
        36          8        304          0       1024        836   startup_stm32f103xe.o
       164         28          0         12          0       6785   stm32f1xx_hal.o
       198         14          0          0          0      29155   stm32f1xx_hal_cortex.o
       932         44          0          0          0       4539   stm32f1xx_hal_dma.o
       530         48          0          0          0       3528   stm32f1xx_hal_gpio.o
        60          8          0          0          0        938   stm32f1xx_hal_msp.o
      1240         84         18          0          0       5328   stm32f1xx_hal_rcc.o
      1194         20          0          0          0      11977   stm32f1xx_hal_uart.o
        64         18          0          0          0       6099   stm32f1xx_it.o
         2          0         24          4          0       1223   system_stm32f1xx.o
       276         28          0          0        208       2024   usart.o

    ----------------------------------------------------------------------
      5752        444        380         44       1484     537824   Object Totals
         0          0         32          0          0          0   (incl. Generated)
        18          0          2          0          4          0   (incl. Padding)

    ----------------------------------------------------------------------

      Code (inc. data)   RO Data    RW Data    ZI Data      Debug   Library Member Name

       380         52          0          0          0        124   cosf.o
        38          0          0          0          0         68   fpclassifyf.o
        34          0          0          0          0        272   funder.o
       400         38         64          0          0        132   logf.o
       360         16         32          0          0         88   rredf.o
       392         54          0          0          0        124   sinf.o
        44          0          0          0          0         80   sqrtf.o
        56          8          0          0          0         84   __0sscanf.o
       812          4          0          0          0        112   _scanf.o
        64          0          0          0          0         84   _sgetc.o
        40          6         64          0          0         68   ctype_c.o
         0          0          0          0          0          0   entry.o
         0          0          0          0          0          0   entry10a.o
         0          0          0          0          0          0   entry11a.o
         8          4          0          0          0          0   entry2.o
         4          0          0          0          0          0   entry5.o
         0          0          0          0          0          0   entry7b.o
         0          0          0          0          0          0   entry8b.o
         8          4          0          0          0          0   entry9a.o
        12          6          0          4          0         68   errno.o
        30          0          0          0          0          0   handlers.o
        36          8          0          0          0         68   init.o
        10          0          0          0          0         68   isspace_c.o
         0          0          0          0          0          0   iusefp.o
        30          0          0          0          0         68   llshl.o
        36          0          0          0          0         68   llsshr.o
        32          0          0          0          0         68   llushr.o
        36          0          0          0          0        108   memseta.o
      2308         96          0          0          0        604   printfa.o
        36         10          0          4          0        136   rand.o
        40          8          0          0          0         84   scanf_char.o
       878         12          0          0          0        216   scanf_fp.o
         0          0          0          4          0          0   stdout.o
        44          0          0          0          0         80   uidiv.o
        98          0          0          0          0         92   uldiv.o
        48          0          0          0          0         68   cdrcmple.o
        20          0          0          0          0         68   cfcmple.o
        20          0          0          0          0         68   cfrcmple.o
        56          0          0          0          0         88   d2f.o
       334          0          0          0          0        148   dadd.o
       222          0          0          0          0        100   ddiv.o
       186          0          0          0          0        176   depilogue.o
        48          0          0          0          0         68   dfixul.o
        34          0          0          0          0         76   dflti.o
        24          0          0          0          0         76   dfltul.o
       228          0          0          0          0         96   dmul.o
        46          0          0          0          0         80   dscalb.o
        38          0          0          0          0         68   f2d.o
       176          0          0          0          0        140   fadd.o
       124          0          0          0          0         88   fdiv.o
       110          0          0          0          0        168   fepilogue.o
        50          0          0          0          0         68   ffixi.o
        18          0          0          0          0         68   fflti.o
        10          0          0          0          0         68   ffltui.o
       100          0          0          0          0         76   fmul.o
        60          0          0          0          0         76   frnd.o
        24          0          0          0          0         68   fscalb.o
        94          0          0          0          0         96   fsqrt.o
       724         64          0         20          0       5422   motor_simulation.o

    ----------------------------------------------------------------------
      9068        390        160         32          0      10482   Library Totals
         8          0          0          0          0          0   (incl. Padding)

    ----------------------------------------------------------------------

      Code (inc. data)   RO Data    RW Data    ZI Data      Debug   Library Name

      1648        160         96          0          0        888   m_ws.l
      4618        166         64         12          0       2076   mc_w.l
      2070          0          0          0          0       2096   mf_w.l
       724         64          0         20          0       5422   motor_simulation.lib

    ----------------------------------------------------------------------
      9068        390        160         32          0      10482   Library Totals

    ----------------------------------------------------------------------

==============================================================================


      Code (inc. data)   RO Data    RW Data    ZI Data      Debug   

     14820        834        540         76       1484     541906   Grand Totals
     14820        834        540         76       1484     541906   ELF Image Totals
     14820        834        540         76          0          0   ROM Totals

==============================================================================

    Total RO  Size (Code + RO Data)                15360 (  15.00kB)
    Total RW  Size (RW Data + ZI Data)              1560 (   1.52kB)
    Total ROM Size (Code + RO Data + RW Data)      15436 (  15.07kB)

==============================================================================

